Archive member included to satisfy reference by file (symbol)

C:/nxp/MCUXpressoIDE_25.6.136/ide/plugins/com.nxp.mcuxpresso.tools.win32_25.6.0.202501151204/tools/bin/../lib/gcc/arm-none-eabi/14.2.1/../../../../arm-none-eabi/lib/thumb/v8-m.main+fp/hard\libcr_nohost_nf.a(_cr__main.o)
                              ./startup/startup_mcxn947_cm33_core0.o (__main)
C:/nxp/MCUXpressoIDE_25.6.136/ide/plugins/com.nxp.mcuxpresso.tools.win32_25.6.0.202501151204/tools/bin/../lib/gcc/arm-none-eabi/14.2.1/../../../../arm-none-eabi/lib/thumb/v8-m.main+fp/hard\libcr_c.a(memset.o)
                              ./source/lcd.o (memset)
C:/nxp/MCUXpressoIDE_25.6.136/ide/plugins/com.nxp.mcuxpresso.tools.win32_25.6.0.202501151204/tools/bin/../lib/gcc/arm-none-eabi/14.2.1/../../../../arm-none-eabi/lib/thumb/v8-m.main+fp/hard\libcr_c.a(alloc.o)
                              ./drivers/fsl_common.o (malloc)
C:/nxp/MCUXpressoIDE_25.6.136/ide/plugins/com.nxp.mcuxpresso.tools.win32_25.6.0.202501151204/tools/bin/../lib/gcc/arm-none-eabi/14.2.1/../../../../arm-none-eabi/lib/thumb/v8-m.main+fp/hard\libcr_c.a(errno.o)
                              ./utilities/str/fsl_str.o (errno)
C:/nxp/MCUXpressoIDE_25.6.136/ide/plugins/com.nxp.mcuxpresso.tools.win32_25.6.0.202501151204/tools/bin/../lib/gcc/arm-none-eabi/14.2.1/../../../../arm-none-eabi/lib/thumb/v8-m.main+fp/hard\libcr_c.a(initio.o)
                              C:/nxp/MCUXpressoIDE_25.6.136/ide/plugins/com.nxp.mcuxpresso.tools.win32_25.6.0.202501151204/tools/bin/../lib/gcc/arm-none-eabi/14.2.1/../../../../arm-none-eabi/lib/thumb/v8-m.main+fp/hard\libcr_nohost_nf.a(_cr__main.o) (_initio)
C:/nxp/MCUXpressoIDE_25.6.136/ide/plugins/com.nxp.mcuxpresso.tools.win32_25.6.0.202501151204/tools/bin/../lib/gcc/arm-none-eabi/14.2.1/../../../../arm-none-eabi/lib/thumb/v8-m.main+fp/hard\libcr_c.a(printf.o)
                              ./source/oled.o (_vsnprintf)
C:/nxp/MCUXpressoIDE_25.6.136/ide/plugins/com.nxp.mcuxpresso.tools.win32_25.6.0.202501151204/tools/bin/../lib/gcc/arm-none-eabi/14.2.1/../../../../arm-none-eabi/lib/thumb/v8-m.main+fp/hard\libcr_c.a(scanf.o)
                              ./utilities/str/fsl_str.o (strtoul)
C:/nxp/MCUXpressoIDE_25.6.136/ide/plugins/com.nxp.mcuxpresso.tools.win32_25.6.0.202501151204/tools/bin/../lib/gcc/arm-none-eabi/14.2.1/../../../../arm-none-eabi/lib/thumb/v8-m.main+fp/hard\libcr_c.a(setvbuf.o)
                              C:/nxp/MCUXpressoIDE_25.6.136/ide/plugins/com.nxp.mcuxpresso.tools.win32_25.6.0.202501151204/tools/bin/../lib/gcc/arm-none-eabi/14.2.1/../../../../arm-none-eabi/lib/thumb/v8-m.main+fp/hard\libcr_c.a(initio.o) (setvbuf)
C:/nxp/MCUXpressoIDE_25.6.136/ide/plugins/com.nxp.mcuxpresso.tools.win32_25.6.0.202501151204/tools/bin/../lib/gcc/arm-none-eabi/14.2.1/../../../../arm-none-eabi/lib/thumb/v8-m.main+fp/hard\libcr_c.a(strlen.o)
                              ./utilities/str/fsl_str.o (strlen)
C:/nxp/MCUXpressoIDE_25.6.136/ide/plugins/com.nxp.mcuxpresso.tools.win32_25.6.0.202501151204/tools/bin/../lib/gcc/arm-none-eabi/14.2.1/../../../../arm-none-eabi/lib/thumb/v8-m.main+fp/hard\libcr_c.a(ungetc.o)
                              C:/nxp/MCUXpressoIDE_25.6.136/ide/plugins/com.nxp.mcuxpresso.tools.win32_25.6.0.202501151204/tools/bin/../lib/gcc/arm-none-eabi/14.2.1/../../../../arm-none-eabi/lib/thumb/v8-m.main+fp/hard\libcr_c.a(scanf.o) (ungetc)
C:/nxp/MCUXpressoIDE_25.6.136/ide/plugins/com.nxp.mcuxpresso.tools.win32_25.6.0.202501151204/tools/bin/../lib/gcc/arm-none-eabi/14.2.1/../../../../arm-none-eabi/lib/thumb/v8-m.main+fp/hard\libcr_c.a(__fillbuf.o)
                              C:/nxp/MCUXpressoIDE_25.6.136/ide/plugins/com.nxp.mcuxpresso.tools.win32_25.6.0.202501151204/tools/bin/../lib/gcc/arm-none-eabi/14.2.1/../../../../arm-none-eabi/lib/thumb/v8-m.main+fp/hard\libcr_c.a(scanf.o) (__filbuf)
C:/nxp/MCUXpressoIDE_25.6.136/ide/plugins/com.nxp.mcuxpresso.tools.win32_25.6.0.202501151204/tools/bin/../lib/gcc/arm-none-eabi/14.2.1/../../../../arm-none-eabi/lib/thumb/v8-m.main+fp/hard\libcr_c.a(__init_alloc.o)
                              C:/nxp/MCUXpressoIDE_25.6.136/ide/plugins/com.nxp.mcuxpresso.tools.win32_25.6.0.202501151204/tools/bin/../lib/gcc/arm-none-eabi/14.2.1/../../../../arm-none-eabi/lib/thumb/v8-m.main+fp/hard\libcr_c.a(alloc.o) (__heaps)
C:/nxp/MCUXpressoIDE_25.6.136/ide/plugins/com.nxp.mcuxpresso.tools.win32_25.6.0.202501151204/tools/bin/../lib/gcc/arm-none-eabi/14.2.1/../../../../arm-none-eabi/lib/thumb/v8-m.main+fp/hard\libcr_c.a(_cr_sbrk.o)
                              C:/nxp/MCUXpressoIDE_25.6.136/ide/plugins/com.nxp.mcuxpresso.tools.win32_25.6.0.202501151204/tools/bin/../lib/gcc/arm-none-eabi/14.2.1/../../../../arm-none-eabi/lib/thumb/v8-m.main+fp/hard\libcr_c.a(alloc.o) (_sbrk)
C:/nxp/MCUXpressoIDE_25.6.136/ide/plugins/com.nxp.mcuxpresso.tools.win32_25.6.0.202501151204/tools/bin/../lib/gcc/arm-none-eabi/14.2.1/../../../../arm-none-eabi/lib/thumb/v8-m.main+fp/hard\libcr_c.a(_deferredlazyseek.o)
[...]
Memory Configuration

Name             Origin             Length             Attributes
PROGRAM_FLASH0   0x00000000         0x00100000         xr
PROGRAM_FLASH1   0x00100000         0x00100000         xr
SRAM             0x20000000         0x00060000         xrw
SRAMX            0x04000000         0x00018000         xrw
SRAMH            0x20060000         0x00008000         xrw
USB_RAM          0x400ba000         0x00001000         xrw
*default*        0x00000000         0xffffffff

Linker script and memory map

LOAD ./utilities/str/fsl_str.o
LOAD ./utilities/debug_console_lite/fsl_debug_console.o
LOAD ./utilities/fsl_assert.o
LOAD ./utilities/fsl_memcpy.o
LOAD ./startup/boot_multicore_slave.o
LOAD ./startup/startup_mcxn947_cm33_core0.o
LOAD ./source/buzzer.o
LOAD ./source/distance_sensor.o
LOAD ./source/draw.o
LOAD ./source/framebuffer.o
LOAD ./source/game_logic.o
LOAD ./source/i2c_bus.o
LOAD ./source/lcd.o
LOAD ./source/lcd_score.o
LOAD ./source/main.o
LOAD ./source/oled.o
LOAD ./source/pot.o
LOAD ./source/semihost_hardfault.o
LOAD ./source/servo.o
LOAD ./drivers/fsl_clock.o
LOAD ./drivers/fsl_common.o
LOAD ./drivers/fsl_common_arm.o
LOAD ./drivers/fsl_gpio.o
LOAD ./drivers/fsl_lpadc.o
LOAD ./drivers/fsl_lpflexcomm.o
LOAD ./drivers/fsl_lpi2c.o
LOAD ./drivers/fsl_lpuart.o
LOAD ./drivers/fsl_reset.o
LOAD ./drivers/fsl_spc.o
LOAD ./drivers/fsl_vref.o
LOAD ./device/system_MCXN947_cm33_core0.o
LOAD ./component/uart/fsl_adapter_lpuart.o
LOAD ./board/board.o
LOAD ./board/clock_config.o
LOAD ./board/hardware_init.o
LOAD ./board/peripherals.o
LOAD ./board/pin_mux.o
START GROUP
LOAD C:/nxp/MCUXpressoIDE_25.6.136/ide/plugins/com.nxp.mcuxpresso.tools.win32_25.6.0.202501151204/tools/bin/../lib/gcc/arm-none-eabi/14.2.1/../../../../arm-none-eabi/lib/thumb/v8-m.main+fp/hard\libcr_nohost_nf.a
LOAD C:/nxp/MCUXpressoIDE_25.6.136/ide/plugins/com.nxp.mcuxpresso.tools.win32_25.6.0.202501151204/tools/bin/../lib/gcc/arm-none-eabi/14.2.1/../../../../arm-none-eabi/lib/thumb/v8-m.main+fp/hard\libcr_c.a
LOAD C:/nxp/MCUXpressoIDE_25.6.136/ide/plugins/com.nxp.mcuxpresso.tools.win32_25.6.0.202501151204/tools/bin/../lib/gcc/arm-none-eabi/14.2.1/thumb/v8-m.main+fp/hard\libcr_eabihelpers.a
LOAD C:/nxp/MCUXpressoIDE_25.6.136/ide/plugins/com.nxp.mcuxpresso.tools.win32_25.6.0.202501151204/tools/bin/../lib/gcc/arm-none-eabi/14.2.1/thumb/v8-m.main+fp/hard\libgcc.a
END GROUP
                0x00000000                        __base_PROGRAM_FLASH0 = 0x0
                0x00000000                        __base_Flash = 0x0
                0x00100000                        __top_PROGRAM_FLASH0 = 0x100000
                0x00100000                        __top_Flash = 0x100000
                0x00100000                        __base_PROGRAM_FLASH1 = 0x100000
                0x00100000                        __base_Flash2 = 0x100000
                0x00200000                        __top_PROGRAM_FLASH1 = 0x200000
                0x00200000                        __top_Flash2 = 0x200000
                0x20000000                        __base_SRAM = 0x20000000
                0x20000000                        __base_RAM = 0x20000000
                0x20060000                        __top_SRAM = 0x20060000
                0x20060000                        __top_RAM = 0x20060000
                0x04000000                        __base_SRAMX = 0x4000000
                0x04000000                        __base_RAM2 = 0x4000000
                0x04018000                        __top_SRAMX = 0x4018000
                0x04018000                        __top_RAM2 = 0x4018000
                0x20060000                        __base_SRAMH = 0x20060000
                0x20060000                        __base_RAM3 = 0x20060000
                0x20068000                        __top_SRAMH = 0x20068000
                0x20068000                        __top_RAM3 = 0x20068000
                0x400ba000                        __base_USB_RAM = 0x400ba000
                0x400ba000                        __base_RAM4 = 0x400ba000
                0x400bb000                        __top_USB_RAM = 0x400bb000
                0x400bb000                        __top_RAM4 = 0x400bb000

.text_Flash2    0x00100000        0x0
 FILL mask 0xff
 *(SORT_BY_ALIGNMENT(.text_Flash2))
 *(SORT_BY_ALIGNMENT(.text_PROGRAM_FLASH1))
 *(SORT_BY_ALIGNMENT(.text.$Flash2))
 *(SORT_BY_ALIGNMENT(.text.$PROGRAM_FLASH1))
 *(SORT_BY_ALIGNMENT(.text_Flash2.*))
 *(SORT_BY_ALIGNMENT(.text_PROGRAM_FLASH1.*))
 *(SORT_BY_ALIGNMENT(.text.$Flash2.*))
 *(SORT_BY_ALIGNMENT(.text.$PROGRAM_FLASH1.*))
 *(SORT_BY_ALIGNMENT(.rodata.$Flash2))
 *(SORT_BY_ALIGNMENT(.rodata.$PROGRAM_FLASH1))
 *(SORT_BY_ALIGNMENT(.rodata.$Flash2.*))
 *(SORT_BY_ALIGNMENT(.rodata.$PROGRAM_FLASH1.*))

.text           0x00000000     0x8dac
 FILL mask 0xff
                0x00000000                        __vectors_start__ = ABSOLUTE (.)
 *(SORT_BY_ALIGNMENT(.isr_vector))
 .isr_vector    0x00000000      0x2b0 ./startup/startup_mcxn947_cm33_core0.o
                0x00000000                g_pfnVectors
                0x00000000                __Vectors
                0x000002b0                        . = ALIGN (0x4)
                0x000002b0                        __section_table_start = .
                0x000002b0                        __data_section_table = .
                0x000002b0        0x4 LONG 0x8dac LOADADDR (.data)
                0x000002b4        0x4 LONG 0x20000000 ADDR (.data)
                0x000002b8        0x4 LONG 0x24 SIZEOF (.data)
                0x000002bc        0x4 LONG 0x8dac LOADADDR (.data_RAM2)
                0x000002c0        0x4 LONG 0x4000000 ADDR (.data_RAM2)
                0x000002c4        0x4 LONG 0x0 SIZEOF (.data_RAM2)
                0x000002c8        0x4 LONG 0x8dac LOADADDR (.data_RAM3)
                0x000002cc        0x4 LONG 0x20060000 ADDR (.data_RAM3)
                0x000002d0        0x4 LONG 0x0 SIZEOF (.data_RAM3)
                0x000002d4        0x4 LONG 0x8dac LOADADDR (.data_RAM4)
                0x000002d8        0x4 LONG 0x400ba000 ADDR (.data_RAM4)
                0x000002dc        0x4 LONG 0x0 SIZEOF (.data_RAM4)
                0x000002e0                        __data_section_table_end = .
                0x000002e0                        __bss_section_table = .
                0x000002e0        0x4 LONG 0x20000024 ADDR (.bss)
                0x000002e4        0x4 LONG 0x654 SIZEOF (.bss)
                0x000002e8        0x4 LONG 0x4000000 ADDR (.bss_RAM2)
                0x000002ec        0x4 LONG 0x0 SIZEOF (.bss_RAM2)
                0x000002f0        0x4 LONG 0x20060000 ADDR (.bss_RAM3)
                0x000002f4        0x4 LONG 0x0 SIZEOF (.bss_RAM3)
                0x000002f8        0x4 LONG 0x400ba000 ADDR (.bss_RAM4)
                0x000002fc        0x4 LONG 0x0 SIZEOF (.bss_RAM4)
                0x00000300                        __bss_section_table_end = .
                0x00000300                        __section_table_end = .
 *(SORT_BY_ALIGNMENT(.after_vectors*))
 .after_vectors.reset
                0x00000300       0x68 ./startup/startup_mcxn947_cm33_core0.o
                0x00000300                ResetISR
 .after_vectors.init_data
                0x00000368       0x1e ./startup/startup_mcxn947_cm33_core0.o
                0x00000368                data_init
 .after_vectors.init_bss
                0x00000386       0x12 ./startup/startup_mcxn947_cm33_core0.o
                0x00000386                bss_init
 .after_vectors
                0x00000398       0x16 ./startup/startup_mcxn947_cm33_core0.o
                0x00000398                NMI_Handler
                0x0000039c                MemManage_Handler
                0x0000039e                BusFault_Handler
                0x000003a0                UsageFault_Handler
                0x000003a2                SecureFault_Handler
                0x000003a4                SVC_Handler
                0x000003a6                DebugMon_Handler
                0x000003a8                PendSV_Handler
                0x000003aa                SysTick_Handler
                0x000003ac                PKC_ERR_DriverIRQHandler
                0x000003ac                QDC1_HOME_DriverIRQHandler
                0x000003ac                EDMA_0_CH5_DriverIRQHandler
                0x000003ac                EDMA_0_CH14_DriverIRQHandler
                0x000003ac                EDMA_1_CH0_DriverIRQHandler
                0x000003ac                I3C0_DriverIRQHandler
                0x000003ac                CMC0_DriverIRQHandler
                0x000003ac                EDMA_0_CH15_DriverIRQHandler
                0x000003ac                LPTMR0_DriverIRQHandler
                0x000003ac                EDMA_0_CH2_DriverIRQHandler
                0x000003ac                USB0_FS_DriverIRQHandler
                0x000003ac                FLEXPWM1_SUBMODULE1_DriverIRQHandler
                0x000003ac                FLEXPWM0_SUBMODULE1_DriverIRQHandler
                0x000003ac                SCG_DriverIRQHandler
                0x000003ac                EDMA_1_CH13_DriverIRQHandler
                0x000003ac                EDMA_1_CH11_DriverIRQHandler
                0x000003ac                FLEXPWM0_RELOAD_ERROR_DriverIRQHandler
                0x000003ac                QDC0_HOME_DriverIRQHandler
                0x000003ac                Reserved167_DriverIRQHandler
                0x000003ac                EDMA_1_CH9_DriverIRQHandler
                0x000003ac                SEC_VIO_DriverIRQHandler
                0x000003ac                ERM_MULTI_BIT_ERROR_DriverIRQHandler
                0x000003ac                GPIO31_DriverIRQHandler
                0x000003ac                EWM0_DriverIRQHandler
                0x000003ac                PKC_DriverIRQHandler
                0x000003ac                EDMA_0_CH10_DriverIRQHandler
                0x000003ac                USB1_HS_PHY_DriverIRQHandler
                0x000003ac                QDC0_IDX_DriverIRQHandler
                0x000003ac                ELS_DriverIRQHandler
                0x000003ac                Reserved166_DriverIRQHandler
                0x000003ac                EDMA_1_CH2_DriverIRQHandler
                0x000003ac                ETHERNET_DriverIRQHandler
                0x000003ac                QDC1_IDX_DriverIRQHandler
                0x000003ac                EDMA_1_CH14_DriverIRQHandler
                0x000003ac                FLEXPWM1_SUBMODULE3_DriverIRQHandler
                0x000003ac                EDMA_1_CH7_DriverIRQHandler
                0x000003ac                EDMA_1_CH6_DriverIRQHandler
                0x000003ac                DAC1_DriverIRQHandler
                0x000003ac                CTIMER2_DriverIRQHandler
                0x000003ac                EMVSIM0_DriverIRQHandler
                0x000003ac                ITRC0_DriverIRQHandler
                0x000003ac                EDMA_0_CH9_DriverIRQHandler
                0x000003ac                ETB0_DriverIRQHandler
                0x000003ac                WWDT1_DriverIRQHandler
                0x000003ac                Reserved80_DriverIRQHandler
                0x000003ac                IntDefaultHandler
                0x000003ac                ELS_ERR_DriverIRQHandler
                0x000003ac                FLEXIO_DriverIRQHandler
                0x000003ac                DAC0_DriverIRQHandler
                0x000003ac                MRT0_DriverIRQHandler
                0x000003ac                UTICK0_DriverIRQHandler
                0x000003ac                FLEXPWM0_SUBMODULE2_DriverIRQHandler
                0x000003ac                GPIO01_DriverIRQHandler
                0x000003ac                EDMA_0_CH3_DriverIRQHandler
                0x000003ac                WWDT0_DriverIRQHandler
                0x000003ac                USDHC0_DriverIRQHandler
                0x000003ac                GPIO00_DriverIRQHandler
                0x000003ac                EDMA_0_CH4_DriverIRQHandler
                0x000003ac                GPIO11_DriverIRQHandler
                0x000003ac                CTIMER4_DriverIRQHandler
                0x000003ac                BSP32_DriverIRQHandler
                0x000003ac                FLEXPWM0_FAULT_DriverIRQHandler
                0x000003ac                EDMA_1_CH1_DriverIRQHandler
                0x000003ac                SAI1_DriverIRQHandler
                0x000003ac                ERM_SINGLE_BIT_ERROR_DriverIRQHandler
                0x000003ac                GPIO21_DriverIRQHandler
                0x000003ac                FLEXPWM1_FAULT_DriverIRQHandler
                0x000003ac                GPIO30_DriverIRQHandler
                0x000003ac                CTIMER0_DriverIRQHandler
                0x000003ac                CTIMER1_DriverIRQHandler
                0x000003ac                QDC0_COMPARE_DriverIRQHandler
                0x000003ac                PINT0_DriverIRQHandler
                0x000003ac                ADC1_DriverIRQHandler
                0x000003ac                PQ_DriverIRQHandler
                0x000003ac                ETHERNET_MACLP_DriverIRQHandler
                0x000003ac                USB0_DCD_DriverIRQHandler
                0x000003ac                EDMA_0_CH11_DriverIRQHandler
                0x000003ac                MAILBOX_DriverIRQHandler
                0x000003ac                WUU_DriverIRQHandler
                0x000003ac                EDMA_0_CH6_DriverIRQHandler
                0x000003ac                CTIMER3_DriverIRQHandler
                0x000003ac                FLEXPWM1_SUBMODULE0_DriverIRQHandler
                0x000003ac                CDOG1_DriverIRQHandler
                0x000003ac                TSI_OUT_OF_SCAN_DriverIRQHandler
                0x000003ac                EDMA_1_CH4_DriverIRQHandler
                0x000003ac                PUF_DriverIRQHandler
                0x000003ac                SPC_DriverIRQHandler
                0x000003ac                RTC_DriverIRQHandler
                0x000003ac                VBAT0_DriverIRQHandler
                0x000003ac                Reserved65_DriverIRQHandler
                0x000003ac                HSCMP2_DriverIRQHandler
                0x000003ac                EDMA_0_CH0_DriverIRQHandler
                0x000003ac                EDMA_1_CH5_DriverIRQHandler
                0x000003ac                PDM_EVENT_DriverIRQHandler
                0x000003ac                Freqme_DriverIRQHandler
                0x000003ac                ETHERNET_PMT_DriverIRQHandler
                0x000003ac                FLEXPWM1_RELOAD_ERROR_DriverIRQHandler
                0x000003ac                FMU0_DriverIRQHandler
                0x000003ac                QDC1_COMPARE_DriverIRQHandler
                0x000003ac                EDMA_0_CH8_DriverIRQHandler
                0x000003ac                LPTMR1_DriverIRQHandler
                0x000003ac                GPIO40_DriverIRQHandler
                0x000003ac                CTI0_DriverIRQHandler
                0x000003ac                EDMA_1_CH3_DriverIRQHandler
                0x000003ac                EDMA_1_CH15_DriverIRQHandler
                0x000003ac                FLEXPWM1_SUBMODULE2_DriverIRQHandler
                0x000003ac                GPIO20_DriverIRQHandler
                0x000003ac                QDC1_WDG_SAB_DriverIRQHandler
                0x000003ac                EDMA_1_CH8_DriverIRQHandler
                0x000003ac                GDET_DriverIRQHandler
                0x000003ac                PORT_EFT_DriverIRQHandler
                0x000003ac                Reserved85_DriverIRQHandler
                0x000003ac                Reserved81_DriverIRQHandler
                0x000003ac                TSI_END_OF_SCAN_DriverIRQHandler
                0x000003ac                FLEXPWM0_SUBMODULE3_DriverIRQHandler
                0x000003ac                ADC0_DriverIRQHandler
                0x000003ac                OR_DriverIRQHandler
                0x000003ac                EDMA_0_CH13_DriverIRQHandler
                0x000003ac                USB1_HS_DriverIRQHandler
                0x000003ac                EDMA_0_CH1_DriverIRQHandler
                0x000003ac                DAC2_DriverIRQHandler
                0x000003ac                GPIO51_DriverIRQHandler
                0x000003ac                HSCMP0_DriverIRQHandler
                0x000003ac                EDMA_0_CH12_DriverIRQHandler
                0x000003ac                QDC0_WDG_SAB_DriverIRQHandler
                0x000003ac                CDOG0_DriverIRQHandler
                0x000003ac                CAN0_DriverIRQHandler
                0x000003ac                SMARTDMA_DriverIRQHandler
                0x000003ac                SAI0_DriverIRQHandler
                0x000003ac                EMVSIM1_DriverIRQHandler
                0x000003ac                I3C1_DriverIRQHandler
                0x000003ac                EDMA_0_CH7_DriverIRQHandler
                0x000003ac                HSCMP1_DriverIRQHandler
                0x000003ac                EDMA_1_CH10_DriverIRQHandler
                0x000003ac                EDMA_1_CH12_DriverIRQHandler
                0x000003ac                FLEXSPI0_DriverIRQHandler
                0x000003ac                GPIO50_DriverIRQHandler
                0x000003ac                GPIO10_DriverIRQHandler
                0x000003ac                SCT0_DriverIRQHandler
                0x000003ac                CAN1_DriverIRQHandler
                0x000003ac                PLU_DriverIRQHandler
                0x000003ac                FLEXPWM0_SUBMODULE0_DriverIRQHandler
                0x000003ac                OS_EVENT_DriverIRQHandler
                0x000003ac                SINC_FILTER_DriverIRQHandler
                0x000003ac                NPU_DriverIRQHandler
                0x000003ac                GPIO41_DriverIRQHandler
                0x000003ac                SEC_HYPERVISOR_CALL_DriverIRQHandler
 *(SORT_BY_ALIGNMENT(.text*))
 *fill*         0x000003ae        0x2 ff
 .text.DbgConsole_Init
                0x000003b0       0x88 ./utilities/debug_console_lite/fsl_debug_console.o
                0x000003b0                DbgConsole_Init
 .text.DbgConsole_Vprintf
                0x00000438       0x3c ./utilities/debug_console_lite/fsl_debug_console.o
                0x00000438                DbgConsole_Vprintf
 .text.DbgConsole_Putchar
                0x00000474       0x30 ./utilities/debug_console_lite/fsl_debug_console.o
                0x00000474                DbgConsole_Putchar
 .text.DbgConsole_PrintfFormattedData
                0x000004a4      0x3e0 ./utilities/debug_console_lite/fsl_debug_console.o
 .text.__assertion_failed
                0x00000884       0x3c ./utilities/fsl_assert.o
                0x00000884                __assertion_failed
 .text          0x000008c0       0xa0 ./utilities/fsl_memcpy.o
                0x000008c0                memcpy
 .text.Buzzer_Write
                0x00000960       0x34 ./source/buzzer.o
 .text.Buzzer_Init
                0x00000994       0x34 ./source/buzzer.o
                0x00000994                Buzzer_Init
 .text.Buzzer_Stop
                0x000009c8       0x18 ./source/buzzer.o
                0x000009c8                Buzzer_Stop
 .text.Buzzer_Beep
                0x000009e0       0x28 ./source/buzzer.o
                0x000009e0                Buzzer_Beep
 .text.Buzzer_Update
                0x00000a08       0x2c ./source/buzzer.o
                0x00000a08                Buzzer_Update
 .text.SysTick_ElapsedTicks
                0x00000a34       0x38 ./source/distance_sensor.o
 .text.UsToTicks
                0x00000a6c       0x74 ./source/distance_sensor.o
 .text.wait_for_echo_level
                0x00000ae0       0x54 ./source/distance_sensor.o
 .text.HCSR04_Init
                0x00000b34       0x78 ./source/distance_sensor.o
                0x00000b34                HCSR04_Init
 .text.HCSR04_ReadCm
                0x00000bac      0x140 ./source/distance_sensor.o
                0x00000bac                HCSR04_ReadCm
 .text.fb_clear
                0x00000cec       0x3c ./source/framebuffer.o
                0x00000cec                fb_clear
 .text.fb_set_pixel
                0x00000d28       0x80 ./source/framebuffer.o
                0x00000d28                fb_set_pixel
 .text.fb_flush_to_oled
                0x00000da8       0x48 ./source/framebuffer.o
                0x00000da8                fb_flush_to_oled
 .text.i2c_bus_init
                0x00000df0       0x48 ./source/i2c_bus.o
                0x00000df0                i2c_bus_init
 .text.bl_mask  0x00000e38       0x20 ./source/lcd.o
 .text.i2c_write_buf
                0x00000e58       0x48 ./source/lcd.o
 .text.send4bytes
                0x00000ea0       0x90 ./source/lcd.o
 .text.pcf8574_init
                0x00000f30       0x94 ./source/lcd.o
                0x00000f30                pcf8574_init
 .text.lcd_print_u16_2digits
                0x00000fc4       0x68 ./source/lcd_score.o
 .text.lcd_show_score
                0x0000102c       0x50 ./source/lcd_score.o
                0x0000102c                lcd_show_score
 .text.lcd_show_timer
                0x0000107c       0xb4 ./source/lcd_score.o
                0x0000107c                lcd_show_timer
 .text.lcd_clear_timer
                0x00001130       0x1c ./source/lcd_score.o
                0x00001130                lcd_clear_timer
 .text.rngNext  0x0000114c       0x30 ./source/main.o
 .text.updateAiPaddle
                0x0000117c       0x7c ./source/main.o
 .text.mapDistanceCmToPaddleY
                0x000011f8       0xb4 ./source/main.o
 .text.applyPotSensitivityGain
                0x000012ac       0x8c ./source/main.o
 .text.mapPotentiometerTopaddleY
                0x00001338       0x7c ./source/main.o
 .text.initCycleCounter
                0x000013b4       0x34 ./source/main.o
 .text.main     0x000013e8      0xdd8 ./source/main.o
                0x000013e8                main
 .text.oledDelay
                0x000021c0       0x30 ./source/oled.o
 .text.sendOLED
                0x000021f0       0x44 ./source/oled.o
                0x000021f0                sendOLED
 .text.initOLED
                0x00002234       0x58 ./source/oled.o
                0x00002234                initOLED
 .text.writeChar
                0x0000228c       0x34 ./source/oled.o
                0x0000228c                writeChar
 .text.Pot_ReadByTrigger
                0x000022c0       0x84 ./source/pot.o
 .text.Pot_Init
                0x00002344       0xa0 ./source/pot.o
                0x00002344                Pot_Init
 .text.angle_to_pulse_us
                0x000023e4       0x34 ./source/servo.o
 .text.Servo_Init
                0x00002418       0x3c ./source/servo.o
                0x00002418                Servo_Init
 .text.Servo_Update
                0x00002454       0xd0 ./source/servo.o
                0x00002454                Servo_Update
 .text.CLOCK_IsPLL0Locked
                0x00002524       0x28 ./drivers/fsl_clock.o
 .text.CLOCK_IsPLL1Locked
                0x0000254c       0x28 ./drivers/fsl_clock.o
 .text.CLOCK_SetupFROHFClocking
                0x00002574       0x9c ./drivers/fsl_clock.o
                0x00002574                CLOCK_SetupFROHFClocking
 .text.CLOCK_SetPll0MonitorMode
                0x00002610       0x38 ./drivers/fsl_clock.o
                0x00002610                CLOCK_SetPll0MonitorMode
 .text.CLOCK_AttachClk
                0x00002648       0xb0 ./drivers/fsl_clock.o
                0x00002648                CLOCK_AttachClk
 .text.CLOCK_SetClkDiv
                0x000026f8       0x54 ./drivers/fsl_clock.o
                0x000026f8                CLOCK_SetClkDiv
 .text.CLOCK_GetFreq
                0x0000274c      0x15c ./drivers/fsl_clock.o
                0x0000274c                CLOCK_GetFreq
 .text.CLOCK_GetLPFlexCommClkFreq
                0x000028a8       0xa0 ./drivers/fsl_clock.o
                0x000028a8                CLOCK_GetLPFlexCommClkFreq
 .text.CLOCK_GetPLL0InClockRate
                0x00002948       0x5c ./drivers/fsl_clock.o
                0x00002948                CLOCK_GetPLL0InClockRate
 .text.CLOCK_GetPLL1InClockRate
                0x000029a4       0x58 ./drivers/fsl_clock.o
                0x000029a4                CLOCK_GetPLL1InClockRate
 .text.CLOCK_SetPLL0Freq
                0x000029fc      0x10c ./drivers/fsl_clock.o
                0x000029fc                CLOCK_SetPLL0Freq
 .text.CLOCK_GetFro12MFreq
                0x00002b08       0x2c ./drivers/fsl_clock.o
 .text.CLOCK_GetClk1MFreq
                0x00002b34       0x14 ./drivers/fsl_clock.o
 .text.CLOCK_GetFroHfFreq
                0x00002b48       0x4c ./drivers/fsl_clock.o
 .text.CLOCK_GetClk48MFreq
                0x00002b94       0x2c ./drivers/fsl_clock.o
 .text.CLOCK_GetClk144MFreq
                0x00002bc0       0x2c ./drivers/fsl_clock.o
 .text.CLOCK_GetClk16KFreq
                0x00002bec       0x44 ./drivers/fsl_clock.o
 .text.CLOCK_GetExtClkFreq
                0x00002c30       0x2c ./drivers/fsl_clock.o
 .text.CLOCK_GetOsc32KFreq
                0x00002c5c       0x4c ./drivers/fsl_clock.o
 .text.CLOCK_GetMainClkFreq
                0x00002ca8       0x90 ./drivers/fsl_clock.o
                0x00002ca8                CLOCK_GetMainClkFreq
 .text.CLOCK_GetClockOutClkFreq
                0x00002d38       0xa8 ./drivers/fsl_clock.o
 .text.CLOCK_GetLposcFreq
                0x00002de0       0x48 ./drivers/fsl_clock.o
 .text.findPll0PreDiv
                0x00002e28       0x40 ./drivers/fsl_clock.o
 .text.findPll1PreDiv
                0x00002e68       0x40 ./drivers/fsl_clock.o
 .text.findPll0PostDiv
                0x00002ea8       0x60 ./drivers/fsl_clock.o
 .text.findPll1PostDiv
                0x00002f08       0x60 ./drivers/fsl_clock.o
 .text.findPll0MMult
                0x00002f68       0xac ./drivers/fsl_clock.o
 .text.findPll1MMult
                0x00003014       0xac ./drivers/fsl_clock.o
 .text.SDK_DelayAtLeastUs
                0x000030c0       0x8c ./drivers/fsl_common_arm.o
                0x000030c0                SDK_DelayAtLeastUs
 .text.GPIO_GetInstance
                0x0000314c       0x4c ./drivers/fsl_gpio.o
 .text.GPIO_PortClockEnable
                0x00003198       0x54 ./drivers/fsl_gpio.o
 .text.GPIO_PinInit
                0x000031ec       0x6c ./drivers/fsl_gpio.o
                0x000031ec                GPIO_PinInit
 .text.LPADC_GetInstance
                0x00003258       0x4c ./drivers/fsl_lpadc.o
 .text.LPADC_Init
                0x000032a4      0x170 ./drivers/fsl_lpadc.o
                0x000032a4                LPADC_Init
 .text.LPADC_GetConvResult
                0x00003414       0x70 ./drivers/fsl_lpadc.o
                0x00003414                LPADC_GetConvResult
 .text.LPADC_SetConvTriggerConfig
                0x00003484       0x8c ./drivers/fsl_lpadc.o
                0x00003484                LPADC_SetConvTriggerConfig
 .text.LPADC_GetDefaultConvTriggerConfig
                0x00003510       0x50 ./drivers/fsl_lpadc.o
                0x00003510                LPADC_GetDefaultConvTriggerConfig
 .text.LPADC_SetConvCommandConfig
                0x00003560      0x160 ./drivers/fsl_lpadc.o
                0x00003560                LPADC_SetConvCommandConfig
 .text.LPADC_GetDefaultConvCommandConfig
                0x000036c0       0x84 ./drivers/fsl_lpadc.o
                0x000036c0                LPADC_GetDefaultConvCommandConfig
 .text.LP_FLEXCOMM_GetBaseAddress
                0x00003744       0x2c ./drivers/fsl_lpflexcomm.o
                0x00003744                LP_FLEXCOMM_GetBaseAddress
 .text.LP_FLEXCOMM_GetInterruptStatus
                0x00003770       0x28 ./drivers/fsl_lpflexcomm.o
                0x00003770                LP_FLEXCOMM_GetInterruptStatus
 .text.LP_FLEXCOMM_SetPeriph
                0x00003798       0x94 ./drivers/fsl_lpflexcomm.o
 .text.LP_FLEXCOMM_Init
                0x0000382c       0x58 ./drivers/fsl_lpflexcomm.o
                0x0000382c                LP_FLEXCOMM_Init
 .text.LP_FLEXCOMM_CommonIRQHandler
                0x00003884       0xb8 ./drivers/fsl_lpflexcomm.o
 .text.LPI2C_GetInstance
                0x0000393c       0x4c ./drivers/fsl_lpi2c.o
                0x0000393c                LPI2C_GetInstance
 .text.LPI2C_GetCyclesForWidth
                0x00003988       0x9c ./drivers/fsl_lpi2c.o
 .text.LPI2C_MasterGetDefaultConfig
                0x00003a24       0x6c ./drivers/fsl_lpi2c.o
                0x00003a24                LPI2C_MasterGetDefaultConfig
 .text.LPI2C_MasterInit
                0x00003a90      0x208 ./drivers/fsl_lpi2c.o
                0x00003a90                LPI2C_MasterInit
 .text.LPI2C_MasterSetBaudRate
                0x00003c98      0x2c4 ./drivers/fsl_lpi2c.o
                0x00003c98                LPI2C_MasterSetBaudRate
 .text.LPI2C_MasterReceive
                0x00003f5c       0xd8 ./drivers/fsl_lpi2c.o
                0x00003f5c                LPI2C_MasterReceive
 .text.LPI2C_MasterSend
                0x00004034       0x58 ./drivers/fsl_lpi2c.o
                0x00004034                LPI2C_MasterSend
 .text.LPI2C_MasterTransferBlocking
                0x0000408c      0x1ec ./drivers/fsl_lpi2c.o
                0x0000408c                LPI2C_MasterTransferBlocking
 .text.LPUART_GetInstance
                0x00004278       0x4c ./drivers/fsl_lpuart.o
                0x00004278                LPUART_GetInstance
 .text.LPUART_Init
                0x000042c4      0x448 ./drivers/fsl_lpuart.o
                0x000042c4                LPUART_Init
 .text.LPUART_GetDefaultConfig
                0x0000470c       0x8c ./drivers/fsl_lpuart.o
                0x0000470c                LPUART_GetDefaultConfig
 .text.LPUART_GetStatusFlags
                0x00004798       0x60 ./drivers/fsl_lpuart.o
                0x00004798                LPUART_GetStatusFlags
 .text.LPUART_ClearStatusFlags
                0x000047f8       0x94 ./drivers/fsl_lpuart.o
                0x000047f8                LPUART_ClearStatusFlags
 .text.LPUART_WriteBlocking
                0x0000488c       0x68 ./drivers/fsl_lpuart.o
                0x0000488c                LPUART_WriteBlocking
 .text.LPUART_ReadBlocking
                0x000048f4      0x164 ./drivers/fsl_lpuart.o
                0x000048f4                LPUART_ReadBlocking
 .text.RESET_ClearPeripheralReset
                0x00004a58       0x6c ./drivers/fsl_reset.o
                0x00004a58                RESET_ClearPeripheralReset
 .text.SPC_SetSRAMOperateVoltage
                0x00004ac4       0x58 ./drivers/fsl_spc.o
                0x00004ac4                SPC_SetSRAMOperateVoltage
 .text.SPC_SetActiveModeCoreLDORegulatorConfig
                0x00004b1c       0x94 ./drivers/fsl_spc.o
                0x00004b1c                SPC_SetActiveModeCoreLDORegulatorConfig
 .text.SPC_SetActiveModeDCDCRegulatorConfig
                0x00004bb0       0x68 ./drivers/fsl_spc.o
                0x00004bb0                SPC_SetActiveModeDCDCRegulatorConfig
 .text.VREF_GetInstance
                0x00004c18       0x44 ./drivers/fsl_vref.o
 .text.VREF_Init
                0x00004c5c       0xdc ./drivers/fsl_vref.o
                0x00004c5c                VREF_Init
 .text.SystemInit
                0x00004d38      0x124 ./device/system_MCXN947_cm33_core0.o
                0x00004d38                SystemInit
 .text.HAL_UartInitCommon
                0x00004e5c       0xe4 ./component/uart/fsl_adapter_lpuart.o
 .text.HAL_UartInit
                0x00004f40       0x84 ./component/uart/fsl_adapter_lpuart.o
                0x00004f40                HAL_UartInit
 .text.HAL_UartReceiveBlocking
                0x00004fc4       0x6c ./component/uart/fsl_adapter_lpuart.o
                0x00004fc4                HAL_UartReceiveBlocking
 .text.HAL_UartSendBlocking
                0x00005030       0x64 ./component/uart/fsl_adapter_lpuart.o
                0x00005030                HAL_UartSendBlocking
 .text.BOARD_InitDebugConsole
                0x00005094       0x38 ./board/board.o
                0x00005094                BOARD_InitDebugConsole
 .text.BOARD_BootClockPLL150M
                0x000050cc       0xfc ./board/clock_config.o
                0x000050cc                BOARD_BootClockPLL150M
 .text.BOARD_InitHardware
                0x000051c8       0x68 ./board/hardware_init.o
                0x000051c8                BOARD_InitHardware
 .text.ADC1_init
                0x00005230       0x18 ./board/peripherals.o
 .text.VREF0_init
                0x00005248       0x24 ./board/peripherals.o
 .text.PORT_SetPinConfig
                0x0000526c       0x38 ./board/pin_mux.o
 .text.BOARD_InitPins
                0x000052a4      0x21c ./board/pin_mux.o
                0x000052a4                BOARD_InitPins
 .text.OLEDI2C  0x000054c0       0x48 ./board/pin_mux.o
                0x000054c0                OLEDI2C
 .text._initio  0x00005508       0x78 C:/nxp/MCUXpressoIDE_25.6.136/ide/plugins/com.nxp.mcuxpresso.tools.win32_25.6.0.202501151204/tools/bin/../lib/gcc/arm-none-eabi/14.2.1/../../../../arm-none-eabi/lib/thumb/v8-m.main+fp/hard\libcr_c.a(initio.o)
                0x00005508                _initio
 .text._Cwritebuf
                0x00005580       0x70 C:/nxp/MCUXpressoIDE_25.6.136/ide/plugins/com.nxp.mcuxpresso.tools.win32_25.6.0.202501151204/tools/bin/../lib/gcc/arm-none-eabi/14.2.1/../../../../arm-none-eabi/lib/thumb/v8-m.main+fp/hard\libcr_c.a(_writebuf.o)
                0x00005580                _Cwritebuf
 .text.fflush   0x000055f0       0x3c C:/nxp/MCUXpressoIDE_25.6.136/ide/plugins/com.nxp.mcuxpresso.tools.win32_25.6.0.202501151204/tools/bin/../lib/gcc/arm-none-eabi/14.2.1/../../../../arm-none-eabi/lib/thumb/v8-m.main+fp/hard\libcr_c.a(fflush.o)
                0x000055f0                fflush
 .text.fseek    0x0000562c       0xf8 C:/nxp/MCUXpressoIDE_25.6.136/ide/plugins/com.nxp.mcuxpresso.tools.win32_25.6.0.202501151204/tools/bin/../lib/gcc/arm-none-eabi/14.2.1/../../../../arm-none-eabi/lib/thumb/v8-m.main+fp/hard\libcr_c.a(fseek.o)
                0x0000562c                fseek
 .text.ftell    0x00005724       0x44 C:/nxp/MCUXpressoIDE_25.6.136/ide/plugins/com.nxp.mcuxpresso.tools.win32_25.6.0.202501151204/tools/bin/../lib/gcc/arm-none-eabi/14.2.1/../../../../arm-none-eabi/lib/thumb/v8-m.main+fp/hard\libcr_c.a(ftell.o)
                0x00005724                ftell
 .text.DbgConsole_Printf
                0x00005768       0x2c ./utilities/debug_console_lite/fsl_debug_console.o
                0x00005768                DbgConsole_Printf
 .text.DbgConsole_PrintfPaddingCharacter
                0x00005794       0x40 ./utilities/debug_console_lite/fsl_debug_console.o
 .text.DbgConsole_ConvertRadixNumToString
                0x000057d4       0xc2 ./utilities/debug_console_lite/fsl_debug_console.o
 .text.fsl_assert_hook
                0x00005896       0x1a ./utilities/fsl_assert.o
                0x00005896                fsl_assert_hook
 .text.OR_IRQHandler
                0x000058b0        0x8 ./startup/startup_mcxn947_cm33_core0.o
                0x000058b0                OR_IRQHandler
 .text.EDMA_0_CH0_IRQHandler
                0x000058b8        0x8 ./startup/startup_mcxn947_cm33_core0.o
                0x000058b8                EDMA_0_CH0_IRQHandler
 .text.EDMA_0_CH1_IRQHandler
                0x000058c0        0x8 ./startup/startup_mcxn947_cm33_core0.o
                0x000058c0                EDMA_0_CH1_IRQHandler
 .text.EDMA_0_CH2_IRQHandler
                0x000058c8        0x8 ./startup/startup_mcxn947_cm33_core0.o
                0x000058c8                EDMA_0_CH2_IRQHandler
 .text.EDMA_0_CH3_IRQHandler
                0x000058d0        0x8 ./startup/startup_mcxn947_cm33_core0.o
                0x000058d0                EDMA_0_CH3_IRQHandler
 .text.EDMA_0_CH4_IRQHandler
                0x000058d8        0x8 ./startup/startup_mcxn947_cm33_core0.o
                0x000058d8                EDMA_0_CH4_IRQHandler
 .text.EDMA_0_CH5_IRQHandler
                0x000058e0        0x8 ./startup/startup_mcxn947_cm33_core0.o
                0x000058e0                EDMA_0_CH5_IRQHandler
 .text.EDMA_0_CH6_IRQHandler
                0x000058e8        0x8 ./startup/startup_mcxn947_cm33_core0.o
                0x000058e8                EDMA_0_CH6_IRQHandler
 .text.EDMA_0_CH7_IRQHandler
                0x000058f0        0x8 ./startup/startup_mcxn947_cm33_core0.o
                0x000058f0                EDMA_0_CH7_IRQHandler
 .text.EDMA_0_CH8_IRQHandler
                0x000058f8        0x8 ./startup/startup_mcxn947_cm33_core0.o
                0x000058f8                EDMA_0_CH8_IRQHandler
 .text.EDMA_0_CH9_IRQHandler
                0x00005900        0x8 ./startup/startup_mcxn947_cm33_core0.o
                0x00005900                EDMA_0_CH9_IRQHandler
 .text.EDMA_0_CH10_IRQHandler
                0x00005908        0x8 ./startup/startup_mcxn947_cm33_core0.o
                0x00005908                EDMA_0_CH10_IRQHandler
 .text.EDMA_0_CH11_IRQHandler
                0x00005910        0x8 ./startup/startup_mcxn947_cm33_core0.o
                0x00005910                EDMA_0_CH11_IRQHandler
 .text.EDMA_0_CH12_IRQHandler
                0x00005918        0x8 ./startup/startup_mcxn947_cm33_core0.o
                0x00005918                EDMA_0_CH12_IRQHandler
 .text.EDMA_0_CH13_IRQHandler
                0x00005920        0x8 ./startup/startup_mcxn947_cm33_core0.o
                0x00005920                EDMA_0_CH13_IRQHandler
 .text.EDMA_0_CH14_IRQHandler
                0x00005928        0x8 ./startup/startup_mcxn947_cm33_core0.o
                0x00005928                EDMA_0_CH14_IRQHandler
 .text.EDMA_0_CH15_IRQHandler
                0x00005930        0x8 ./startup/startup_mcxn947_cm33_core0.o
                0x00005930                EDMA_0_CH15_IRQHandler
 .text.GPIO00_IRQHandler
                0x00005938        0x8 ./startup/startup_mcxn947_cm33_core0.o
                0x00005938                GPIO00_IRQHandler
 .text.GPIO01_IRQHandler
                0x00005940        0x8 ./startup/startup_mcxn947_cm33_core0.o
                0x00005940                GPIO01_IRQHandler
 .text.GPIO10_IRQHandler
                0x00005948        0x8 ./startup/startup_mcxn947_cm33_core0.o
                0x00005948                GPIO10_IRQHandler
 .text.GPIO11_IRQHandler
                0x00005950        0x8 ./startup/startup_mcxn947_cm33_core0.o
                0x00005950                GPIO11_IRQHandler
 .text.GPIO20_IRQHandler
                0x00005958        0x8 ./startup/startup_mcxn947_cm33_core0.o
                0x00005958                GPIO20_IRQHandler
 .text.GPIO21_IRQHandler
                0x00005960        0x8 ./startup/startup_mcxn947_cm33_core0.o
                0x00005960                GPIO21_IRQHandler
 .text.GPIO30_IRQHandler
                0x00005968        0x8 ./startup/startup_mcxn947_cm33_core0.o
                0x00005968                GPIO30_IRQHandler
 .text.GPIO31_IRQHandler
                0x00005970        0x8 ./startup/startup_mcxn947_cm33_core0.o
                0x00005970                GPIO31_IRQHandler
 .text.GPIO40_IRQHandler
                0x00005978        0x8 ./startup/startup_mcxn947_cm33_core0.o
                0x00005978                GPIO40_IRQHandler
 .text.GPIO41_IRQHandler
                0x00005980        0x8 ./startup/startup_mcxn947_cm33_core0.o
                0x00005980                GPIO41_IRQHandler
 .text.GPIO50_IRQHandler
                0x00005988        0x8 ./startup/startup_mcxn947_cm33_core0.o
                0x00005988                GPIO50_IRQHandler
 .text.GPIO51_IRQHandler
                0x00005990        0x8 ./startup/startup_mcxn947_cm33_core0.o
                0x00005990                GPIO51_IRQHandler
 .text.UTICK0_IRQHandler
                0x00005998        0x8 ./startup/startup_mcxn947_cm33_core0.o
                0x00005998                UTICK0_IRQHandler
 .text.MRT0_IRQHandler
                0x000059a0        0x8 ./startup/startup_mcxn947_cm33_core0.o
                0x000059a0                MRT0_IRQHandler
 .text.CTIMER0_IRQHandler
                0x000059a8        0x8 ./startup/startup_mcxn947_cm33_core0.o
                0x000059a8                CTIMER0_IRQHandler
 .text.CTIMER1_IRQHandler
                0x000059b0        0x8 ./startup/startup_mcxn947_cm33_core0.o
                0x000059b0                CTIMER1_IRQHandler
 .text.SCT0_IRQHandler
                0x000059b8        0x8 ./startup/startup_mcxn947_cm33_core0.o
                0x000059b8                SCT0_IRQHandler
 .text.CTIMER2_IRQHandler
                0x000059c0        0x8 ./startup/startup_mcxn947_cm33_core0.o
                0x000059c0                CTIMER2_IRQHandler
 .text.LP_FLEXCOMM0_IRQHandler
                0x000059c8        0x8 ./startup/startup_mcxn947_cm33_core0.o
                0x000059c8                LP_FLEXCOMM0_IRQHandler
 .text.LP_FLEXCOMM1_IRQHandler
                0x000059d0        0x8 ./startup/startup_mcxn947_cm33_core0.o
                0x000059d0                LP_FLEXCOMM1_IRQHandler
 .text.LP_FLEXCOMM2_IRQHandler
                0x000059d8        0x8 ./startup/startup_mcxn947_cm33_core0.o
                0x000059d8                LP_FLEXCOMM2_IRQHandler
 .text.LP_FLEXCOMM3_IRQHandler
                0x000059e0        0x8 ./startup/startup_mcxn947_cm33_core0.o
                0x000059e0                LP_FLEXCOMM3_IRQHandler
 .text.LP_FLEXCOMM4_IRQHandler
                0x000059e8        0x8 ./startup/startup_mcxn947_cm33_core0.o
                0x000059e8                LP_FLEXCOMM4_IRQHandler
 .text.LP_FLEXCOMM5_IRQHandler
                0x000059f0        0x8 ./startup/startup_mcxn947_cm33_core0.o
                0x000059f0                LP_FLEXCOMM5_IRQHandler
 .text.LP_FLEXCOMM6_IRQHandler
                0x000059f8        0x8 ./startup/startup_mcxn947_cm33_core0.o
                0x000059f8                LP_FLEXCOMM6_IRQHandler
 .text.LP_FLEXCOMM7_IRQHandler
                0x00005a00        0x8 ./startup/startup_mcxn947_cm33_core0.o
                0x00005a00                LP_FLEXCOMM7_IRQHandler
 .text.LP_FLEXCOMM8_IRQHandler
                0x00005a08        0x8 ./startup/startup_mcxn947_cm33_core0.o
                0x00005a08                LP_FLEXCOMM8_IRQHandler
 .text.LP_FLEXCOMM9_IRQHandler
                0x00005a10        0x8 ./startup/startup_mcxn947_cm33_core0.o
                0x00005a10                LP_FLEXCOMM9_IRQHandler
 .text.ADC0_IRQHandler
                0x00005a18        0x8 ./startup/startup_mcxn947_cm33_core0.o
                0x00005a18                ADC0_IRQHandler
 .text.ADC1_IRQHandler
                0x00005a20        0x8 ./startup/startup_mcxn947_cm33_core0.o
                0x00005a20                ADC1_IRQHandler
 .text.PINT0_IRQHandler
                0x00005a28        0x8 ./startup/startup_mcxn947_cm33_core0.o
                0x00005a28                PINT0_IRQHandler
 .text.PDM_EVENT_IRQHandler
                0x00005a30        0x8 ./startup/startup_mcxn947_cm33_core0.o
                0x00005a30                PDM_EVENT_IRQHandler
 .text.Reserved65_IRQHandler
                0x00005a38        0x8 ./startup/startup_mcxn947_cm33_core0.o
                0x00005a38                Reserved65_IRQHandler
 .text.USB0_FS_IRQHandler
                0x00005a40        0x8 ./startup/startup_mcxn947_cm33_core0.o
                0x00005a40                USB0_FS_IRQHandler
 .text.USB0_DCD_IRQHandler
                0x00005a48        0x8 ./startup/startup_mcxn947_cm33_core0.o
                0x00005a48                USB0_DCD_IRQHandler
 .text.RTC_IRQHandler
                0x00005a50        0x8 ./startup/startup_mcxn947_cm33_core0.o
                0x00005a50                RTC_IRQHandler
 .text.SMARTDMA_IRQHandler
                0x00005a58        0x8 ./startup/startup_mcxn947_cm33_core0.o
                0x00005a58                SMARTDMA_IRQHandler
 .text.MAILBOX_IRQHandler
                0x00005a60        0x8 ./startup/startup_mcxn947_cm33_core0.o
                0x00005a60                MAILBOX_IRQHandler
 .text.CTIMER3_IRQHandler
                0x00005a68        0x8 ./startup/startup_mcxn947_cm33_core0.o
                0x00005a68                CTIMER3_IRQHandler
 .text.CTIMER4_IRQHandler
                0x00005a70        0x8 ./startup/startup_mcxn947_cm33_core0.o
                0x00005a70                CTIMER4_IRQHandler
 .text.OS_EVENT_IRQHandler
                0x00005a78        0x8 ./startup/startup_mcxn947_cm33_core0.o
                0x00005a78                OS_EVENT_IRQHandler
 .text.FLEXSPI0_IRQHandler
                0x00005a80        0x8 ./startup/startup_mcxn947_cm33_core0.o
                0x00005a80                FLEXSPI0_IRQHandler
 .text.SAI0_IRQHandler
                0x00005a88        0x8 ./startup/startup_mcxn947_cm33_core0.o
                0x00005a88                SAI0_IRQHandler
 .text.SAI1_IRQHandler
                0x00005a90        0x8 ./startup/startup_mcxn947_cm33_core0.o
                0x00005a90                SAI1_IRQHandler
 .text.USDHC0_IRQHandler
                0x00005a98        0x8 ./startup/startup_mcxn947_cm33_core0.o
                0x00005a98                USDHC0_IRQHandler
 .text.CAN0_IRQHandler
                0x00005aa0        0x8 ./startup/startup_mcxn947_cm33_core0.o
                0x00005aa0                CAN0_IRQHandler
 .text.CAN1_IRQHandler
                0x00005aa8        0x8 ./startup/startup_mcxn947_cm33_core0.o
                0x00005aa8                CAN1_IRQHandler
 .text.Reserved80_IRQHandler
                0x00005ab0        0x8 ./startup/startup_mcxn947_cm33_core0.o
                0x00005ab0                Reserved80_IRQHandler
 .text.Reserved81_IRQHandler
                0x00005ab8        0x8 ./startup/startup_mcxn947_cm33_core0.o
                0x00005ab8                Reserved81_IRQHandler
 .text.USB1_HS_PHY_IRQHandler
                0x00005ac0        0x8 ./startup/startup_mcxn947_cm33_core0.o
                0x00005ac0                USB1_HS_PHY_IRQHandler
 .text.USB1_HS_IRQHandler
                0x00005ac8        0x8 ./startup/startup_mcxn947_cm33_core0.o
                0x00005ac8                USB1_HS_IRQHandler
 .text.SEC_HYPERVISOR_CALL_IRQHandler
                0x00005ad0        0x8 ./startup/startup_mcxn947_cm33_core0.o
                0x00005ad0                SEC_HYPERVISOR_CALL_IRQHandler
 .text.Reserved85_IRQHandler
                0x00005ad8        0x8 ./startup/startup_mcxn947_cm33_core0.o
                0x00005ad8                Reserved85_IRQHandler
 .text.PLU_IRQHandler
                0x00005ae0        0x8 ./startup/startup_mcxn947_cm33_core0.o
                0x00005ae0                PLU_IRQHandler
 .text.Freqme_IRQHandler
                0x00005ae8        0x8 ./startup/startup_mcxn947_cm33_core0.o
                0x00005ae8                Freqme_IRQHandler
 .text.SEC_VIO_IRQHandler
                0x00005af0        0x8 ./startup/startup_mcxn947_cm33_core0.o
                0x00005af0                SEC_VIO_IRQHandler
 .text.ELS_IRQHandler
                0x00005af8        0x8 ./startup/startup_mcxn947_cm33_core0.o
                0x00005af8                ELS_IRQHandler
 .text.PKC_IRQHandler
                0x00005b00        0x8 ./startup/startup_mcxn947_cm33_core0.o
                0x00005b00                PKC_IRQHandler
 .text.PUF_IRQHandler
                0x00005b08        0x8 ./startup/startup_mcxn947_cm33_core0.o
                0x00005b08                PUF_IRQHandler
 .text.PQ_IRQHandler
                0x00005b10        0x8 ./startup/startup_mcxn947_cm33_core0.o
                0x00005b10                PQ_IRQHandler
 .text.EDMA_1_CH0_IRQHandler
                0x00005b18        0x8 ./startup/startup_mcxn947_cm33_core0.o
                0x00005b18                EDMA_1_CH0_IRQHandler
 .text.EDMA_1_CH1_IRQHandler
                0x00005b20        0x8 ./startup/startup_mcxn947_cm33_core0.o
                0x00005b20                EDMA_1_CH1_IRQHandler
 .text.EDMA_1_CH2_IRQHandler
                0x00005b28        0x8 ./startup/startup_mcxn947_cm33_core0.o
                0x00005b28                EDMA_1_CH2_IRQHandler
 .text.EDMA_1_CH3_IRQHandler
                0x00005b30        0x8 ./startup/startup_mcxn947_cm33_core0.o
                0x00005b30                EDMA_1_CH3_IRQHandler
 .text.EDMA_1_CH4_IRQHandler
                0x00005b38        0x8 ./startup/startup_mcxn947_cm33_core0.o
                0x00005b38                EDMA_1_CH4_IRQHandler
 .text.EDMA_1_CH5_IRQHandler
                0x00005b40        0x8 ./startup/startup_mcxn947_cm33_core0.o
                0x00005b40                EDMA_1_CH5_IRQHandler
 .text.EDMA_1_CH6_IRQHandler
                0x00005b48        0x8 ./startup/startup_mcxn947_cm33_core0.o
                0x00005b48                EDMA_1_CH6_IRQHandler
 .text.EDMA_1_CH7_IRQHandler
                0x00005b50        0x8 ./startup/startup_mcxn947_cm33_core0.o
                0x00005b50                EDMA_1_CH7_IRQHandler
 .text.EDMA_1_CH8_IRQHandler
                0x00005b58        0x8 ./startup/startup_mcxn947_cm33_core0.o
                0x00005b58                EDMA_1_CH8_IRQHandler
 .text.EDMA_1_CH9_IRQHandler
                0x00005b60        0x8 ./startup/startup_mcxn947_cm33_core0.o
                0x00005b60                EDMA_1_CH9_IRQHandler
 .text.EDMA_1_CH10_IRQHandler
                0x00005b68        0x8 ./startup/startup_mcxn947_cm33_core0.o
                0x00005b68                EDMA_1_CH10_IRQHandler
 .text.EDMA_1_CH11_IRQHandler
                0x00005b70        0x8 ./startup/startup_mcxn947_cm33_core0.o
                0x00005b70                EDMA_1_CH11_IRQHandler
 .text.EDMA_1_CH12_IRQHandler
                0x00005b78        0x8 ./startup/startup_mcxn947_cm33_core0.o
                0x00005b78                EDMA_1_CH12_IRQHandler
 .text.EDMA_1_CH13_IRQHandler
                0x00005b80        0x8 ./startup/startup_mcxn947_cm33_core0.o
                0x00005b80                EDMA_1_CH13_IRQHandler
 .text.EDMA_1_CH14_IRQHandler
                0x00005b88        0x8 ./startup/startup_mcxn947_cm33_core0.o
                0x00005b88                EDMA_1_CH14_IRQHandler
 .text.EDMA_1_CH15_IRQHandler
                0x00005b90        0x8 ./startup/startup_mcxn947_cm33_core0.o
                0x00005b90                EDMA_1_CH15_IRQHandler
 .text.CDOG0_IRQHandler
                0x00005b98        0x8 ./startup/startup_mcxn947_cm33_core0.o
                0x00005b98                CDOG0_IRQHandler
 .text.CDOG1_IRQHandler
                0x00005ba0        0x8 ./startup/startup_mcxn947_cm33_core0.o
                0x00005ba0                CDOG1_IRQHandler
 .text.I3C0_IRQHandler
                0x00005ba8        0x8 ./startup/startup_mcxn947_cm33_core0.o
                0x00005ba8                I3C0_IRQHandler
 .text.I3C1_IRQHandler
                0x00005bb0        0x8 ./startup/startup_mcxn947_cm33_core0.o
                0x00005bb0                I3C1_IRQHandler
 .text.NPU_IRQHandler
                0x00005bb8        0x8 ./startup/startup_mcxn947_cm33_core0.o
                0x00005bb8                NPU_IRQHandler
 .text.GDET_IRQHandler
                0x00005bc0        0x8 ./startup/startup_mcxn947_cm33_core0.o
                0x00005bc0                GDET_IRQHandler
 .text.VBAT0_IRQHandler
                0x00005bc8        0x8 ./startup/startup_mcxn947_cm33_core0.o
                0x00005bc8                VBAT0_IRQHandler
 .text.EWM0_IRQHandler
                0x00005bd0        0x8 ./startup/startup_mcxn947_cm33_core0.o
                0x00005bd0                EWM0_IRQHandler
 .text.TSI_END_OF_SCAN_IRQHandler
                0x00005bd8        0x8 ./startup/startup_mcxn947_cm33_core0.o
                0x00005bd8                TSI_END_OF_SCAN_IRQHandler
 .text.TSI_OUT_OF_SCAN_IRQHandler
                0x00005be0        0x8 ./startup/startup_mcxn947_cm33_core0.o
                0x00005be0                TSI_OUT_OF_SCAN_IRQHandler
 .text.EMVSIM0_IRQHandler
                0x00005be8        0x8 ./startup/startup_mcxn947_cm33_core0.o
                0x00005be8                EMVSIM0_IRQHandler
 .text.EMVSIM1_IRQHandler
                0x00005bf0        0x8 ./startup/startup_mcxn947_cm33_core0.o
                0x00005bf0                EMVSIM1_IRQHandler
 .text.FLEXIO_IRQHandler
                0x00005bf8        0x8 ./startup/startup_mcxn947_cm33_core0.o
                0x00005bf8                FLEXIO_IRQHandler
 .text.DAC0_IRQHandler
                0x00005c00        0x8 ./startup/startup_mcxn947_cm33_core0.o
                0x00005c00                DAC0_IRQHandler
 .text.DAC1_IRQHandler
                0x00005c08        0x8 ./startup/startup_mcxn947_cm33_core0.o
                0x00005c08                DAC1_IRQHandler
 .text.DAC2_IRQHandler
                0x00005c10        0x8 ./startup/startup_mcxn947_cm33_core0.o
                0x00005c10                DAC2_IRQHandler
 .text.HSCMP0_IRQHandler
                0x00005c18        0x8 ./startup/startup_mcxn947_cm33_core0.o
                0x00005c18                HSCMP0_IRQHandler
 .text.HSCMP1_IRQHandler
                0x00005c20        0x8 ./startup/startup_mcxn947_cm33_core0.o
                0x00005c20                HSCMP1_IRQHandler
 .text.HSCMP2_IRQHandler
                0x00005c28        0x8 ./startup/startup_mcxn947_cm33_core0.o
                0x00005c28                HSCMP2_IRQHandler
 .text.FLEXPWM0_RELOAD_ERROR_IRQHandler
                0x00005c30        0x8 ./startup/startup_mcxn947_cm33_core0.o
                0x00005c30                FLEXPWM0_RELOAD_ERROR_IRQHandler
 .text.FLEXPWM0_FAULT_IRQHandler
                0x00005c38        0x8 ./startup/startup_mcxn947_cm33_core0.o
                0x00005c38                FLEXPWM0_FAULT_IRQHandler
 .text.FLEXPWM0_SUBMODULE0_IRQHandler
                0x00005c40        0x8 ./startup/startup_mcxn947_cm33_core0.o
                0x00005c40                FLEXPWM0_SUBMODULE0_IRQHandler
 .text.FLEXPWM0_SUBMODULE1_IRQHandler
                0x00005c48        0x8 ./startup/startup_mcxn947_cm33_core0.o
                0x00005c48                FLEXPWM0_SUBMODULE1_IRQHandler
 .text.FLEXPWM0_SUBMODULE2_IRQHandler
                0x00005c50        0x8 ./startup/startup_mcxn947_cm33_core0.o
                0x00005c50                FLEXPWM0_SUBMODULE2_IRQHandler
 .text.FLEXPWM0_SUBMODULE3_IRQHandler
                0x00005c58        0x8 ./startup/startup_mcxn947_cm33_core0.o
                0x00005c58                FLEXPWM0_SUBMODULE3_IRQHandler
 .text.FLEXPWM1_RELOAD_ERROR_IRQHandler
                0x00005c60        0x8 ./startup/startup_mcxn947_cm33_core0.o
                0x00005c60                FLEXPWM1_RELOAD_ERROR_IRQHandler
 .text.FLEXPWM1_FAULT_IRQHandler
                0x00005c68        0x8 ./startup/startup_mcxn947_cm33_core0.o
                0x00005c68                FLEXPWM1_FAULT_IRQHandler
 .text.FLEXPWM1_SUBMODULE0_IRQHandler
                0x00005c70        0x8 ./startup/startup_mcxn947_cm33_core0.o
                0x00005c70                FLEXPWM1_SUBMODULE0_IRQHandler
 .text.FLEXPWM1_SUBMODULE1_IRQHandler
                0x00005c78        0x8 ./startup/startup_mcxn947_cm33_core0.o
                0x00005c78                FLEXPWM1_SUBMODULE1_IRQHandler
 .text.FLEXPWM1_SUBMODULE2_IRQHandler
                0x00005c80        0x8 ./startup/startup_mcxn947_cm33_core0.o
                0x00005c80                FLEXPWM1_SUBMODULE2_IRQHandler
 .text.FLEXPWM1_SUBMODULE3_IRQHandler
                0x00005c88        0x8 ./startup/startup_mcxn947_cm33_core0.o
                0x00005c88                FLEXPWM1_SUBMODULE3_IRQHandler
 .text.QDC0_COMPARE_IRQHandler
                0x00005c90        0x8 ./startup/startup_mcxn947_cm33_core0.o
                0x00005c90                QDC0_COMPARE_IRQHandler
 .text.QDC0_HOME_IRQHandler
                0x00005c98        0x8 ./startup/startup_mcxn947_cm33_core0.o
                0x00005c98                QDC0_HOME_IRQHandler
 .text.QDC0_WDG_SAB_IRQHandler
                0x00005ca0        0x8 ./startup/startup_mcxn947_cm33_core0.o
                0x00005ca0                QDC0_WDG_SAB_IRQHandler
 .text.QDC0_IDX_IRQHandler
                0x00005ca8        0x8 ./startup/startup_mcxn947_cm33_core0.o
                0x00005ca8                QDC0_IDX_IRQHandler
 .text.QDC1_COMPARE_IRQHandler
                0x00005cb0        0x8 ./startup/startup_mcxn947_cm33_core0.o
                0x00005cb0                QDC1_COMPARE_IRQHandler
 .text.QDC1_HOME_IRQHandler
                0x00005cb8        0x8 ./startup/startup_mcxn947_cm33_core0.o
                0x00005cb8                QDC1_HOME_IRQHandler
 .text.QDC1_WDG_SAB_IRQHandler
                0x00005cc0        0x8 ./startup/startup_mcxn947_cm33_core0.o
                0x00005cc0                QDC1_WDG_SAB_IRQHandler
 .text.QDC1_IDX_IRQHandler
                0x00005cc8        0x8 ./startup/startup_mcxn947_cm33_core0.o
                0x00005cc8                QDC1_IDX_IRQHandler
 .text.ITRC0_IRQHandler
                0x00005cd0        0x8 ./startup/startup_mcxn947_cm33_core0.o
                0x00005cd0                ITRC0_IRQHandler
 .text.BSP32_IRQHandler
                0x00005cd8        0x8 ./startup/startup_mcxn947_cm33_core0.o
                0x00005cd8                BSP32_IRQHandler
 .text.ELS_ERR_IRQHandler
                0x00005ce0        0x8 ./startup/startup_mcxn947_cm33_core0.o
                0x00005ce0                ELS_ERR_IRQHandler
 .text.PKC_ERR_IRQHandler
                0x00005ce8        0x8 ./startup/startup_mcxn947_cm33_core0.o
                0x00005ce8                PKC_ERR_IRQHandler
 .text.ERM_SINGLE_BIT_ERROR_IRQHandler
                0x00005cf0        0x8 ./startup/startup_mcxn947_cm33_core0.o
                0x00005cf0                ERM_SINGLE_BIT_ERROR_IRQHandler
 .text.ERM_MULTI_BIT_ERROR_IRQHandler
                0x00005cf8        0x8 ./startup/startup_mcxn947_cm33_core0.o
                0x00005cf8                ERM_MULTI_BIT_ERROR_IRQHandler
 .text.FMU0_IRQHandler
                0x00005d00        0x8 ./startup/startup_mcxn947_cm33_core0.o
                0x00005d00                FMU0_IRQHandler
 .text.ETHERNET_IRQHandler
                0x00005d08        0x8 ./startup/startup_mcxn947_cm33_core0.o
                0x00005d08                ETHERNET_IRQHandler
 .text.ETHERNET_PMT_IRQHandler
                0x00005d10        0x8 ./startup/startup_mcxn947_cm33_core0.o
                0x00005d10                ETHERNET_PMT_IRQHandler
 .text.ETHERNET_MACLP_IRQHandler
                0x00005d18        0x8 ./startup/startup_mcxn947_cm33_core0.o
                0x00005d18                ETHERNET_MACLP_IRQHandler
 .text.SINC_FILTER_IRQHandler
                0x00005d20        0x8 ./startup/startup_mcxn947_cm33_core0.o
                0x00005d20                SINC_FILTER_IRQHandler
 .text.LPTMR0_IRQHandler
                0x00005d28        0x8 ./startup/startup_mcxn947_cm33_core0.o
                0x00005d28                LPTMR0_IRQHandler
 .text.LPTMR1_IRQHandler
                0x00005d30        0x8 ./startup/startup_mcxn947_cm33_core0.o
                0x00005d30                LPTMR1_IRQHandler
 .text.SCG_IRQHandler
                0x00005d38        0x8 ./startup/startup_mcxn947_cm33_core0.o
                0x00005d38                SCG_IRQHandler
 .text.SPC_IRQHandler
                0x00005d40        0x8 ./startup/startup_mcxn947_cm33_core0.o
                0x00005d40                SPC_IRQHandler
 .text.WUU_IRQHandler
                0x00005d48        0x8 ./startup/startup_mcxn947_cm33_core0.o
                0x00005d48                WUU_IRQHandler
 .text.PORT_EFT_IRQHandler
                0x00005d50        0x8 ./startup/startup_mcxn947_cm33_core0.o
                0x00005d50                PORT_EFT_IRQHandler
 .text.ETB0_IRQHandler
                0x00005d58        0x8 ./startup/startup_mcxn947_cm33_core0.o
                0x00005d58                ETB0_IRQHandler
 .text.Reserved166_IRQHandler
                0x00005d60        0x8 ./startup/startup_mcxn947_cm33_core0.o
                0x00005d60                Reserved166_IRQHandler
 .text.Reserved167_IRQHandler
                0x00005d68        0x8 ./startup/startup_mcxn947_cm33_core0.o
                0x00005d68                Reserved167_IRQHandler
 .text.WWDT0_IRQHandler
                0x00005d70        0x8 ./startup/startup_mcxn947_cm33_core0.o
                0x00005d70                WWDT0_IRQHandler
 .text.WWDT1_IRQHandler
                0x00005d78        0x8 ./startup/startup_mcxn947_cm33_core0.o
                0x00005d78                WWDT1_IRQHandler
 .text.CMC0_IRQHandler
                0x00005d80        0x8 ./startup/startup_mcxn947_cm33_core0.o
                0x00005d80                CMC0_IRQHandler
 .text.CTI0_IRQHandler
                0x00005d88        0x8 ./startup/startup_mcxn947_cm33_core0.o
                0x00005d88                CTI0_IRQHandler
 .text.GPIO_PinWrite
                0x00005d90       0x36 ./source/buzzer.o
 .text.Buzzer_On
                0x00005dc6        0xe ./source/buzzer.o
                0x00005dc6                Buzzer_On
 .text.Buzzer_Off
                0x00005dd4        0xe ./source/buzzer.o
                0x00005dd4                Buzzer_Off
 .text.GPIO_PinWrite
                0x00005de2       0x36 ./source/distance_sensor.o
 .text.GPIO_PinRead
                0x00005e18       0x24 ./source/distance_sensor.o
 .text.clampValueToRange
                0x00005e3c       0x32 ./source/draw.o
 .text.draw_top_border
                0x00005e6e       0x2e ./source/draw.o
                0x00005e6e                draw_top_border
 .text.draw_bottom_border
                0x00005e9c       0x2e ./source/draw.o
                0x00005e9c                draw_bottom_border
 .text.draw_side_borders
                0x00005eca       0x32 ./source/draw.o
                0x00005eca                draw_side_borders
 .text.draw_paddle
                0x00005efc       0x58 ./source/draw.o
                0x00005efc                draw_paddle
 .text.draw_ball
                0x00005f54       0x42 ./source/draw.o
                0x00005f54                draw_ball
 .text.verticalRangesOverlap
                0x00005f96       0x36 ./source/game_logic.o
                0x00005f96                verticalRangesOverlap
 .text.resetBallAfterPoint
                0x00005fcc       0x4e ./source/game_logic.o
                0x00005fcc                resetBallAfterPoint
 .text.delay_us
                0x0000601a       0x20 ./source/lcd.o
 .text.delay_ms
                0x0000603a       0x26 ./source/lcd.o
 .text.pcf8574_send_cmd
                0x00006060       0x2c ./source/lcd.o
                0x00006060                pcf8574_send_cmd
 .text.pcf8574_send_data
                0x0000608c       0x2c ./source/lcd.o
                0x0000608c                pcf8574_send_data
 .text.pcf8574_cursor
                0x000060b8       0x38 ./source/lcd.o
                0x000060b8                pcf8574_cursor
 .text.pcf8574_send_string
                0x000060f0       0x2e ./source/lcd.o
                0x000060f0                pcf8574_send_string
 .text.lcd_score_init
                0x0000611e       0x24 ./source/lcd_score.o
                0x0000611e                lcd_score_init
 .text.CLOCK_EnableClock
                0x00006142       0x94 ./source/main.o
 .text.PORT_SetPinMux
                0x000061d6       0x3e ./source/main.o
 .text.GPIO_PinRead
                0x00006214       0x24 ./source/main.o
 .text.game_left_paddle_x
                0x00006238       0x10 ./source/main.o
 .text.game_right_paddle_x
                0x00006248       0x10 ./source/main.o
 .text.clampValueToRange
                0x00006258       0x32 ./source/main.o
 .text.adjustBallAngleFromPaddleHit
                0x0000628a       0x4e ./source/main.o
 .text.cyclesToUs
                0x000062d8       0xa8 ./source/main.o
 .text.setPage  0x00006380       0x28 ./source/oled.o
                0x00006380                setPage
 .text.setSeg   0x000063a8       0x3e ./source/oled.o
                0x000063a8                setSeg
 .text.fillOLED
                0x000063e6       0x5a ./source/oled.o
                0x000063e6                fillOLED
 .text.writeString
                0x00006440       0x52 ./source/oled.o
                0x00006440                writeString
 .text.CLOCK_EnableClock
                0x00006492       0x94 ./source/pot.o
 .text.LPADC_DoSoftwareTrigger
                0x00006526       0x1c ./source/pot.o
 .text.Pot_ReadRaw
                0x00006542       0x10 ./source/pot.o
                0x00006542                Pot_ReadRaw
 .text.Pot_ReadRightRaw
                0x00006552       0x10 ./source/pot.o
                0x00006552                Pot_ReadRightRaw
 .text.HardFault_Handler
                0x00006562       0x36 ./source/semihost_hardfault.o
                0x00006562                HardFault_Handler
 .text.GPIO_PinWrite
                0x00006598       0x36 ./source/servo.o
 .text.CLOCK_GetPll0OutFreq
                0x000065ce       0x88 ./drivers/fsl_clock.o
                0x000065ce                CLOCK_GetPll0OutFreq
 .text.CLOCK_GetPll1OutFreq
                0x00006656       0x82 ./drivers/fsl_clock.o
                0x00006656                CLOCK_GetPll1OutFreq
 .text.CLOCK_GetPllClkDivFreq
                0x000066d8       0x5e ./drivers/fsl_clock.o
                0x000066d8                CLOCK_GetPllClkDivFreq
 .text.CLOCK_GetCoreSysClkFreq
                0x00006736       0x2c ./drivers/fsl_clock.o
                0x00006736                CLOCK_GetCoreSysClkFreq
 .text.CLOCK_GetSystickClkFreq
                0x00006762       0x74 ./drivers/fsl_clock.o
 .text.DelayLoop
                0x000067d6       0x20 ./drivers/fsl_common_arm.o
 .text.CLOCK_EnableClock
                0x000067f6       0x94 ./drivers/fsl_gpio.o
 .text.CLOCK_DisableClock
                0x0000688a       0xb8 ./drivers/fsl_gpio.o
 .text.GPIO_PinWrite
                0x00006942       0x36 ./drivers/fsl_gpio.o
 .text.CLOCK_EnableClock
                0x00006978       0x94 ./drivers/fsl_lpadc.o
 .text.RESET_ReleasePeripheralReset
                0x00006a0c       0x16 ./drivers/fsl_lpadc.o
 .text.LPADC_Enable
                0x00006a22       0x38 ./drivers/fsl_lpadc.o
 .text.LPADC_DoResetFIFO0
                0x00006a5a       0x20 ./drivers/fsl_lpadc.o
 .text.LPADC_DoResetFIFO1
                0x00006a7a       0x20 ./drivers/fsl_lpadc.o
 .text.LPADC_DoResetConfig
                0x00006a9a       0x2c ./drivers/fsl_lpadc.o
 .text.LPADC_GetDefaultConfig
                0x00006ac6       0x5c ./drivers/fsl_lpadc.o
                0x00006ac6                LPADC_GetDefaultConfig
 .text.CLOCK_EnableClock
                0x00006b22       0x94 ./drivers/fsl_lpflexcomm.o
 .text.LP_FLEXCOMM_PeripheralIsPresent
                0x00006bb6       0x52 ./drivers/fsl_lpflexcomm.o
 .text.LP_FLEXCOMM0_DriverIRQHandler
                0x00006c08        0xe ./drivers/fsl_lpflexcomm.o
                0x00006c08                LP_FLEXCOMM0_DriverIRQHandler
 .text.LP_FLEXCOMM1_DriverIRQHandler
                0x00006c16        0xe ./drivers/fsl_lpflexcomm.o
                0x00006c16                LP_FLEXCOMM1_DriverIRQHandler
 .text.LP_FLEXCOMM2_DriverIRQHandler
                0x00006c24        0xe ./drivers/fsl_lpflexcomm.o
                0x00006c24                LP_FLEXCOMM2_DriverIRQHandler
 .text.LP_FLEXCOMM3_DriverIRQHandler
                0x00006c32        0xe ./drivers/fsl_lpflexcomm.o
                0x00006c32                LP_FLEXCOMM3_DriverIRQHandler
 .text.LP_FLEXCOMM4_DriverIRQHandler
                0x00006c40        0xe ./drivers/fsl_lpflexcomm.o
                0x00006c40                LP_FLEXCOMM4_DriverIRQHandler
 .text.LP_FLEXCOMM5_DriverIRQHandler
                0x00006c4e        0xe ./drivers/fsl_lpflexcomm.o
                0x00006c4e                LP_FLEXCOMM5_DriverIRQHandler
 .text.LP_FLEXCOMM6_DriverIRQHandler
                0x00006c5c        0xe ./drivers/fsl_lpflexcomm.o
                0x00006c5c                LP_FLEXCOMM6_DriverIRQHandler
 .text.LP_FLEXCOMM7_DriverIRQHandler
                0x00006c6a        0xe ./drivers/fsl_lpflexcomm.o
                0x00006c6a                LP_FLEXCOMM7_DriverIRQHandler
 .text.LP_FLEXCOMM8_DriverIRQHandler
                0x00006c78        0xe ./drivers/fsl_lpflexcomm.o
                0x00006c78                LP_FLEXCOMM8_DriverIRQHandler
 .text.LP_FLEXCOMM9_DriverIRQHandler
                0x00006c86        0xe ./drivers/fsl_lpflexcomm.o
                0x00006c86                LP_FLEXCOMM9_DriverIRQHandler
 .text.CLOCK_EnableClock
                0x00006c94       0x94 ./drivers/fsl_lpi2c.o
 .text.LPI2C_MasterReset
                0x00006d28       0x20 ./drivers/fsl_lpi2c.o
 .text.LPI2C_MasterEnable
                0x00006d48       0x32 ./drivers/fsl_lpi2c.o
 .text.LPI2C_MasterGetStatusFlags
                0x00006d7a       0x18 ./drivers/fsl_lpi2c.o
 .text.LPI2C_MasterClearStatusFlags
                0x00006d92       0x1c ./drivers/fsl_lpi2c.o
 .text.LPI2C_MasterSetWatermarks
                0x00006dae       0x2c ./drivers/fsl_lpi2c.o
 .text.LPI2C_MasterGetFifoCounts
                0x00006dda       0x3e ./drivers/fsl_lpi2c.o
 .text.LPI2C_MasterCheckAndClearError
                0x00006e18       0x80 ./drivers/fsl_lpi2c.o
                0x00006e18                LPI2C_MasterCheckAndClearError
 .text.LPI2C_MasterWaitForTxReady
                0x00006e98       0x52 ./drivers/fsl_lpi2c.o
 .text.LPI2C_CheckForBusyBus
                0x00006eea       0x38 ./drivers/fsl_lpi2c.o
                0x00006eea                LPI2C_CheckForBusyBus
 .text.LPI2C_MasterStart
                0x00006f22       0x5c ./drivers/fsl_lpi2c.o
                0x00006f22                LPI2C_MasterStart
 .text.LPI2C_MasterStop
                0x00006f7e       0x62 ./drivers/fsl_lpi2c.o
                0x00006f7e                LPI2C_MasterStop
 .text.LPUART_SoftwareReset
                0x00006fe0       0x2c ./drivers/fsl_lpuart.o
 .text.SPC_GetActiveModeBandgapMode
                0x0000700c       0x22 ./drivers/fsl_spc.o
 .text.SPC_GetActiveModeVoltageDetectStatus
                0x0000702e       0x22 ./drivers/fsl_spc.o
 .text.SPC_GetActiveModeCoreLDOVDDVoltageLevel
                0x00007050       0x22 ./drivers/fsl_spc.o
 .text.SPC_GetActiveModeCoreLDODriveStrength
                0x00007072       0x22 ./drivers/fsl_spc.o
 .text.SPC_SetActiveModeDCDCRegulatorVoltageLevel
                0x00007094       0x32 ./drivers/fsl_spc.o
 .text.SPC_SetActiveModeCoreLDORegulatorVoltageLevel
                0x000070c6       0x60 ./drivers/fsl_spc.o
                0x000070c6                SPC_SetActiveModeCoreLDORegulatorVoltageLevel
 .text.SPC_SetActiveModeCoreLDORegulatorDriveStrength
                0x00007126       0x5e ./drivers/fsl_spc.o
                0x00007126                SPC_SetActiveModeCoreLDORegulatorDriveStrength
 .text.SPC_SetActiveModeDCDCRegulatorDriveStrength
                0x00007184       0x48 ./drivers/fsl_spc.o
                0x00007184                SPC_SetActiveModeDCDCRegulatorDriveStrength
 .text.CLOCK_EnableClock
                0x000071cc       0x94 ./drivers/fsl_vref.o
 .text.SystemInitHook
                0x00007260        0xe ./device/system_MCXN947_cm33_core0.o
                0x00007260                SystemInitHook
 .text.HAL_UartGetStatus
                0x0000726e       0x28 ./component/uart/fsl_adapter_lpuart.o
 .text.CLOCK_EnableClock
                0x00007296       0x94 ./board/clock_config.o
 .text.BOARD_InitBootClocks
                0x0000732a        0xc ./board/clock_config.o
                0x0000732a                BOARD_InitBootClocks
 .text.CLOCK_EnableClock
                0x00007336       0x94 ./board/hardware_init.o
 .text.SPC_EnableActiveModeAnalogModules
                0x000073ca       0x26 ./board/peripherals.o
 .text.BOARD_InitPeripherals
                0x000073f0       0x10 ./board/peripherals.o
                0x000073f0                BOARD_InitPeripherals
 .text.CLOCK_EnableClock
                0x00007400       0x94 ./board/pin_mux.o
 .text.PORT_SetPinMux
                0x00007494       0x3e ./board/pin_mux.o
 .text.BOARD_InitBootPins
                0x000074d2       0x14 ./board/pin_mux.o
                0x000074d2                BOARD_InitBootPins
 .text.Encoder_IO
                0x000074e6        0xe ./board/pin_mux.o
                0x000074e6                Encoder_IO
 .text.__main   0x000074f4        0xe C:/nxp/MCUXpressoIDE_25.6.136/ide/plugins/com.nxp.mcuxpresso.tools.win32_25.6.0.202501151204/tools/bin/../lib/gcc/arm-none-eabi/14.2.1/../../../../arm-none-eabi/lib/thumb/v8-m.main+fp/hard\libcr_nohost_nf.a(_cr__main.o)
                0x000074f4                __main
 .text.memset   0x00007502        0x4 C:/nxp/MCUXpressoIDE_25.6.136/ide/plugins/com.nxp.mcuxpresso.tools.win32_25.6.0.202501151204/tools/bin/../lib/gcc/arm-none-eabi/14.2.1/../../../../arm-none-eabi/lib/thumb/v8-m.main+fp/hard\libcr_c.a(memset.o)
                0x00007502                memset
 .text.free     0x00007506       0x30 C:/nxp/MCUXpressoIDE_25.6.136/ide/plugins/com.nxp.mcuxpresso.tools.win32_25.6.0.202501151204/tools/bin/../lib/gcc/arm-none-eabi/14.2.1/../../../../arm-none-eabi/lib/thumb/v8-m.main+fp/hard\libcr_c.a(alloc.o)
                0x00007506                free
 .text.setvbuf  0x00007536       0x3e C:/nxp/MCUXpressoIDE_25.6.136/ide/plugins/com.nxp.mcuxpresso.tools.win32_25.6.0.202501151204/tools/bin/../lib/gcc/arm-none-eabi/14.2.1/../../../../arm-none-eabi/lib/thumb/v8-m.main+fp/hard\libcr_c.a(setvbuf.o)
                0x00007536                setvbuf
 .text.strlen   0x00007574       0x4e C:/nxp/MCUXpressoIDE_25.6.136/ide/plugins/com.nxp.mcuxpresso.tools.win32_25.6.0.202501151204/tools/bin/../lib/gcc/arm-none-eabi/14.2.1/../../../../arm-none-eabi/lib/thumb/v8-m.main+fp/hard\libcr_c.a(strlen.o)
                0x00007574                strlen
 .text._deferredlazyseek
                0x000075c2       0x40 C:/nxp/MCUXpressoIDE_25.6.136/ide/plugins/com.nxp.mcuxpresso.tools.win32_25.6.0.202501151204/tools/bin/../lib/gcc/arm-none-eabi/14.2.1/../../../../arm-none-eabi/lib/thumb/v8-m.main+fp/hard\libcr_c.a(_deferredlazyseek.o)
                0x000075c2                _deferredlazyseek
 .text._fdopen  0x00007602       0x68 C:/nxp/MCUXpressoIDE_25.6.136/ide/plugins/com.nxp.mcuxpresso.tools.win32_25.6.0.202501151204/tools/bin/../lib/gcc/arm-none-eabi/14.2.1/../../../../arm-none-eabi/lib/thumb/v8-m.main+fp/hard\libcr_c.a(_fdopen.o)
                0x00007602                _fdopen
 .text._fflush  0x0000766a       0x52 C:/nxp/MCUXpressoIDE_25.6.136/ide/plugins/com.nxp.mcuxpresso.tools.win32_25.6.0.202501151204/tools/bin/../lib/gcc/arm-none-eabi/14.2.1/../../../../arm-none-eabi/lib/thumb/v8-m.main+fp/hard\libcr_c.a(_fflush.o)
                0x0000766a                _fflush
 .text.fclose   0x000076bc       0x58 C:/nxp/MCUXpressoIDE_25.6.136/ide/plugins/com.nxp.mcuxpresso.tools.win32_25.6.0.202501151204/tools/bin/../lib/gcc/arm-none-eabi/14.2.1/../../../../arm-none-eabi/lib/thumb/v8-m.main+fp/hard\libcr_c.a(fclose.o)
                0x000076bc                fclose
 .text.remove   0x00007714       0x14 C:/nxp/MCUXpressoIDE_25.6.136/ide/plugins/com.nxp.mcuxpresso.tools.win32_25.6.0.202501151204/tools/bin/../lib/gcc/arm-none-eabi/14.2.1/../../../../arm-none-eabi/lib/thumb/v8-m.main+fp/hard\libcr_c.a(remove.o)
                0x00007714                remove
 .text._do_fflush
                0x00007728       0x40 C:/nxp/MCUXpressoIDE_25.6.136/ide/plugins/com.nxp.mcuxpresso.tools.win32_25.6.0.202501151204/tools/bin/../lib/gcc/arm-none-eabi/14.2.1/../../../../arm-none-eabi/lib/thumb/v8-m.main+fp/hard\libcr_c.a(_do_fflush.o)
                0x00007728                _do_fflush
 .text.__aeabi_division_uldivmod
                0x00007768      0x174 C:/nxp/MCUXpressoIDE_25.6.136/ide/plugins/com.nxp.mcuxpresso.tools.win32_25.6.0.202501151204/tools/bin/../lib/gcc/arm-none-eabi/14.2.1/thumb/v8-m.main+fp/hard\libcr_eabihelpers.a(division_64.o)
                0x00007768                __aeabi_uldivmod
                0x0000776c                __bhs_ldivmod1
 .text.__aeabi_division_idiv0
                0x000078dc        0x2 C:/nxp/MCUXpressoIDE_25.6.136/ide/plugins/com.nxp.mcuxpresso.tools.win32_25.6.0.202501151204/tools/bin/../lib/gcc/arm-none-eabi/14.2.1/thumb/v8-m.main+fp/hard\libcr_eabihelpers.a(division_idiv0.o)
                0x000078dc                __aeabi_idiv0
 .text.__aeabi_f2ulz
                0x000078de       0x3e C:/nxp/MCUXpressoIDE_25.6.136/ide/plugins/com.nxp.mcuxpresso.tools.win32_25.6.0.202501151204/tools/bin/../lib/gcc/arm-none-eabi/14.2.1/thumb/v8-m.main+fp/hard\libcr_eabihelpers.a(float.o)
                0x000078de                __aeabi_f2ulz
 .text.__aeabi_memset_lowlevel
                0x0000791c       0x32 C:/nxp/MCUXpressoIDE_25.6.136/ide/plugins/com.nxp.mcuxpresso.tools.win32_25.6.0.202501151204/tools/bin/../lib/gcc/arm-none-eabi/14.2.1/thumb/v8-m.main+fp/hard\libcr_eabihelpers.a(memcpy.o)
                0x0000791c                __aeabi_lowlevel_memset
 .text.__sys_close
                0x0000794e        0x6 C:/nxp/MCUXpressoIDE_25.6.136/ide/plugins/com.nxp.mcuxpresso.tools.win32_25.6.0.202501151204/tools/bin/../lib/gcc/arm-none-eabi/14.2.1/../../../../arm-none-eabi/lib/thumb/v8-m.main+fp/hard\libcr_nohost_nf.a(__sys_close.o)
                0x0000794e                __sys_close
 .text.__sys_flen
                0x00007954        0x6 C:/nxp/MCUXpressoIDE_25.6.136/ide/plugins/com.nxp.mcuxpresso.tools.win32_25.6.0.202501151204/tools/bin/../lib/gcc/arm-none-eabi/14.2.1/../../../../arm-none-eabi/lib/thumb/v8-m.main+fp/hard\libcr_nohost_nf.a(__sys_flen.o)
                0x00007954                __sys_flen
 .text.__sys_istty
                0x0000795a        0x6 C:/nxp/MCUXpressoIDE_25.6.136/ide/plugins/com.nxp.mcuxpresso.tools.win32_25.6.0.202501151204/tools/bin/../lib/gcc/arm-none-eabi/14.2.1/../../../../arm-none-eabi/lib/thumb/v8-m.main+fp/hard\libcr_nohost_nf.a(__sys_istty.o)
                0x0000795a                __sys_istty
 .text.__sys_remove
                0x00007960        0x6 C:/nxp/MCUXpressoIDE_25.6.136/ide/plugins/com.nxp.mcuxpresso.tools.win32_25.6.0.202501151204/tools/bin/../lib/gcc/arm-none-eabi/14.2.1/../../../../arm-none-eabi/lib/thumb/v8-m.main+fp/hard\libcr_nohost_nf.a(__sys_remove.o)
                0x00007960                __sys_remove
 .text.__sys_seek
                0x00007966        0x6 C:/nxp/MCUXpressoIDE_25.6.136/ide/plugins/com.nxp.mcuxpresso.tools.win32_25.6.0.202501151204/tools/bin/../lib/gcc/arm-none-eabi/14.2.1/../../../../arm-none-eabi/lib/thumb/v8-m.main+fp/hard\libcr_nohost_nf.a(__sys_seek.o)
                0x00007966                __sys_seek
 .text.__sys_tmpnam
                0x0000796c        0x6 C:/nxp/MCUXpressoIDE_25.6.136/ide/plugins/com.nxp.mcuxpresso.tools.win32_25.6.0.202501151204/tools/bin/../lib/gcc/arm-none-eabi/14.2.1/../../../../arm-none-eabi/lib/thumb/v8-m.main+fp/hard\libcr_nohost_nf.a(__sys_tmpnam.o)
                0x0000796c                __sys_tmpnam
 .text.__sys_write
                0x00007972        0x4 C:/nxp/MCUXpressoIDE_25.6.136/ide/plugins/com.nxp.mcuxpresso.tools.win32_25.6.0.202501151204/tools/bin/../lib/gcc/arm-none-eabi/14.2.1/../../../../arm-none-eabi/lib/thumb/v8-m.main+fp/hard\libcr_nohost_nf.a(__sys_write.o)
                0x00007972                __sys_write
 *(SORT_BY_ALIGNMENT(.rodata) SORT_BY_ALIGNMENT(.rodata.*) SORT_BY_ALIGNMENT(.constdata) SORT_BY_ALIGNMENT(.constdata.*))
 *fill*         0x00007976        0x2 ff
 .rodata.__assertion_failed.str1.4
                0x00007978      0xc55 ./utilities/fsl_assert.o
                                 0x14 (size before relaxing)
 .rodata.lcd_show_score.str1.4
                0x000085cd       0x13 ./source/lcd_score.o
 .rodata.lcd_show_timer.str1.4
                0x000085cd        0x7 ./source/lcd_score.o
 .rodata.lcd_clear_timer.str1.4
                0x000085cd       0x11 ./source/lcd_score.o
 .rodata.main.str1.4
                0x000085cd      0x1ca ./source/main.o
 *fill*         0x000085cd        0x3 ff
 .rodata        0x000085d0       0x10 ./source/main.o
 .rodata.font   0x000085e0      0x600 ./source/oled.o
                0x000085e0                font
 .rodata        0x00008be0       0x18 ./source/oled.o
 .rodata.SDK_DelayAtLeastUs.str1.4
                0x00008bf8       0x2b ./drivers/fsl_common_arm.o
 .rodata.s_gpioBases
                0x00008bf8       0x30 ./drivers/fsl_gpio.o
 .rodata.s_gpioClockName
                0x00008c28        0xc ./drivers/fsl_gpio.o
 .rodata.GPIO_GetInstance.str1.4
                0x00008c34       0x34 ./drivers/fsl_gpio.o
 .rodata.GPIO_PortClockEnable.str1.4
                0x00008c34       0x38 ./drivers/fsl_gpio.o
 .rodata.GPIO_PinInit.str1.4
                0x00008c34       0x20 ./drivers/fsl_gpio.o
 .rodata.s_lpadcBases
                0x00008c34        0x8 ./drivers/fsl_lpadc.o
 .rodata.s_lpadcClocks
                0x00008c3c        0x4 ./drivers/fsl_lpadc.o
 .rodata.s_lpadcResets
                0x00008c40        0x8 ./drivers/fsl_lpadc.o
 .rodata.LPADC_GetInstance.str1.4
                0x00008c48       0x36 ./drivers/fsl_lpadc.o
 .rodata.LPADC_Init.str1.4
                0x00008c48       0x21 ./drivers/fsl_lpadc.o
 .rodata.LPADC_GetConvResult.str1.4
                0x00008c48       0x21 ./drivers/fsl_lpadc.o
 .rodata.LPADC_SetConvTriggerConfig.str1.4
                0x00008c48       0x51 ./drivers/fsl_lpadc.o
 .rodata.LPADC_GetDefaultConvTriggerConfig.str1.4
                0x00008c48       0x21 ./drivers/fsl_lpadc.o
 .rodata.LPADC_SetConvCommandConfig.str1.4
                0x00008c48      0x1ac ./drivers/fsl_lpadc.o
 .rodata.LPADC_GetDefaultConvCommandConfig.str1.4
                0x00008c48       0x21 ./drivers/fsl_lpadc.o
 .rodata.s_lpflexcommBaseAddrs
                0x00008c48       0x28 ./drivers/fsl_lpflexcomm.o
 .rodata.s_lpflexcommBase
                0x00008c70       0x28 ./drivers/fsl_lpflexcomm.o
 .rodata.s_lpflexcommClocks
                0x00008c98       0x14 ./drivers/fsl_lpflexcomm.o
 .rodata.s_lpflexcommResets
                0x00008cac       0x28 ./drivers/fsl_lpflexcomm.o
 .rodata.LP_FLEXCOMM_SetPeriph.str1.4
                0x00008cd4       0x43 ./drivers/fsl_lpflexcomm.o
 .rodata.LP_FLEXCOMM_Init.str1.4
                0x00008cd4       0x49 ./drivers/fsl_lpflexcomm.o
 .rodata.kLpi2cBases
                0x00008cd4       0x28 ./drivers/fsl_lpi2c.o
 .rodata.kLpi2cClocks
                0x00008cfc       0x14 ./drivers/fsl_lpi2c.o
 .rodata.LPI2C_GetInstance.str1.4
                0x00008d10       0x35 ./drivers/fsl_lpi2c.o
 .rodata.LPI2C_GetCyclesForWidth.str1.4
                0x00008d10       0x26 ./drivers/fsl_lpi2c.o
 .rodata.LPI2C_MasterInit.str1.4
                0x00008d10       0x18 ./drivers/fsl_lpi2c.o
 .rodata.LPI2C_MasterReceive.str1.4
                0x00008d10       0x21 ./drivers/fsl_lpi2c.o
 .rodata.LPI2C_MasterSend.str1.4
                0x00008d10       0x21 ./drivers/fsl_lpi2c.o
 .rodata.LPI2C_MasterTransferBlocking.str1.4
                0x00008d10       0x6f ./drivers/fsl_lpi2c.o
 .rodata.s_lpuartBases
                0x00008d10       0x28 ./drivers/fsl_lpuart.o
 .rodata.LPUART_GetInstance.str1.4
                0x00008d38       0x38 ./drivers/fsl_lpuart.o
 .rodata.LPUART_Init.str1.4
                0x00008d38      0x10a ./drivers/fsl_lpuart.o
 .rodata.LPUART_GetDefaultConfig.str1.4
                0x00008d38       0x22 ./drivers/fsl_lpuart.o
 .rodata.LPUART_WriteBlocking.str1.4
                0x00008d38       0x21 ./drivers/fsl_lpuart.o
 .rodata.LPUART_ReadBlocking.str1.4
                0x00008d38       0x21 ./drivers/fsl_lpuart.o
 .rodata.RESET_ClearPeripheralReset.str1.4
                0x00008d38       0x1e ./drivers/fsl_reset.o
 .rodata.SPC_SetSRAMOperateVoltage.str1.4
                0x00008d38       0x1f ./drivers/fsl_spc.o
 .rodata.SPC_SetActiveModeCoreLDORegulatorConfig.str1.4
                0x00008d38       0x1f ./drivers/fsl_spc.o
 .rodata.SPC_SetActiveModeDCDCRegulatorConfig.str1.4
                0x00008d38       0x20 ./drivers/fsl_spc.o
 .rodata.VREF_GetInstance.str1.4
                0x00008d38       0x33 ./drivers/fsl_vref.o
 .rodata.VREF_Init.str1.4
                0x00008d38       0x1f ./drivers/fsl_vref.o
 .rodata.s_LpuartAdapterBase
                0x00008d38       0x28 ./component/uart/fsl_adapter_lpuart.o
 .rodata.HAL_UartInit.str1.4
                0x00008d60      0x116 ./component/uart/fsl_adapter_lpuart.o
 .rodata.HAL_UartReceiveBlocking.str1.4
                0x00008d60       0x7b ./component/uart/fsl_adapter_lpuart.o
 .rodata.HAL_UartSendBlocking.str1.4
                0x00008d60       0x7b ./component/uart/fsl_adapter_lpuart.o
 .rodata        0x00008d60       0x22 ./board/clock_config.o
 *fill*         0x00008d82        0x2 ff
 .rodata.ADC1_config
                0x00008d84       0x18 ./board/peripherals.o
                0x00008d84                ADC1_config
 .rodata.VREF0_config
                0x00008d9c        0x6 ./board/peripherals.o
                0x00008d9c                VREF0_config
 .rodata.PORT_SetPinConfig.str1.4
                0x00008da2       0x6d ./board/pin_mux.o
 *fill*         0x00008da2        0x2 ff
 .rodata.__num_Ciob_streams
                0x00008da4        0x4 C:/nxp/MCUXpressoIDE_25.6.136/ide/plugins/com.nxp.mcuxpresso.tools.win32_25.6.0.202501151204/tools/bin/../lib/gcc/arm-none-eabi/14.2.1/../../../../arm-none-eabi/lib/thumb/v8-m.main+fp/hard\libcr_nohost_nf.a(__ciob.o)
                0x00008da4                __num_Ciob_streams
 .rodata._initio.str1.1
                0x00008da8        0x4 C:/nxp/MCUXpressoIDE_25.6.136/ide/plugins/com.nxp.mcuxpresso.tools.win32_25.6.0.202501151204/tools/bin/../lib/gcc/arm-none-eabi/14.2.1/../../../../arm-none-eabi/lib/thumb/v8-m.main+fp/hard\libcr_c.a(initio.o)
                0x00008dac                        . = ALIGN (0x4)

.glue_7         0x00008dac        0x0
 .glue_7        0x00008dac        0x0 linker stubs

.glue_7t        0x00008dac        0x0
 .glue_7t       0x00008dac        0x0 linker stubs

.vfp11_veneer   0x00008dac        0x0
 .vfp11_veneer  0x00008dac        0x0 linker stubs

.v4_bx          0x00008dac        0x0
 .v4_bx         0x00008dac        0x0 linker stubs

.iplt           0x00008dac        0x0
 .iplt          0x00008dac        0x0 ./utilities/debug_console_lite/fsl_debug_console.o

.rel.dyn        0x00008dac        0x0
 .rel.iplt      0x00008dac        0x0 ./utilities/debug_console_lite/fsl_debug_console.o

.ARM.extab
 *(SORT_BY_ALIGNMENT(.ARM.extab*) SORT_BY_ALIGNMENT(.gnu.linkonce.armextab.*))

.ARM.exidx      0x00008dac        0x0
                0x00008dac                        __exidx_start = .
 *(SORT_BY_ALIGNMENT(.ARM.exidx*) SORT_BY_ALIGNMENT(.gnu.linkonce.armexidx.*))
                0x00008dac                        __exidx_end = .
                0x00008dac                        _etext = .

.m_usb_data
 *(SORT_BY_ALIGNMENT(m_usb_global))

.data_RAM2      0x04000000        0x0 load address 0x00008dac
 FILL mask 0xff
                [!provide]                        PROVIDE (__start_data_RAM2 = .)
                [!provide]                        PROVIDE (__start_data_SRAMX = .)
 *(SORT_BY_ALIGNMENT(.ramfunc.$RAM2))
 *(SORT_BY_ALIGNMENT(.ramfunc.$SRAMX))
 *(SORT_BY_ALIGNMENT(.data.$RAM2))
 *(SORT_BY_ALIGNMENT(.data.$SRAMX))
 *(SORT_BY_ALIGNMENT(.data.$RAM2.*))
 *(SORT_BY_ALIGNMENT(.data.$SRAMX.*))
                0x04000000                        . = ALIGN (0x4)
                [!provide]                        PROVIDE (__end_data_RAM2 = .)
                [!provide]                        PROVIDE (__end_data_SRAMX = .)

.data_RAM3      0x20060000        0x0 load address 0x00008dac
 FILL mask 0xff
                [!provide]                        PROVIDE (__start_data_RAM3 = .)
                [!provide]                        PROVIDE (__start_data_SRAMH = .)
 *(SORT_BY_ALIGNMENT(.ramfunc.$RAM3))
 *(SORT_BY_ALIGNMENT(.ramfunc.$SRAMH))
 *(SORT_BY_ALIGNMENT(.data.$RAM3))
 *(SORT_BY_ALIGNMENT(.data.$SRAMH))
 *(SORT_BY_ALIGNMENT(.data.$RAM3.*))
 *(SORT_BY_ALIGNMENT(.data.$SRAMH.*))
                0x20060000                        . = ALIGN (0x4)
                [!provide]                        PROVIDE (__end_data_RAM3 = .)
                [!provide]                        PROVIDE (__end_data_SRAMH = .)

.data_RAM4      0x400ba000        0x0 load address 0x00008dac
 FILL mask 0xff
                [!provide]                        PROVIDE (__start_data_RAM4 = .)
                [!provide]                        PROVIDE (__start_data_USB_RAM = .)
 *(SORT_BY_ALIGNMENT(.ramfunc.$RAM4))
 *(SORT_BY_ALIGNMENT(.ramfunc.$USB_RAM))
 *(SORT_BY_ALIGNMENT(.data.$RAM4))
 *(SORT_BY_ALIGNMENT(.data.$USB_RAM))
 *(SORT_BY_ALIGNMENT(.data.$RAM4.*))
 *(SORT_BY_ALIGNMENT(.data.$USB_RAM.*))
                0x400ba000                        . = ALIGN (0x4)
                [!provide]                        PROVIDE (__end_data_RAM4 = .)
                [!provide]                        PROVIDE (__end_data_USB_RAM = .)

.uninit_RESERVED
                0x20000000        0x0
                0x20000000                        _start_uninit_RESERVED = .
 *(SORT_BY_ALIGNMENT(.bss.$RESERVED*))
                0x20000000                        . = ALIGN (0x4)
                0x20000000                        _end_uninit_RESERVED = .

.data           0x20000000       0x24 load address 0x00008dac
 FILL mask 0xff
                0x20000000                        _data = .
                [!provide]                        PROVIDE (__start_data_RAM = .)
                [!provide]                        PROVIDE (__start_data_SRAM = .)
 *(SORT_BY_ALIGNMENT(vtable))
 *(SORT_BY_ALIGNMENT(.ramfunc*))
 *(SORT_BY_ALIGNMENT(CodeQuickAccess))
 *(SORT_BY_ALIGNMENT(DataQuickAccess))
 *(SORT_BY_ALIGNMENT(RamFunction))
 *(SORT_BY_ALIGNMENT(.data*))
 .data.rngState
                0x20000000        0x4 ./source/main.o
 .data.smoothedCm.11
                0x20000004        0x4 ./source/main.o
 .data.lastPotRaw.8
                0x20000008        0x4 ./source/main.o
 .data.lastRightPotRaw.5
                0x2000000c        0x4 ./source/main.o
 .data.s_Ext_Clk_Freq
                0x20000010        0x4 ./drivers/fsl_clock.o
 .data.s_Xtal32_Freq
                0x20000014        0x4 ./drivers/fsl_clock.o
 .data.SystemCoreClock
                0x20000018        0x4 ./device/system_MCXN947_cm33_core0.o
                0x20000018                SystemCoreClock
 .data.s_last_angle_x10
                0x2000001c        0x2 ./source/servo.o
 .data.s_backlight_on
                0x2000001e        0x1 ./source/lcd.o
 .data.btnPrev.18
                0x2000001f        0x1 ./source/main.o
 .data.modeNeedsRender.16
                0x20000020        0x1 ./source/main.o
 .data.resetPrev.15
                0x20000021        0x1 ./source/main.o
 .data.menuNeedsRender.13
                0x20000022        0x1 ./source/main.o
 .data.gameOverNeedsRender.0
                0x20000023        0x1 ./source/main.o
                0x20000024                        . = ALIGN (0x4)
                0x20000024                        _edata = .
                [!provide]                        PROVIDE (__end_data_RAM = .)
                [!provide]                        PROVIDE (__end_data_SRAM = .)

.igot.plt       0x20000024        0x0 load address 0x00008dd0
 .igot.plt      0x20000024        0x0 ./utilities/debug_console_lite/fsl_debug_console.o

.bss_RAM2       0x04000000        0x0
                [!provide]                        PROVIDE (__start_bss_RAM2 = .)
                [!provide]                        PROVIDE (__start_bss_SRAMX = .)
 *(SORT_BY_ALIGNMENT(.bss.$RAM2))
 *(SORT_BY_ALIGNMENT(.bss.$SRAMX))
 *(SORT_BY_ALIGNMENT(.bss.$RAM2.*))
 *(SORT_BY_ALIGNMENT(.bss.$SRAMX.*))
                0x04000000                        . = ALIGN ((. != 0x0)?0x4:0x1)
                [!provide]                        PROVIDE (__end_bss_RAM2 = .)
                [!provide]                        PROVIDE (__end_bss_SRAMX = .)

.bss_RAM3       0x20060000        0x0
                [!provide]                        PROVIDE (__start_bss_RAM3 = .)
                [!provide]                        PROVIDE (__start_bss_SRAMH = .)
 *(SORT_BY_ALIGNMENT(.bss.$RAM3))
 *(SORT_BY_ALIGNMENT(.bss.$SRAMH))
 *(SORT_BY_ALIGNMENT(.bss.$RAM3.*))
 *(SORT_BY_ALIGNMENT(.bss.$SRAMH.*))
                0x20060000                        . = ALIGN ((. != 0x0)?0x4:0x1)
                [!provide]                        PROVIDE (__end_bss_RAM3 = .)
                [!provide]                        PROVIDE (__end_bss_SRAMH = .)

.bss_RAM4       0x400ba000        0x0
                [!provide]                        PROVIDE (__start_bss_RAM4 = .)
                [!provide]                        PROVIDE (__start_bss_USB_RAM = .)
 *(SORT_BY_ALIGNMENT(.bss.$RAM4))
 *(SORT_BY_ALIGNMENT(.bss.$USB_RAM))
 *(SORT_BY_ALIGNMENT(.bss.$RAM4.*))
 *(SORT_BY_ALIGNMENT(.bss.$USB_RAM.*))
                0x400ba000                        . = ALIGN ((. != 0x0)?0x4:0x1)
                [!provide]                        PROVIDE (__end_bss_RAM4 = .)
                [!provide]                        PROVIDE (__end_bss_USB_RAM = .)

.bss            0x20000024      0x654
                0x20000024                        _bss = .
                [!provide]                        PROVIDE (__start_bss_RAM = .)
                [!provide]                        PROVIDE (__start_bss_SRAM = .)
 *(SORT_BY_ALIGNMENT(.bss*))
 .bss.s_debugConsole
                0x20000024       0x14 ./utilities/debug_console_lite/fsl_debug_console.o
 .bss.s_buzzerFramesRemaining
                0x20000038        0x4 ./source/buzzer.o
 .bss.s_frameBuffer
                0x2000003c      0x400 ./source/framebuffer.o
 .bss.btnDebounce.17
                0x2000043c        0x4 ./source/main.o
 .bss.resetDebounce.14
                0x20000440        0x4 ./source/main.o
 .bss.sensorFrameCounter.12
                0x20000444        0x4 ./source/main.o
 .bss.lastSensorCm.10
                0x20000448        0x4 ./source/main.o
 .bss.leftIdleFrames.7
                0x2000044c        0x4 ./source/main.o
 .bss.rightPotFrameCounter.6