Archive member included to satisfy reference by file (symbol)

C:/nxp/MCUXpressoIDE_25.6.136/ide/plugins/com.nxp.mcuxpresso.tools.win32_25.6.0.202501151204/tools/bin/../lib/gcc/arm-none-eabi/14.2.1/../../../../arm-none-eabi/lib/thumb/v8-m.main+fp/hard\libcr_nohost_nf.a(_cr__main.o)
                              ./startup/startup_mcxn947_cm33_core0.o (__main)
C:/nxp/MCUXpressoIDE_25.6.136/ide/plugins/com.nxp.mcuxpresso.tools.win32_25.6.0.202501151204/tools/bin/../lib/gcc/arm-none-eabi/14.2.1/../../../../arm-none-eabi/lib/thumb/v8-m.main+fp/hard\libcr_c.a(memset.o)
                              ./source/lcd.o (memset)
C:/nxp/MCUXpressoIDE_25.6.136/ide/plugins/com.nxp.mcuxpresso.tools.win32_25.6.0.202501151204/tools/bin/../lib/gcc/arm-none-eabi/14.2.1/../../../../arm-none-eabi/lib/thumb/v8-m.main+fp/hard\libcr_c.a(alloc.o)
                              ./drivers/fsl_common.o (malloc)
C:/nxp/MCUXpressoIDE_25.6.136/ide/plugins/com.nxp.mcuxpresso.tools.win32_25.6.0.202501151204/tools/bin/../lib/gcc/arm-none-eabi/14.2.1/../../../../arm-none-eabi/lib/thumb/v8-m.main+fp/hard\libcr_c.a(errno.o)
                              ./utilities/str/fsl_str.o (errno)
C:/nxp/MCUXpressoIDE_25.6.136/ide/plugins/com.nxp.mcuxpresso.tools.win32_25.6.0.202501151204/tools/bin/../lib/gcc/arm-none-eabi/14.2.1/../../../../arm-none-eabi/lib/thumb/v8-m.main+fp/hard\libcr_c.a(initio.o)
                              C:/nxp/MCUXpressoIDE_25.6.136/ide/plugins/com.nxp.mcuxpresso.tools.win32_25.6.0.202501151204/tools/bin/../lib/gcc/arm-none-eabi/14.2.1/../../../../arm-none-eabi/lib/thumb/v8-m.main+fp/hard\libcr_nohost_nf.a(_cr__main.o) (_initio)
C:/nxp/MCUXpressoIDE_25.6.136/ide/plugins/com.nxp.mcuxpresso.tools.win32_25.6.0.202501151204/tools/bin/../lib/gcc/arm-none-eabi/14.2.1/../../../../arm-none-eabi/lib/thumb/v8-m.main+fp/hard\libcr_c.a(printf.o)
                              ./source/oled.o (_vsnprintf)
C:/nxp/MCUXpressoIDE_25.6.136/ide/plugins/com.nxp.mcuxpresso.tools.win32_25.6.0.202501151204/tools/bin/../lib/gcc/arm-none-eabi/14.2.1/../../../../arm-none-eabi/lib/thumb/v8-m.main+fp/hard\libcr_c.a(scanf.o)
                              ./utilities/str/fsl_str.o (strtoul)
C:/nxp/MCUXpressoIDE_25.6.136/ide/plugins/com.nxp.mcuxpresso.tools.win32_25.6.0.202501151204/tools/bin/../lib/gcc/arm-none-eabi/14.2.1/../../../../arm-none-eabi/lib/thumb/v8-m.main+fp/hard\libcr_c.a(setvbuf.o)
                              C:/nxp/MCUXpressoIDE_25.6.136/ide/plugins/com.nxp.mcuxpresso.tools.win32_25.6.0.202501151204/tools/bin/../lib/gcc/arm-none-eabi/14.2.1/../../../../arm-none-eabi/lib/thumb/v8-m.main+fp/hard\libcr_c.a(initio.o) (setvbuf)
C:/nxp/MCUXpressoIDE_25.6.136/ide/plugins/com.nxp.mcuxpresso.tools.win32_25.6.0.202501151204/tools/bin/../lib/gcc/arm-none-eabi/14.2.1/../../../../arm-none-eabi/lib/thumb/v8-m.main+fp/hard\libcr_c.a(strlen.o)
                              ./utilities/str/fsl_str.o (strlen)
C:/nxp/MCUXpressoIDE_25.6.136/ide/plugins/com.nxp.mcuxpresso.tools.win32_25.6.0.202501151204/tools/bin/../lib/gcc/arm-none-eabi/14.2.1/../../../../arm-none-eabi/lib/thumb/v8-m.main+fp/hard\libcr_c.a(ungetc.o)
                              C:/nxp/MCUXpressoIDE_25.6.136/ide/plugins/com.nxp.mcuxpresso.tools.win32_25.6.0.202501151204/tools/bin/../lib/gcc/arm-none-eabi/14.2.1/../../../../arm-none-eabi/lib/thumb/v8-m.main+fp/hard\libcr_c.a(scanf.o) (ungetc)
C:/nxp/MCUXpressoIDE_25.6.136/ide/plugins/com.nxp.mcuxpresso.tools.win32_25.6.0.202501151204/tools/bin/../lib/gcc/arm-none-eabi/14.2.1/../../../../arm-none-eabi/lib/thumb/v8-m.main+fp/hard\libcr_c.a(__fillbuf.o)
                              C:/nxp/MCUXpressoIDE_25.6.136/ide/plugins/com.nxp.mcuxpresso.tools.win32_25.6.0.202501151204/tools/bin/../lib/gcc/arm-none-eabi/14.2.1/../../../../arm-none-eabi/lib/thumb/v8-m.main+fp/hard\libcr_c.a(scanf.o) (__filbuf)
C:/nxp/MCUXpressoIDE_25.6.136/ide/plugins/com.nxp.mcuxpresso.tools.win32_25.6.0.202501151204/tools/bin/../lib/gcc/arm-none-eabi/14.2.1/../../../../arm-none-eabi/lib/thumb/v8-m.main+fp/hard\libcr_c.a(__init_alloc.o)
                              C:/nxp/MCUXpressoIDE_25.6.136/ide/plugins/com.nxp.mcuxpresso.tools.win32_25.6.0.202501151204/tools/bin/../lib/gcc/arm-none-eabi/14.2.1/../../../../arm-none-eabi/lib/thumb/v8-m.main+fp/hard\libcr_c.a(alloc.o) (__heaps)
C:/nxp/MCUXpressoIDE_25.6.136/ide/plugins/com.nxp.mcuxpresso.tools.win32_25.6.0.202501151204/tools/bin/../lib/gcc/arm-none-eabi/14.2.1/../../../../arm-none-eabi/lib/thumb/v8-m.main+fp/hard\libcr_c.a(_cr_sbrk.o)
                              C:/nxp/MCUXpressoIDE_25.6.136/ide/plugins/com.nxp.mcuxpresso.tools.win32_25.6.0.202501151204/tools/bin/../lib/gcc/arm-none-eabi/14.2.1/../../../../arm-none-eabi/lib/thumb/v8-m.main+fp/hard\libcr_c.a(alloc.o) (_sbrk)
C:/nxp/MCUXpressoIDE_25.6.136/ide/plugins/com.nxp.mcuxpresso.tools.win32_25.6.0.202501151204/tools/bin/../lib/gcc/arm-none-eabi/14.2.1/../../../../arm-none-eabi/lib/thumb/v8-m.main+fp/hard\libcr_c.a(_deferredlazyseek.o)
[...]
Memory Configuration

Name             Origin             Length             Attributes
PROGRAM_FLASH0   0x00000000         0x00100000         xr
PROGRAM_FLASH1   0x00100000         0x00100000         xr
SRAM             0x20000000         0x00060000         xrw
SRAMX            0x04000000         0x00018000         xrw
SRAMH            0x20060000         0x00008000         xrw
USB_RAM          0x400ba000         0x00001000         xrw
*default*        0x00000000         0xffffffff

Linker script and memory map

LOAD ./utilities/str/fsl_str.o
LOAD ./utilities/debug_console_lite/fsl_debug_console.o
LOAD ./utilities/fsl_assert.o
LOAD ./utilities/fsl_memcpy.o
LOAD ./startup/boot_multicore_slave.o
LOAD ./startup/startup_mcxn947_cm33_core0.o
LOAD ./source/distance_sensor.o
LOAD ./source/draw.o
LOAD ./source/framebuffer.o
LOAD ./source/game_logic.o
LOAD ./source/i2c_bus.o
LOAD ./source/lcd.o
LOAD ./source/lcd_score.o
LOAD ./source/main.o
LOAD ./source/oled.o
LOAD ./source/semihost_hardfault.o
LOAD ./drivers/fsl_clock.o
LOAD ./drivers/fsl_common.o
LOAD ./drivers/fsl_common_arm.o
LOAD ./drivers/fsl_gpio.o
LOAD ./drivers/fsl_lpflexcomm.o
LOAD ./drivers/fsl_lpi2c.o
LOAD ./drivers/fsl_lpuart.o
LOAD ./drivers/fsl_reset.o
LOAD ./drivers/fsl_spc.o
LOAD ./device/system_MCXN947_cm33_core0.o
LOAD ./component/uart/fsl_adapter_lpuart.o
LOAD ./board/board.o
LOAD ./board/clock_config.o
LOAD ./board/hardware_init.o
LOAD ./board/pin_mux.o
START GROUP
LOAD C:/nxp/MCUXpressoIDE_25.6.136/ide/plugins/com.nxp.mcuxpresso.tools.win32_25.6.0.202501151204/tools/bin/../lib/gcc/arm-none-eabi/14.2.1/../../../../arm-none-eabi/lib/thumb/v8-m.main+fp/hard\libcr_nohost_nf.a
LOAD C:/nxp/MCUXpressoIDE_25.6.136/ide/plugins/com.nxp.mcuxpresso.tools.win32_25.6.0.202501151204/tools/bin/../lib/gcc/arm-none-eabi/14.2.1/../../../../arm-none-eabi/lib/thumb/v8-m.main+fp/hard\libcr_c.a
LOAD C:/nxp/MCUXpressoIDE_25.6.136/ide/plugins/com.nxp.mcuxpresso.tools.win32_25.6.0.202501151204/tools/bin/../lib/gcc/arm-none-eabi/14.2.1/thumb/v8-m.main+fp/hard\libcr_eabihelpers.a
LOAD C:/nxp/MCUXpressoIDE_25.6.136/ide/plugins/com.nxp.mcuxpresso.tools.win32_25.6.0.202501151204/tools/bin/../lib/gcc/arm-none-eabi/14.2.1/thumb/v8-m.main+fp/hard\libgcc.a
END GROUP
                0x00000000                        __base_PROGRAM_FLASH0 = 0x0
                0x00000000                        __base_Flash = 0x0
                0x00100000                        __top_PROGRAM_FLASH0 = 0x100000
                0x00100000                        __top_Flash = 0x100000
                0x00100000                        __base_PROGRAM_FLASH1 = 0x100000
                0x00100000                        __base_Flash2 = 0x100000
                0x00200000                        __top_PROGRAM_FLASH1 = 0x200000
                0x00200000                        __top_Flash2 = 0x200000
                0x20000000                        __base_SRAM = 0x20000000
                0x20000000                        __base_RAM = 0x20000000
                0x20060000                        __top_SRAM = 0x20060000
                0x20060000                        __top_RAM = 0x20060000
                0x04000000                        __base_SRAMX = 0x4000000
                0x04000000                        __base_RAM2 = 0x4000000
                0x04018000                        __top_SRAMX = 0x4018000
                0x04018000                        __top_RAM2 = 0x4018000
                0x20060000                        __base_SRAMH = 0x20060000
                0x20060000                        __base_RAM3 = 0x20060000
                0x20068000                        __top_SRAMH = 0x20068000
                0x20068000                        __top_RAM3 = 0x20068000
                0x400ba000                        __base_USB_RAM = 0x400ba000
                0x400ba000                        __base_RAM4 = 0x400ba000
                0x400bb000                        __top_USB_RAM = 0x400bb000
                0x400bb000                        __top_RAM4 = 0x400bb000

.text_Flash2    0x00100000        0x0
 FILL mask 0xff
 *(SORT_BY_ALIGNMENT(.text_Flash2))
 *(SORT_BY_ALIGNMENT(.text_PROGRAM_FLASH1))
 *(SORT_BY_ALIGNMENT(.text.$Flash2))
 *(SORT_BY_ALIGNMENT(.text.$PROGRAM_FLASH1))
 *(SORT_BY_ALIGNMENT(.text_Flash2.*))
 *(SORT_BY_ALIGNMENT(.text_PROGRAM_FLASH1.*))
 *(SORT_BY_ALIGNMENT(.text.$Flash2.*))
 *(SORT_BY_ALIGNMENT(.text.$PROGRAM_FLASH1.*))
 *(SORT_BY_ALIGNMENT(.rodata.$Flash2))
 *(SORT_BY_ALIGNMENT(.rodata.$PROGRAM_FLASH1))
 *(SORT_BY_ALIGNMENT(.rodata.$Flash2.*))
 *(SORT_BY_ALIGNMENT(.rodata.$PROGRAM_FLASH1.*))

.text           0x00000000     0x643c
 FILL mask 0xff
                0x00000000                        __vectors_start__ = ABSOLUTE (.)
 *(SORT_BY_ALIGNMENT(.isr_vector))
 .isr_vector    0x00000000      0x2b0 ./startup/startup_mcxn947_cm33_core0.o
                0x00000000                g_pfnVectors
                0x00000000                __Vectors
                0x000002b0                        . = ALIGN (0x4)
                0x000002b0                        __section_table_start = .
                0x000002b0                        __data_section_table = .
                0x000002b0        0x4 LONG 0x643c LOADADDR (.data)
                0x000002b4        0x4 LONG 0x20000000 ADDR (.data)
                0x000002b8        0x4 LONG 0x14 SIZEOF (.data)
                0x000002bc        0x4 LONG 0x643c LOADADDR (.data_RAM2)
                0x000002c0        0x4 LONG 0x4000000 ADDR (.data_RAM2)
                0x000002c4        0x4 LONG 0x0 SIZEOF (.data_RAM2)
                0x000002c8        0x4 LONG 0x643c LOADADDR (.data_RAM3)
                0x000002cc        0x4 LONG 0x20060000 ADDR (.data_RAM3)
                0x000002d0        0x4 LONG 0x0 SIZEOF (.data_RAM3)
                0x000002d4        0x4 LONG 0x643c LOADADDR (.data_RAM4)
                0x000002d8        0x4 LONG 0x400ba000 ADDR (.data_RAM4)
                0x000002dc        0x4 LONG 0x0 SIZEOF (.data_RAM4)
                0x000002e0                        __data_section_table_end = .
                0x000002e0                        __bss_section_table = .
                0x000002e0        0x4 LONG 0x20000014 ADDR (.bss)
                0x000002e4        0x4 LONG 0x61c SIZEOF (.bss)
                0x000002e8        0x4 LONG 0x4000000 ADDR (.bss_RAM2)
                0x000002ec        0x4 LONG 0x0 SIZEOF (.bss_RAM2)
                0x000002f0        0x4 LONG 0x20060000 ADDR (.bss_RAM3)
                0x000002f4        0x4 LONG 0x0 SIZEOF (.bss_RAM3)
                0x000002f8        0x4 LONG 0x400ba000 ADDR (.bss_RAM4)
                0x000002fc        0x4 LONG 0x0 SIZEOF (.bss_RAM4)
                0x00000300                        __bss_section_table_end = .
                0x00000300                        __section_table_end = .
 *(SORT_BY_ALIGNMENT(.after_vectors*))
 .after_vectors.reset
                0x00000300       0x68 ./startup/startup_mcxn947_cm33_core0.o
                0x00000300                ResetISR
 .after_vectors.init_data
                0x00000368       0x1e ./startup/startup_mcxn947_cm33_core0.o
                0x00000368                data_init
 .after_vectors.init_bss
                0x00000386       0x12 ./startup/startup_mcxn947_cm33_core0.o
                0x00000386                bss_init
 .after_vectors
                0x00000398       0x16 ./startup/startup_mcxn947_cm33_core0.o
                0x00000398                NMI_Handler
                0x0000039c                MemManage_Handler
                0x0000039e                BusFault_Handler
                0x000003a0                UsageFault_Handler
                0x000003a2                SecureFault_Handler
                0x000003a4                SVC_Handler
                0x000003a6                DebugMon_Handler
                0x000003a8                PendSV_Handler
                0x000003aa                SysTick_Handler
                0x000003ac                PKC_ERR_DriverIRQHandler
                0x000003ac                QDC1_HOME_DriverIRQHandler
                0x000003ac                EDMA_0_CH5_DriverIRQHandler
                0x000003ac                EDMA_0_CH14_DriverIRQHandler
                0x000003ac                EDMA_1_CH0_DriverIRQHandler
                0x000003ac                I3C0_DriverIRQHandler
                0x000003ac                CMC0_DriverIRQHandler
                0x000003ac                EDMA_0_CH15_DriverIRQHandler
                0x000003ac                LPTMR0_DriverIRQHandler
                0x000003ac                EDMA_0_CH2_DriverIRQHandler
                0x000003ac                USB0_FS_DriverIRQHandler
                0x000003ac                FLEXPWM1_SUBMODULE1_DriverIRQHandler
                0x000003ac                FLEXPWM0_SUBMODULE1_DriverIRQHandler
                0x000003ac                SCG_DriverIRQHandler
                0x000003ac                EDMA_1_CH13_DriverIRQHandler
                0x000003ac                EDMA_1_CH11_DriverIRQHandler
                0x000003ac                FLEXPWM0_RELOAD_ERROR_DriverIRQHandler
                0x000003ac                QDC0_HOME_DriverIRQHandler
                0x000003ac                Reserved167_DriverIRQHandler
                0x000003ac                EDMA_1_CH9_DriverIRQHandler
                0x000003ac                SEC_VIO_DriverIRQHandler
                0x000003ac                ERM_MULTI_BIT_ERROR_DriverIRQHandler
                0x000003ac                GPIO31_DriverIRQHandler
                0x000003ac                EWM0_DriverIRQHandler
                0x000003ac                PKC_DriverIRQHandler
                0x000003ac                EDMA_0_CH10_DriverIRQHandler
                0x000003ac                USB1_HS_PHY_DriverIRQHandler
                0x000003ac                QDC0_IDX_DriverIRQHandler
                0x000003ac                ELS_DriverIRQHandler
                0x000003ac                Reserved166_DriverIRQHandler
                0x000003ac                EDMA_1_CH2_DriverIRQHandler
                0x000003ac                ETHERNET_DriverIRQHandler
                0x000003ac                QDC1_IDX_DriverIRQHandler
                0x000003ac                EDMA_1_CH14_DriverIRQHandler
                0x000003ac                FLEXPWM1_SUBMODULE3_DriverIRQHandler
                0x000003ac                EDMA_1_CH7_DriverIRQHandler
                0x000003ac                EDMA_1_CH6_DriverIRQHandler
                0x000003ac                DAC1_DriverIRQHandler
                0x000003ac                CTIMER2_DriverIRQHandler
                0x000003ac                EMVSIM0_DriverIRQHandler
                0x000003ac                ITRC0_DriverIRQHandler
                0x000003ac                EDMA_0_CH9_DriverIRQHandler
                0x000003ac                ETB0_DriverIRQHandler
                0x000003ac                WWDT1_DriverIRQHandler
                0x000003ac                Reserved80_DriverIRQHandler
                0x000003ac                IntDefaultHandler
                0x000003ac                ELS_ERR_DriverIRQHandler
                0x000003ac                FLEXIO_DriverIRQHandler
                0x000003ac                DAC0_DriverIRQHandler
                0x000003ac                MRT0_DriverIRQHandler
                0x000003ac                UTICK0_DriverIRQHandler
                0x000003ac                FLEXPWM0_SUBMODULE2_DriverIRQHandler
                0x000003ac                GPIO01_DriverIRQHandler
                0x000003ac                EDMA_0_CH3_DriverIRQHandler
                0x000003ac                WWDT0_DriverIRQHandler
                0x000003ac                USDHC0_DriverIRQHandler
                0x000003ac                GPIO00_DriverIRQHandler
                0x000003ac                EDMA_0_CH4_DriverIRQHandler
                0x000003ac                GPIO11_DriverIRQHandler
                0x000003ac                CTIMER4_DriverIRQHandler
                0x000003ac                BSP32_DriverIRQHandler
                0x000003ac                FLEXPWM0_FAULT_DriverIRQHandler
                0x000003ac                EDMA_1_CH1_DriverIRQHandler
                0x000003ac                SAI1_DriverIRQHandler
                0x000003ac                ERM_SINGLE_BIT_ERROR_DriverIRQHandler
                0x000003ac                GPIO21_DriverIRQHandler
                0x000003ac                FLEXPWM1_FAULT_DriverIRQHandler
                0x000003ac                GPIO30_DriverIRQHandler
                0x000003ac                CTIMER0_DriverIRQHandler
                0x000003ac                CTIMER1_DriverIRQHandler
                0x000003ac                QDC0_COMPARE_DriverIRQHandler
                0x000003ac                PINT0_DriverIRQHandler
                0x000003ac                ADC1_DriverIRQHandler
                0x000003ac                PQ_DriverIRQHandler
                0x000003ac                ETHERNET_MACLP_DriverIRQHandler
                0x000003ac                USB0_DCD_DriverIRQHandler
                0x000003ac                EDMA_0_CH11_DriverIRQHandler
                0x000003ac                MAILBOX_DriverIRQHandler
                0x000003ac                WUU_DriverIRQHandler
                0x000003ac                EDMA_0_CH6_DriverIRQHandler
                0x000003ac                CTIMER3_DriverIRQHandler
                0x000003ac                FLEXPWM1_SUBMODULE0_DriverIRQHandler
                0x000003ac                CDOG1_DriverIRQHandler
                0x000003ac                TSI_OUT_OF_SCAN_DriverIRQHandler
                0x000003ac                EDMA_1_CH4_DriverIRQHandler
                0x000003ac                PUF_DriverIRQHandler
                0x000003ac                SPC_DriverIRQHandler
                0x000003ac                RTC_DriverIRQHandler
                0x000003ac                VBAT0_DriverIRQHandler
                0x000003ac                Reserved65_DriverIRQHandler
                0x000003ac                HSCMP2_DriverIRQHandler
                0x000003ac                EDMA_0_CH0_DriverIRQHandler
                0x000003ac                EDMA_1_CH5_DriverIRQHandler
                0x000003ac                PDM_EVENT_DriverIRQHandler
                0x000003ac                Freqme_DriverIRQHandler
                0x000003ac                ETHERNET_PMT_DriverIRQHandler
                0x000003ac                FLEXPWM1_RELOAD_ERROR_DriverIRQHandler
                0x000003ac                FMU0_DriverIRQHandler
                0x000003ac                QDC1_COMPARE_DriverIRQHandler
                0x000003ac                EDMA_0_CH8_DriverIRQHandler
                0x000003ac                LPTMR1_DriverIRQHandler
                0x000003ac                GPIO40_DriverIRQHandler
                0x000003ac                CTI0_DriverIRQHandler
                0x000003ac                EDMA_1_CH3_DriverIRQHandler
                0x000003ac                EDMA_1_CH15_DriverIRQHandler
                0x000003ac                FLEXPWM1_SUBMODULE2_DriverIRQHandler
                0x000003ac                GPIO20_DriverIRQHandler
                0x000003ac                QDC1_WDG_SAB_DriverIRQHandler
                0x000003ac                EDMA_1_CH8_DriverIRQHandler
                0x000003ac                GDET_DriverIRQHandler
                0x000003ac                PORT_EFT_DriverIRQHandler
                0x000003ac                Reserved85_DriverIRQHandler
                0x000003ac                Reserved81_DriverIRQHandler
                0x000003ac                TSI_END_OF_SCAN_DriverIRQHandler
                0x000003ac                FLEXPWM0_SUBMODULE3_DriverIRQHandler
                0x000003ac                ADC0_DriverIRQHandler
                0x000003ac                OR_DriverIRQHandler
                0x000003ac                EDMA_0_CH13_DriverIRQHandler
                0x000003ac                USB1_HS_DriverIRQHandler
                0x000003ac                EDMA_0_CH1_DriverIRQHandler
                0x000003ac                DAC2_DriverIRQHandler
                0x000003ac                GPIO51_DriverIRQHandler
                0x000003ac                HSCMP0_DriverIRQHandler
                0x000003ac                EDMA_0_CH12_DriverIRQHandler
                0x000003ac                QDC0_WDG_SAB_DriverIRQHandler
                0x000003ac                CDOG0_DriverIRQHandler
                0x000003ac                CAN0_DriverIRQHandler
                0x000003ac                SMARTDMA_DriverIRQHandler
                0x000003ac                SAI0_DriverIRQHandler
                0x000003ac                EMVSIM1_DriverIRQHandler
                0x000003ac                I3C1_DriverIRQHandler
                0x000003ac                EDMA_0_CH7_DriverIRQHandler
                0x000003ac                HSCMP1_DriverIRQHandler
                0x000003ac                EDMA_1_CH10_DriverIRQHandler
                0x000003ac                EDMA_1_CH12_DriverIRQHandler
                0x000003ac                FLEXSPI0_DriverIRQHandler
                0x000003ac                GPIO50_DriverIRQHandler
                0x000003ac                GPIO10_DriverIRQHandler
                0x000003ac                SCT0_DriverIRQHandler
                0x000003ac                CAN1_DriverIRQHandler
                0x000003ac                PLU_DriverIRQHandler
                0x000003ac                FLEXPWM0_SUBMODULE0_DriverIRQHandler
                0x000003ac                OS_EVENT_DriverIRQHandler
                0x000003ac                SINC_FILTER_DriverIRQHandler
                0x000003ac                NPU_DriverIRQHandler
                0x000003ac                GPIO41_DriverIRQHandler
                0x000003ac                SEC_HYPERVISOR_CALL_DriverIRQHandler
 *(SORT_BY_ALIGNMENT(.text*))
 *fill*         0x000003ae        0x2 ff
 .text.DbgConsole_Init
                0x000003b0       0x88 ./utilities/debug_console_lite/fsl_debug_console.o
                0x000003b0                DbgConsole_Init
 .text.DbgConsole_Vprintf
                0x00000438       0x3c ./utilities/debug_console_lite/fsl_debug_console.o
                0x00000438                DbgConsole_Vprintf
 .text.DbgConsole_Putchar
                0x00000474       0x30 ./utilities/debug_console_lite/fsl_debug_console.o
                0x00000474                DbgConsole_Putchar
 .text.DbgConsole_PrintfFormattedData
                0x000004a4      0x3e0 ./utilities/debug_console_lite/fsl_debug_console.o
 .text.__assertion_failed
                0x00000884       0x3c ./utilities/fsl_assert.o
                0x00000884                __assertion_failed
 .text          0x000008c0       0xa0 ./utilities/fsl_memcpy.o
                0x000008c0                memcpy
 .text.ensure_systick_running
                0x00000960       0x34 ./source/distance_sensor.o
 .text.HCSR04_ReadCm
                0x00000994      0x150 ./source/distance_sensor.o
                0x00000994                HCSR04_ReadCm
 .text.fb_clear
                0x00000ae4       0x3c ./source/framebuffer.o
                0x00000ae4                fb_clear
 .text.fb_set_pixel
                0x00000b20       0x80 ./source/framebuffer.o
                0x00000b20                fb_set_pixel
 .text.fb_flush_to_oled
                0x00000ba0       0x48 ./source/framebuffer.o
                0x00000ba0                fb_flush_to_oled
 .text.i2c_bus_init
                0x00000be8       0x48 ./source/i2c_bus.o
                0x00000be8                i2c_bus_init
 .text.bl_mask  0x00000c30       0x20 ./source/lcd.o
 .text.i2c_write_buf
                0x00000c50       0x48 ./source/lcd.o
 .text.send4bytes
                0x00000c98       0x90 ./source/lcd.o
 .text.pcf8574_init
                0x00000d28       0x94 ./source/lcd.o
                0x00000d28                pcf8574_init
 .text.lcd_print_u16_2digits
                0x00000dbc       0x68 ./source/lcd_score.o
 .text.lcd_show_score
                0x00000e24       0x50 ./source/lcd_score.o
                0x00000e24                lcd_show_score
 .text.rngNext  0x00000e74       0x30 ./source/main.o
 .text.updateAiPaddle
                0x00000ea4       0x9c ./source/main.o
 .text.mapDistanceCmToPaddleY
                0x00000f40       0xb4 ./source/main.o
 .text.main     0x00000ff4      0x328 ./source/main.o
                0x00000ff4                main
 .text.oledDelay
                0x0000131c       0x30 ./source/oled.o
 .text.sendOLED
                0x0000134c       0x44 ./source/oled.o
                0x0000134c                sendOLED
 .text.initOLED
                0x00001390       0x58 ./source/oled.o
                0x00001390                initOLED
 .text.CLOCK_IsPLL0Locked
                0x000013e8       0x28 ./drivers/fsl_clock.o
 .text.CLOCK_IsPLL1Locked
                0x00001410       0x28 ./drivers/fsl_clock.o
 .text.CLOCK_SetupFROHFClocking
                0x00001438       0x9c ./drivers/fsl_clock.o
                0x00001438                CLOCK_SetupFROHFClocking
 .text.CLOCK_SetPll0MonitorMode
                0x000014d4       0x38 ./drivers/fsl_clock.o
                0x000014d4                CLOCK_SetPll0MonitorMode
 .text.CLOCK_AttachClk
                0x0000150c       0xb0 ./drivers/fsl_clock.o
                0x0000150c                CLOCK_AttachClk
 .text.CLOCK_SetClkDiv
                0x000015bc       0x54 ./drivers/fsl_clock.o
                0x000015bc                CLOCK_SetClkDiv
 .text.CLOCK_GetFreq
                0x00001610      0x15c ./drivers/fsl_clock.o
                0x00001610                CLOCK_GetFreq
 .text.CLOCK_GetLPFlexCommClkFreq
                0x0000176c       0xa0 ./drivers/fsl_clock.o
                0x0000176c                CLOCK_GetLPFlexCommClkFreq
 .text.CLOCK_GetPLL0InClockRate
                0x0000180c       0x5c ./drivers/fsl_clock.o
                0x0000180c                CLOCK_GetPLL0InClockRate
 .text.CLOCK_GetPLL1InClockRate
                0x00001868       0x58 ./drivers/fsl_clock.o
                0x00001868                CLOCK_GetPLL1InClockRate
 .text.CLOCK_SetPLL0Freq
                0x000018c0      0x10c ./drivers/fsl_clock.o
                0x000018c0                CLOCK_SetPLL0Freq
 .text.CLOCK_GetFro12MFreq
                0x000019cc       0x2c ./drivers/fsl_clock.o
 .text.CLOCK_GetClk1MFreq
                0x000019f8       0x14 ./drivers/fsl_clock.o
 .text.CLOCK_GetFroHfFreq
                0x00001a0c       0x4c ./drivers/fsl_clock.o
 .text.CLOCK_GetClk48MFreq
                0x00001a58       0x2c ./drivers/fsl_clock.o
 .text.CLOCK_GetClk144MFreq
                0x00001a84       0x2c ./drivers/fsl_clock.o
 .text.CLOCK_GetClk16KFreq
                0x00001ab0       0x44 ./drivers/fsl_clock.o
 .text.CLOCK_GetExtClkFreq
                0x00001af4       0x2c ./drivers/fsl_clock.o
 .text.CLOCK_GetOsc32KFreq
                0x00001b20       0x4c ./drivers/fsl_clock.o
 .text.CLOCK_GetMainClkFreq
                0x00001b6c       0x90 ./drivers/fsl_clock.o
                0x00001b6c                CLOCK_GetMainClkFreq
 .text.CLOCK_GetClockOutClkFreq
                0x00001bfc       0xa8 ./drivers/fsl_clock.o
 .text.CLOCK_GetLposcFreq
                0x00001ca4       0x48 ./drivers/fsl_clock.o
 .text.findPll0PreDiv
                0x00001cec       0x40 ./drivers/fsl_clock.o
 .text.findPll1PreDiv
                0x00001d2c       0x40 ./drivers/fsl_clock.o
 .text.findPll0PostDiv
                0x00001d6c       0x60 ./drivers/fsl_clock.o
 .text.findPll1PostDiv
                0x00001dcc       0x60 ./drivers/fsl_clock.o
 .text.findPll0MMult
                0x00001e2c       0xac ./drivers/fsl_clock.o
 .text.findPll1MMult
                0x00001ed8       0xac ./drivers/fsl_clock.o
 .text.SDK_DelayAtLeastUs
                0x00001f84       0x8c ./drivers/fsl_common_arm.o
                0x00001f84                SDK_DelayAtLeastUs
 .text.GPIO_GetInstance
                0x00002010       0x4c ./drivers/fsl_gpio.o
 .text.GPIO_PortClockEnable
                0x0000205c       0x54 ./drivers/fsl_gpio.o
 .text.GPIO_PinInit
                0x000020b0       0x6c ./drivers/fsl_gpio.o
                0x000020b0                GPIO_PinInit
 .text.LP_FLEXCOMM_GetBaseAddress
                0x0000211c       0x2c ./drivers/fsl_lpflexcomm.o
                0x0000211c                LP_FLEXCOMM_GetBaseAddress
 .text.LP_FLEXCOMM_GetInterruptStatus
                0x00002148       0x28 ./drivers/fsl_lpflexcomm.o
                0x00002148                LP_FLEXCOMM_GetInterruptStatus
 .text.LP_FLEXCOMM_SetPeriph
                0x00002170       0x94 ./drivers/fsl_lpflexcomm.o
 .text.LP_FLEXCOMM_Init
                0x00002204       0x58 ./drivers/fsl_lpflexcomm.o
                0x00002204                LP_FLEXCOMM_Init
 .text.LP_FLEXCOMM_CommonIRQHandler
                0x0000225c       0xb8 ./drivers/fsl_lpflexcomm.o
 .text.LPI2C_GetInstance
                0x00002314       0x4c ./drivers/fsl_lpi2c.o
                0x00002314                LPI2C_GetInstance
 .text.LPI2C_GetCyclesForWidth
                0x00002360       0x9c ./drivers/fsl_lpi2c.o
 .text.LPI2C_MasterGetDefaultConfig
                0x000023fc       0x6c ./drivers/fsl_lpi2c.o
                0x000023fc                LPI2C_MasterGetDefaultConfig
 .text.LPI2C_MasterInit
                0x00002468      0x208 ./drivers/fsl_lpi2c.o
                0x00002468                LPI2C_MasterInit
 .text.LPI2C_MasterSetBaudRate
                0x00002670      0x2c4 ./drivers/fsl_lpi2c.o
                0x00002670                LPI2C_MasterSetBaudRate
 .text.LPI2C_MasterReceive
                0x00002934       0xd8 ./drivers/fsl_lpi2c.o
                0x00002934                LPI2C_MasterReceive
 .text.LPI2C_MasterSend
                0x00002a0c       0x58 ./drivers/fsl_lpi2c.o
                0x00002a0c                LPI2C_MasterSend
 .text.LPI2C_MasterTransferBlocking
                0x00002a64      0x1ec ./drivers/fsl_lpi2c.o
                0x00002a64                LPI2C_MasterTransferBlocking
 .text.LPUART_GetInstance
                0x00002c50       0x4c ./drivers/fsl_lpuart.o
                0x00002c50                LPUART_GetInstance
 .text.LPUART_Init
                0x00002c9c      0x448 ./drivers/fsl_lpuart.o
                0x00002c9c                LPUART_Init
 .text.LPUART_GetDefaultConfig
                0x000030e4       0x8c ./drivers/fsl_lpuart.o
                0x000030e4                LPUART_GetDefaultConfig
 .text.LPUART_GetStatusFlags
                0x00003170       0x60 ./drivers/fsl_lpuart.o
                0x00003170                LPUART_GetStatusFlags
 .text.LPUART_ClearStatusFlags
                0x000031d0       0x94 ./drivers/fsl_lpuart.o
                0x000031d0                LPUART_ClearStatusFlags
 .text.LPUART_WriteBlocking
                0x00003264       0x68 ./drivers/fsl_lpuart.o
                0x00003264                LPUART_WriteBlocking
 .text.LPUART_ReadBlocking
                0x000032cc      0x164 ./drivers/fsl_lpuart.o
                0x000032cc                LPUART_ReadBlocking
 .text.RESET_ClearPeripheralReset
                0x00003430       0x6c ./drivers/fsl_reset.o
                0x00003430                RESET_ClearPeripheralReset
 .text.SPC_SetSRAMOperateVoltage
                0x0000349c       0x58 ./drivers/fsl_spc.o
                0x0000349c                SPC_SetSRAMOperateVoltage
 .text.SPC_SetActiveModeCoreLDORegulatorConfig
                0x000034f4       0x94 ./drivers/fsl_spc.o
                0x000034f4                SPC_SetActiveModeCoreLDORegulatorConfig
 .text.SPC_SetActiveModeDCDCRegulatorConfig
                0x00003588       0x68 ./drivers/fsl_spc.o
                0x00003588                SPC_SetActiveModeDCDCRegulatorConfig
 .text.SystemInit
                0x000035f0      0x124 ./device/system_MCXN947_cm33_core0.o
                0x000035f0                SystemInit
 .text.HAL_UartInitCommon
                0x00003714       0xe4 ./component/uart/fsl_adapter_lpuart.o
 .text.HAL_UartInit
                0x000037f8       0x84 ./component/uart/fsl_adapter_lpuart.o
                0x000037f8                HAL_UartInit
 .text.HAL_UartReceiveBlocking
                0x0000387c       0x6c ./component/uart/fsl_adapter_lpuart.o
                0x0000387c                HAL_UartReceiveBlocking
 .text.HAL_UartSendBlocking
                0x000038e8       0x64 ./component/uart/fsl_adapter_lpuart.o
                0x000038e8                HAL_UartSendBlocking
 .text.BOARD_InitDebugConsole
                0x0000394c       0x38 ./board/board.o
                0x0000394c                BOARD_InitDebugConsole
 .text.BOARD_BootClockPLL150M
                0x00003984       0xec ./board/clock_config.o
                0x00003984                BOARD_BootClockPLL150M
 .text.BOARD_InitHardware
                0x00003a70       0x5c ./board/hardware_init.o
                0x00003a70                BOARD_InitHardware
 .text.PORT_SetPinConfig
                0x00003acc       0x38 ./board/pin_mux.o
 .text.BOARD_InitPins
                0x00003b04      0x110 ./board/pin_mux.o
                0x00003b04                BOARD_InitPins
 .text.OLEDI2C  0x00003c14       0x48 ./board/pin_mux.o
                0x00003c14                OLEDI2C
 .text._initio  0x00003c5c       0x78 C:/nxp/MCUXpressoIDE_25.6.136/ide/plugins/com.nxp.mcuxpresso.tools.win32_25.6.0.202501151204/tools/bin/../lib/gcc/arm-none-eabi/14.2.1/../../../../arm-none-eabi/lib/thumb/v8-m.main+fp/hard\libcr_c.a(initio.o)
                0x00003c5c                _initio
 .text._Cwritebuf
                0x00003cd4       0x70 C:/nxp/MCUXpressoIDE_25.6.136/ide/plugins/com.nxp.mcuxpresso.tools.win32_25.6.0.202501151204/tools/bin/../lib/gcc/arm-none-eabi/14.2.1/../../../../arm-none-eabi/lib/thumb/v8-m.main+fp/hard\libcr_c.a(_writebuf.o)
                0x00003cd4                _Cwritebuf
 .text.fflush   0x00003d44       0x3c C:/nxp/MCUXpressoIDE_25.6.136/ide/plugins/com.nxp.mcuxpresso.tools.win32_25.6.0.202501151204/tools/bin/../lib/gcc/arm-none-eabi/14.2.1/../../../../arm-none-eabi/lib/thumb/v8-m.main+fp/hard\libcr_c.a(fflush.o)
                0x00003d44                fflush
 .text.fseek    0x00003d80       0xf8 C:/nxp/MCUXpressoIDE_25.6.136/ide/plugins/com.nxp.mcuxpresso.tools.win32_25.6.0.202501151204/tools/bin/../lib/gcc/arm-none-eabi/14.2.1/../../../../arm-none-eabi/lib/thumb/v8-m.main+fp/hard\libcr_c.a(fseek.o)
                0x00003d80                fseek
 .text.ftell    0x00003e78       0x44 C:/nxp/MCUXpressoIDE_25.6.136/ide/plugins/com.nxp.mcuxpresso.tools.win32_25.6.0.202501151204/tools/bin/../lib/gcc/arm-none-eabi/14.2.1/../../../../arm-none-eabi/lib/thumb/v8-m.main+fp/hard\libcr_c.a(ftell.o)
                0x00003e78                ftell
 .text.DbgConsole_Printf
                0x00003ebc       0x2c ./utilities/debug_console_lite/fsl_debug_console.o
                0x00003ebc                DbgConsole_Printf
 .text.DbgConsole_PrintfPaddingCharacter
                0x00003ee8       0x40 ./utilities/debug_console_lite/fsl_debug_console.o
 .text.DbgConsole_ConvertRadixNumToString
                0x00003f28       0xc2 ./utilities/debug_console_lite/fsl_debug_console.o
 .text.fsl_assert_hook
                0x00003fea       0x1a ./utilities/fsl_assert.o
                0x00003fea                fsl_assert_hook
 .text.OR_IRQHandler
                0x00004004        0x8 ./startup/startup_mcxn947_cm33_core0.o
                0x00004004                OR_IRQHandler
 .text.EDMA_0_CH0_IRQHandler
                0x0000400c        0x8 ./startup/startup_mcxn947_cm33_core0.o
                0x0000400c                EDMA_0_CH0_IRQHandler
 .text.EDMA_0_CH1_IRQHandler
                0x00004014        0x8 ./startup/startup_mcxn947_cm33_core0.o
                0x00004014                EDMA_0_CH1_IRQHandler
 .text.EDMA_0_CH2_IRQHandler
                0x0000401c        0x8 ./startup/startup_mcxn947_cm33_core0.o
                0x0000401c                EDMA_0_CH2_IRQHandler
 .text.EDMA_0_CH3_IRQHandler
                0x00004024        0x8 ./startup/startup_mcxn947_cm33_core0.o
                0x00004024                EDMA_0_CH3_IRQHandler
 .text.EDMA_0_CH4_IRQHandler
                0x0000402c        0x8 ./startup/startup_mcxn947_cm33_core0.o
                0x0000402c                EDMA_0_CH4_IRQHandler
 .text.EDMA_0_CH5_IRQHandler
                0x00004034        0x8 ./startup/startup_mcxn947_cm33_core0.o
                0x00004034                EDMA_0_CH5_IRQHandler
 .text.EDMA_0_CH6_IRQHandler
                0x0000403c        0x8 ./startup/startup_mcxn947_cm33_core0.o
                0x0000403c                EDMA_0_CH6_IRQHandler
 .text.EDMA_0_CH7_IRQHandler
                0x00004044        0x8 ./startup/startup_mcxn947_cm33_core0.o
                0x00004044                EDMA_0_CH7_IRQHandler
 .text.EDMA_0_CH8_IRQHandler
                0x0000404c        0x8 ./startup/startup_mcxn947_cm33_core0.o
                0x0000404c                EDMA_0_CH8_IRQHandler
 .text.EDMA_0_CH9_IRQHandler
                0x00004054        0x8 ./startup/startup_mcxn947_cm33_core0.o
                0x00004054                EDMA_0_CH9_IRQHandler
 .text.EDMA_0_CH10_IRQHandler
                0x0000405c        0x8 ./startup/startup_mcxn947_cm33_core0.o
                0x0000405c                EDMA_0_CH10_IRQHandler
 .text.EDMA_0_CH11_IRQHandler
                0x00004064        0x8 ./startup/startup_mcxn947_cm33_core0.o
                0x00004064                EDMA_0_CH11_IRQHandler
 .text.EDMA_0_CH12_IRQHandler
                0x0000406c        0x8 ./startup/startup_mcxn947_cm33_core0.o
                0x0000406c                EDMA_0_CH12_IRQHandler
 .text.EDMA_0_CH13_IRQHandler
                0x00004074        0x8 ./startup/startup_mcxn947_cm33_core0.o
                0x00004074                EDMA_0_CH13_IRQHandler
 .text.EDMA_0_CH14_IRQHandler
                0x0000407c        0x8 ./startup/startup_mcxn947_cm33_core0.o
                0x0000407c                EDMA_0_CH14_IRQHandler
 .text.EDMA_0_CH15_IRQHandler
                0x00004084        0x8 ./startup/startup_mcxn947_cm33_core0.o
                0x00004084                EDMA_0_CH15_IRQHandler
 .text.GPIO00_IRQHandler
                0x0000408c        0x8 ./startup/startup_mcxn947_cm33_core0.o
                0x0000408c                GPIO00_IRQHandler
 .text.GPIO01_IRQHandler
                0x00004094        0x8 ./startup/startup_mcxn947_cm33_core0.o
                0x00004094                GPIO01_IRQHandler
 .text.GPIO10_IRQHandler
                0x0000409c        0x8 ./startup/startup_mcxn947_cm33_core0.o
                0x0000409c                GPIO10_IRQHandler
 .text.GPIO11_IRQHandler
                0x000040a4        0x8 ./startup/startup_mcxn947_cm33_core0.o
                0x000040a4                GPIO11_IRQHandler
 .text.GPIO20_IRQHandler
                0x000040ac        0x8 ./startup/startup_mcxn947_cm33_core0.o
                0x000040ac                GPIO20_IRQHandler
 .text.GPIO21_IRQHandler
                0x000040b4        0x8 ./startup/startup_mcxn947_cm33_core0.o
                0x000040b4                GPIO21_IRQHandler
 .text.GPIO30_IRQHandler
                0x000040bc        0x8 ./startup/startup_mcxn947_cm33_core0.o
                0x000040bc                GPIO30_IRQHandler
 .text.GPIO31_IRQHandler
                0x000040c4        0x8 ./startup/startup_mcxn947_cm33_core0.o
                0x000040c4                GPIO31_IRQHandler
 .text.GPIO40_IRQHandler
                0x000040cc        0x8 ./startup/startup_mcxn947_cm33_core0.o
                0x000040cc                GPIO40_IRQHandler
 .text.GPIO41_IRQHandler
                0x000040d4        0x8 ./startup/startup_mcxn947_cm33_core0.o
                0x000040d4                GPIO41_IRQHandler
 .text.GPIO50_IRQHandler
                0x000040dc        0x8 ./startup/startup_mcxn947_cm33_core0.o
                0x000040dc                GPIO50_IRQHandler
 .text.GPIO51_IRQHandler
                0x000040e4        0x8 ./startup/startup_mcxn947_cm33_core0.o
                0x000040e4                GPIO51_IRQHandler
 .text.UTICK0_IRQHandler
                0x000040ec        0x8 ./startup/startup_mcxn947_cm33_core0.o
                0x000040ec                UTICK0_IRQHandler
 .text.MRT0_IRQHandler
                0x000040f4        0x8 ./startup/startup_mcxn947_cm33_core0.o
                0x000040f4                MRT0_IRQHandler
 .text.CTIMER0_IRQHandler
                0x000040fc        0x8 ./startup/startup_mcxn947_cm33_core0.o
                0x000040fc                CTIMER0_IRQHandler
 .text.CTIMER1_IRQHandler
                0x00004104        0x8 ./startup/startup_mcxn947_cm33_core0.o
                0x00004104                CTIMER1_IRQHandler
 .text.SCT0_IRQHandler
                0x0000410c        0x8 ./startup/startup_mcxn947_cm33_core0.o
                0x0000410c                SCT0_IRQHandler
 .text.CTIMER2_IRQHandler
                0x00004114        0x8 ./startup/startup_mcxn947_cm33_core0.o
                0x00004114                CTIMER2_IRQHandler
 .text.LP_FLEXCOMM0_IRQHandler
                0x0000411c        0x8 ./startup/startup_mcxn947_cm33_core0.o
                0x0000411c                LP_FLEXCOMM0_IRQHandler
 .text.LP_FLEXCOMM1_IRQHandler
                0x00004124        0x8 ./startup/startup_mcxn947_cm33_core0.o
                0x00004124                LP_FLEXCOMM1_IRQHandler
 .text.LP_FLEXCOMM2_IRQHandler
                0x0000412c        0x8 ./startup/startup_mcxn947_cm33_core0.o
                0x0000412c                LP_FLEXCOMM2_IRQHandler
 .text.LP_FLEXCOMM3_IRQHandler
                0x00004134        0x8 ./startup/startup_mcxn947_cm33_core0.o
                0x00004134                LP_FLEXCOMM3_IRQHandler
 .text.LP_FLEXCOMM4_IRQHandler
                0x0000413c        0x8 ./startup/startup_mcxn947_cm33_core0.o
                0x0000413c                LP_FLEXCOMM4_IRQHandler
 .text.LP_FLEXCOMM5_IRQHandler
                0x00004144        0x8 ./startup/startup_mcxn947_cm33_core0.o
                0x00004144                LP_FLEXCOMM5_IRQHandler
 .text.LP_FLEXCOMM6_IRQHandler
                0x0000414c        0x8 ./startup/startup_mcxn947_cm33_core0.o
                0x0000414c                LP_FLEXCOMM6_IRQHandler
 .text.LP_FLEXCOMM7_IRQHandler
                0x00004154        0x8 ./startup/startup_mcxn947_cm33_core0.o
                0x00004154                LP_FLEXCOMM7_IRQHandler
 .text.LP_FLEXCOMM8_IRQHandler
                0x0000415c        0x8 ./startup/startup_mcxn947_cm33_core0.o
                0x0000415c                LP_FLEXCOMM8_IRQHandler
 .text.LP_FLEXCOMM9_IRQHandler
                0x00004164        0x8 ./startup/startup_mcxn947_cm33_core0.o
                0x00004164                LP_FLEXCOMM9_IRQHandler
 .text.ADC0_IRQHandler
                0x0000416c        0x8 ./startup/startup_mcxn947_cm33_core0.o
                0x0000416c                ADC0_IRQHandler
 .text.ADC1_IRQHandler
                0x00004174        0x8 ./startup/startup_mcxn947_cm33_core0.o
                0x00004174                ADC1_IRQHandler
 .text.PINT0_IRQHandler
                0x0000417c        0x8 ./startup/startup_mcxn947_cm33_core0.o
                0x0000417c                PINT0_IRQHandler
 .text.PDM_EVENT_IRQHandler
                0x00004184        0x8 ./startup/startup_mcxn947_cm33_core0.o
                0x00004184                PDM_EVENT_IRQHandler
 .text.Reserved65_IRQHandler
                0x0000418c        0x8 ./startup/startup_mcxn947_cm33_core0.o
                0x0000418c                Reserved65_IRQHandler
 .text.USB0_FS_IRQHandler
                0x00004194        0x8 ./startup/startup_mcxn947_cm33_core0.o
                0x00004194                USB0_FS_IRQHandler
 .text.USB0_DCD_IRQHandler
                0x0000419c        0x8 ./startup/startup_mcxn947_cm33_core0.o
                0x0000419c                USB0_DCD_IRQHandler
 .text.RTC_IRQHandler
                0x000041a4        0x8 ./startup/startup_mcxn947_cm33_core0.o
                0x000041a4                RTC_IRQHandler
 .text.SMARTDMA_IRQHandler
                0x000041ac        0x8 ./startup/startup_mcxn947_cm33_core0.o
                0x000041ac                SMARTDMA_IRQHandler
 .text.MAILBOX_IRQHandler
                0x000041b4        0x8 ./startup/startup_mcxn947_cm33_core0.o
                0x000041b4                MAILBOX_IRQHandler
 .text.CTIMER3_IRQHandler
                0x000041bc        0x8 ./startup/startup_mcxn947_cm33_core0.o
                0x000041bc                CTIMER3_IRQHandler
 .text.CTIMER4_IRQHandler
                0x000041c4        0x8 ./startup/startup_mcxn947_cm33_core0.o
                0x000041c4                CTIMER4_IRQHandler
 .text.OS_EVENT_IRQHandler
                0x000041cc        0x8 ./startup/startup_mcxn947_cm33_core0.o
                0x000041cc                OS_EVENT_IRQHandler
 .text.FLEXSPI0_IRQHandler
                0x000041d4        0x8 ./startup/startup_mcxn947_cm33_core0.o
                0x000041d4                FLEXSPI0_IRQHandler
 .text.SAI0_IRQHandler
                0x000041dc        0x8 ./startup/startup_mcxn947_cm33_core0.o
                0x000041dc                SAI0_IRQHandler
 .text.SAI1_IRQHandler
                0x000041e4        0x8 ./startup/startup_mcxn947_cm33_core0.o
                0x000041e4                SAI1_IRQHandler
 .text.USDHC0_IRQHandler
                0x000041ec        0x8 ./startup/startup_mcxn947_cm33_core0.o
                0x000041ec                USDHC0_IRQHandler
 .text.CAN0_IRQHandler
                0x000041f4        0x8 ./startup/startup_mcxn947_cm33_core0.o
                0x000041f4                CAN0_IRQHandler
 .text.CAN1_IRQHandler
                0x000041fc        0x8 ./startup/startup_mcxn947_cm33_core0.o
                0x000041fc                CAN1_IRQHandler
 .text.Reserved80_IRQHandler
                0x00004204        0x8 ./startup/startup_mcxn947_cm33_core0.o
                0x00004204                Reserved80_IRQHandler
 .text.Reserved81_IRQHandler
                0x0000420c        0x8 ./startup/startup_mcxn947_cm33_core0.o
                0x0000420c                Reserved81_IRQHandler
 .text.USB1_HS_PHY_IRQHandler
                0x00004214        0x8 ./startup/startup_mcxn947_cm33_core0.o
                0x00004214                USB1_HS_PHY_IRQHandler
 .text.USB1_HS_IRQHandler
                0x0000421c        0x8 ./startup/startup_mcxn947_cm33_core0.o
                0x0000421c                USB1_HS_IRQHandler
 .text.SEC_HYPERVISOR_CALL_IRQHandler
                0x00004224        0x8 ./startup/startup_mcxn947_cm33_core0.o
                0x00004224                SEC_HYPERVISOR_CALL_IRQHandler
 .text.Reserved85_IRQHandler
                0x0000422c        0x8 ./startup/startup_mcxn947_cm33_core0.o
                0x0000422c                Reserved85_IRQHandler
 .text.PLU_IRQHandler
                0x00004234        0x8 ./startup/startup_mcxn947_cm33_core0.o
                0x00004234                PLU_IRQHandler
 .text.Freqme_IRQHandler
                0x0000423c        0x8 ./startup/startup_mcxn947_cm33_core0.o
                0x0000423c                Freqme_IRQHandler
 .text.SEC_VIO_IRQHandler
                0x00004244        0x8 ./startup/startup_mcxn947_cm33_core0.o
                0x00004244                SEC_VIO_IRQHandler
 .text.ELS_IRQHandler
                0x0000424c        0x8 ./startup/startup_mcxn947_cm33_core0.o
                0x0000424c                ELS_IRQHandler
 .text.PKC_IRQHandler
                0x00004254        0x8 ./startup/startup_mcxn947_cm33_core0.o
                0x00004254                PKC_IRQHandler
 .text.PUF_IRQHandler
                0x0000425c        0x8 ./startup/startup_mcxn947_cm33_core0.o
                0x0000425c                PUF_IRQHandler
 .text.PQ_IRQHandler
                0x00004264        0x8 ./startup/startup_mcxn947_cm33_core0.o
                0x00004264                PQ_IRQHandler
 .text.EDMA_1_CH0_IRQHandler
                0x0000426c        0x8 ./startup/startup_mcxn947_cm33_core0.o
                0x0000426c                EDMA_1_CH0_IRQHandler
 .text.EDMA_1_CH1_IRQHandler
                0x00004274        0x8 ./startup/startup_mcxn947_cm33_core0.o
                0x00004274                EDMA_1_CH1_IRQHandler
 .text.EDMA_1_CH2_IRQHandler
                0x0000427c        0x8 ./startup/startup_mcxn947_cm33_core0.o
                0x0000427c                EDMA_1_CH2_IRQHandler
 .text.EDMA_1_CH3_IRQHandler
                0x00004284        0x8 ./startup/startup_mcxn947_cm33_core0.o
                0x00004284                EDMA_1_CH3_IRQHandler
 .text.EDMA_1_CH4_IRQHandler
                0x0000428c        0x8 ./startup/startup_mcxn947_cm33_core0.o
                0x0000428c                EDMA_1_CH4_IRQHandler
 .text.EDMA_1_CH5_IRQHandler
                0x00004294        0x8 ./startup/startup_mcxn947_cm33_core0.o
                0x00004294                EDMA_1_CH5_IRQHandler
 .text.EDMA_1_CH6_IRQHandler
                0x0000429c        0x8 ./startup/startup_mcxn947_cm33_core0.o
                0x0000429c                EDMA_1_CH6_IRQHandler
 .text.EDMA_1_CH7_IRQHandler
                0x000042a4        0x8 ./startup/startup_mcxn947_cm33_core0.o
                0x000042a4                EDMA_1_CH7_IRQHandler
 .text.EDMA_1_CH8_IRQHandler
                0x000042ac        0x8 ./startup/startup_mcxn947_cm33_core0.o
                0x000042ac                EDMA_1_CH8_IRQHandler
 .text.EDMA_1_CH9_IRQHandler
                0x000042b4        0x8 ./startup/startup_mcxn947_cm33_core0.o
                0x000042b4                EDMA_1_CH9_IRQHandler
 .text.EDMA_1_CH10_IRQHandler
                0x000042bc        0x8 ./startup/startup_mcxn947_cm33_core0.o
                0x000042bc                EDMA_1_CH10_IRQHandler
 .text.EDMA_1_CH11_IRQHandler
                0x000042c4        0x8 ./startup/startup_mcxn947_cm33_core0.o
                0x000042c4                EDMA_1_CH11_IRQHandler
 .text.EDMA_1_CH12_IRQHandler
                0x000042cc        0x8 ./startup/startup_mcxn947_cm33_core0.o
                0x000042cc                EDMA_1_CH12_IRQHandler
 .text.EDMA_1_CH13_IRQHandler
                0x000042d4        0x8 ./startup/startup_mcxn947_cm33_core0.o
                0x000042d4                EDMA_1_CH13_IRQHandler
 .text.EDMA_1_CH14_IRQHandler
                0x000042dc        0x8 ./startup/startup_mcxn947_cm33_core0.o
                0x000042dc                EDMA_1_CH14_IRQHandler
 .text.EDMA_1_CH15_IRQHandler
                0x000042e4        0x8 ./startup/startup_mcxn947_cm33_core0.o
                0x000042e4                EDMA_1_CH15_IRQHandler
 .text.CDOG0_IRQHandler
                0x000042ec        0x8 ./startup/startup_mcxn947_cm33_core0.o
                0x000042ec                CDOG0_IRQHandler
 .text.CDOG1_IRQHandler
                0x000042f4        0x8 ./startup/startup_mcxn947_cm33_core0.o
                0x000042f4                CDOG1_IRQHandler
 .text.I3C0_IRQHandler
                0x000042fc        0x8 ./startup/startup_mcxn947_cm33_core0.o
                0x000042fc                I3C0_IRQHandler
 .text.I3C1_IRQHandler
                0x00004304        0x8 ./startup/startup_mcxn947_cm33_core0.o
                0x00004304                I3C1_IRQHandler
 .text.NPU_IRQHandler
                0x0000430c        0x8 ./startup/startup_mcxn947_cm33_core0.o
                0x0000430c                NPU_IRQHandler
 .text.GDET_IRQHandler
                0x00004314        0x8 ./startup/startup_mcxn947_cm33_core0.o
                0x00004314                GDET_IRQHandler
 .text.VBAT0_IRQHandler
                0x0000431c        0x8 ./startup/startup_mcxn947_cm33_core0.o
                0x0000431c                VBAT0_IRQHandler
 .text.EWM0_IRQHandler
                0x00004324        0x8 ./startup/startup_mcxn947_cm33_core0.o
                0x00004324                EWM0_IRQHandler
 .text.TSI_END_OF_SCAN_IRQHandler
                0x0000432c        0x8 ./startup/startup_mcxn947_cm33_core0.o
                0x0000432c                TSI_END_OF_SCAN_IRQHandler
 .text.TSI_OUT_OF_SCAN_IRQHandler
                0x00004334        0x8 ./startup/startup_mcxn947_cm33_core0.o
                0x00004334                TSI_OUT_OF_SCAN_IRQHandler
 .text.EMVSIM0_IRQHandler
                0x0000433c        0x8 ./startup/startup_mcxn947_cm33_core0.o
                0x0000433c                EMVSIM0_IRQHandler
 .text.EMVSIM1_IRQHandler
                0x00004344        0x8 ./startup/startup_mcxn947_cm33_core0.o
                0x00004344                EMVSIM1_IRQHandler
 .text.FLEXIO_IRQHandler
                0x0000434c        0x8 ./startup/startup_mcxn947_cm33_core0.o
                0x0000434c                FLEXIO_IRQHandler
 .text.DAC0_IRQHandler
                0x00004354        0x8 ./startup/startup_mcxn947_cm33_core0.o
                0x00004354                DAC0_IRQHandler
 .text.DAC1_IRQHandler
                0x0000435c        0x8 ./startup/startup_mcxn947_cm33_core0.o
                0x0000435c                DAC1_IRQHandler
 .text.DAC2_IRQHandler
                0x00004364        0x8 ./startup/startup_mcxn947_cm33_core0.o
                0x00004364                DAC2_IRQHandler
 .text.HSCMP0_IRQHandler
                0x0000436c        0x8 ./startup/startup_mcxn947_cm33_core0.o
                0x0000436c                HSCMP0_IRQHandler
 .text.HSCMP1_IRQHandler
                0x00004374        0x8 ./startup/startup_mcxn947_cm33_core0.o
                0x00004374                HSCMP1_IRQHandler
 .text.HSCMP2_IRQHandler
                0x0000437c        0x8 ./startup/startup_mcxn947_cm33_core0.o
                0x0000437c                HSCMP2_IRQHandler
 .text.FLEXPWM0_RELOAD_ERROR_IRQHandler
                0x00004384        0x8 ./startup/startup_mcxn947_cm33_core0.o
                0x00004384                FLEXPWM0_RELOAD_ERROR_IRQHandler
 .text.FLEXPWM0_FAULT_IRQHandler
                0x0000438c        0x8 ./startup/startup_mcxn947_cm33_core0.o
                0x0000438c                FLEXPWM0_FAULT_IRQHandler
 .text.FLEXPWM0_SUBMODULE0_IRQHandler
                0x00004394        0x8 ./startup/startup_mcxn947_cm33_core0.o
                0x00004394                FLEXPWM0_SUBMODULE0_IRQHandler
 .text.FLEXPWM0_SUBMODULE1_IRQHandler
                0x0000439c        0x8 ./startup/startup_mcxn947_cm33_core0.o
                0x0000439c                FLEXPWM0_SUBMODULE1_IRQHandler
 .text.FLEXPWM0_SUBMODULE2_IRQHandler
                0x000043a4        0x8 ./startup/startup_mcxn947_cm33_core0.o
                0x000043a4                FLEXPWM0_SUBMODULE2_IRQHandler
 .text.FLEXPWM0_SUBMODULE3_IRQHandler
                0x000043ac        0x8 ./startup/startup_mcxn947_cm33_core0.o
                0x000043ac                FLEXPWM0_SUBMODULE3_IRQHandler
 .text.FLEXPWM1_RELOAD_ERROR_IRQHandler
                0x000043b4        0x8 ./startup/startup_mcxn947_cm33_core0.o
                0x000043b4                FLEXPWM1_RELOAD_ERROR_IRQHandler
 .text.FLEXPWM1_FAULT_IRQHandler
                0x000043bc        0x8 ./startup/startup_mcxn947_cm33_core0.o
                0x000043bc                FLEXPWM1_FAULT_IRQHandler
 .text.FLEXPWM1_SUBMODULE0_IRQHandler
                0x000043c4        0x8 ./startup/startup_mcxn947_cm33_core0.o
                0x000043c4                FLEXPWM1_SUBMODULE0_IRQHandler
 .text.FLEXPWM1_SUBMODULE1_IRQHandler
                0x000043cc        0x8 ./startup/startup_mcxn947_cm33_core0.o
                0x000043cc                FLEXPWM1_SUBMODULE1_IRQHandler
 .text.FLEXPWM1_SUBMODULE2_IRQHandler
                0x000043d4        0x8 ./startup/startup_mcxn947_cm33_core0.o
                0x000043d4                FLEXPWM1_SUBMODULE2_IRQHandler
 .text.FLEXPWM1_SUBMODULE3_IRQHandler
                0x000043dc        0x8 ./startup/startup_mcxn947_cm33_core0.o
                0x000043dc                FLEXPWM1_SUBMODULE3_IRQHandler
 .text.QDC0_COMPARE_IRQHandler
                0x000043e4        0x8 ./startup/startup_mcxn947_cm33_core0.o
                0x000043e4                QDC0_COMPARE_IRQHandler
 .text.QDC0_HOME_IRQHandler
                0x000043ec        0x8 ./startup/startup_mcxn947_cm33_core0.o
                0x000043ec                QDC0_HOME_IRQHandler
 .text.QDC0_WDG_SAB_IRQHandler
                0x000043f4        0x8 ./startup/startup_mcxn947_cm33_core0.o
                0x000043f4                QDC0_WDG_SAB_IRQHandler
 .text.QDC0_IDX_IRQHandler
                0x000043fc        0x8 ./startup/startup_mcxn947_cm33_core0.o
                0x000043fc                QDC0_IDX_IRQHandler
 .text.QDC1_COMPARE_IRQHandler
                0x00004404        0x8 ./startup/startup_mcxn947_cm33_core0.o
                0x00004404                QDC1_COMPARE_IRQHandler
 .text.QDC1_HOME_IRQHandler
                0x0000440c        0x8 ./startup/startup_mcxn947_cm33_core0.o
                0x0000440c                QDC1_HOME_IRQHandler
 .text.QDC1_WDG_SAB_IRQHandler
                0x00004414        0x8 ./startup/startup_mcxn947_cm33_core0.o
                0x00004414                QDC1_WDG_SAB_IRQHandler
 .text.QDC1_IDX_IRQHandler
                0x0000441c        0x8 ./startup/startup_mcxn947_cm33_core0.o
                0x0000441c                QDC1_IDX_IRQHandler
 .text.ITRC0_IRQHandler
                0x00004424        0x8 ./startup/startup_mcxn947_cm33_core0.o
                0x00004424                ITRC0_IRQHandler
 .text.BSP32_IRQHandler
                0x0000442c        0x8 ./startup/startup_mcxn947_cm33_core0.o
                0x0000442c                BSP32_IRQHandler
 .text.ELS_ERR_IRQHandler
                0x00004434        0x8 ./startup/startup_mcxn947_cm33_core0.o
                0x00004434                ELS_ERR_IRQHandler
 .text.PKC_ERR_IRQHandler
                0x0000443c        0x8 ./startup/startup_mcxn947_cm33_core0.o
                0x0000443c                PKC_ERR_IRQHandler
 .text.ERM_SINGLE_BIT_ERROR_IRQHandler
                0x00004444        0x8 ./startup/startup_mcxn947_cm33_core0.o
                0x00004444                ERM_SINGLE_BIT_ERROR_IRQHandler
 .text.ERM_MULTI_BIT_ERROR_IRQHandler
                0x0000444c        0x8 ./startup/startup_mcxn947_cm33_core0.o
                0x0000444c                ERM_MULTI_BIT_ERROR_IRQHandler
 .text.FMU0_IRQHandler
                0x00004454        0x8 ./startup/startup_mcxn947_cm33_core0.o
                0x00004454                FMU0_IRQHandler
 .text.ETHERNET_IRQHandler
                0x0000445c        0x8 ./startup/startup_mcxn947_cm33_core0.o
                0x0000445c                ETHERNET_IRQHandler
 .text.ETHERNET_PMT_IRQHandler
                0x00004464        0x8 ./startup/startup_mcxn947_cm33_core0.o
                0x00004464                ETHERNET_PMT_IRQHandler
 .text.ETHERNET_MACLP_IRQHandler
                0x0000446c        0x8 ./startup/startup_mcxn947_cm33_core0.o
                0x0000446c                ETHERNET_MACLP_IRQHandler
 .text.SINC_FILTER_IRQHandler
                0x00004474        0x8 ./startup/startup_mcxn947_cm33_core0.o
                0x00004474                SINC_FILTER_IRQHandler
 .text.LPTMR0_IRQHandler
                0x0000447c        0x8 ./startup/startup_mcxn947_cm33_core0.o
                0x0000447c                LPTMR0_IRQHandler
 .text.LPTMR1_IRQHandler
                0x00004484        0x8 ./startup/startup_mcxn947_cm33_core0.o
                0x00004484                LPTMR1_IRQHandler
 .text.SCG_IRQHandler
                0x0000448c        0x8 ./startup/startup_mcxn947_cm33_core0.o
                0x0000448c                SCG_IRQHandler
 .text.SPC_IRQHandler
                0x00004494        0x8 ./startup/startup_mcxn947_cm33_core0.o
                0x00004494                SPC_IRQHandler
 .text.WUU_IRQHandler
                0x0000449c        0x8 ./startup/startup_mcxn947_cm33_core0.o
                0x0000449c                WUU_IRQHandler
 .text.PORT_EFT_IRQHandler
                0x000044a4        0x8 ./startup/startup_mcxn947_cm33_core0.o
                0x000044a4                PORT_EFT_IRQHandler
 .text.ETB0_IRQHandler
                0x000044ac        0x8 ./startup/startup_mcxn947_cm33_core0.o
                0x000044ac                ETB0_IRQHandler
 .text.Reserved166_IRQHandler
                0x000044b4        0x8 ./startup/startup_mcxn947_cm33_core0.o
                0x000044b4                Reserved166_IRQHandler
 .text.Reserved167_IRQHandler
                0x000044bc        0x8 ./startup/startup_mcxn947_cm33_core0.o
                0x000044bc                Reserved167_IRQHandler
 .text.WWDT0_IRQHandler
                0x000044c4        0x8 ./startup/startup_mcxn947_cm33_core0.o
                0x000044c4                WWDT0_IRQHandler
 .text.WWDT1_IRQHandler
                0x000044cc        0x8 ./startup/startup_mcxn947_cm33_core0.o
                0x000044cc                WWDT1_IRQHandler
 .text.CMC0_IRQHandler
                0x000044d4        0x8 ./startup/startup_mcxn947_cm33_core0.o
                0x000044d4                CMC0_IRQHandler
 .text.CTI0_IRQHandler
                0x000044dc        0x8 ./startup/startup_mcxn947_cm33_core0.o
                0x000044dc                CTI0_IRQHandler
 .text.GPIO_PinWrite
                0x000044e4       0x36 ./source/distance_sensor.o
 .text.GPIO_PinRead
                0x0000451a       0x24 ./source/distance_sensor.o
 .text.HCSR04_Init
                0x0000453e       0x58 ./source/distance_sensor.o
                0x0000453e                HCSR04_Init
 .text.clampValueToRange
                0x00004596       0x32 ./source/draw.o
 .text.draw_top_border
                0x000045c8       0x2e ./source/draw.o
                0x000045c8                draw_top_border
 .text.draw_bottom_border
                0x000045f6       0x2e ./source/draw.o
                0x000045f6                draw_bottom_border
 .text.draw_side_borders
                0x00004624       0x32 ./source/draw.o
                0x00004624                draw_side_borders
 .text.draw_paddle
                0x00004656       0x58 ./source/draw.o
                0x00004656                draw_paddle
 .text.draw_ball
                0x000046ae       0x42 ./source/draw.o
                0x000046ae                draw_ball
 .text.verticalRangesOverlap
                0x000046f0       0x36 ./source/game_logic.o
                0x000046f0                verticalRangesOverlap
 .text.resetBallAfterPoint
                0x00004726       0x4e ./source/game_logic.o
                0x00004726                resetBallAfterPoint
 .text.delay_us
                0x00004774       0x20 ./source/lcd.o
 .text.delay_ms
                0x00004794       0x26 ./source/lcd.o
 .text.pcf8574_send_cmd
                0x000047ba       0x2c ./source/lcd.o
                0x000047ba                pcf8574_send_cmd
 .text.pcf8574_send_data
                0x000047e6       0x2c ./source/lcd.o
                0x000047e6                pcf8574_send_data
 .text.pcf8574_cursor
                0x00004812       0x38 ./source/lcd.o
                0x00004812                pcf8574_cursor
 .text.pcf8574_send_string
                0x0000484a       0x2e ./source/lcd.o
                0x0000484a                pcf8574_send_string
 .text.lcd_score_init
                0x00004878       0x24 ./source/lcd_score.o
                0x00004878                lcd_score_init
 .text.CLOCK_EnableClock
                0x0000489c       0x94 ./source/main.o
 .text.game_left_paddle_x
                0x00004930       0x10 ./source/main.o
 .text.game_right_paddle_x
                0x00004940       0x10 ./source/main.o
 .text.clampValueToRange
                0x00004950       0x32 ./source/main.o
 .text.setPage  0x00004982       0x28 ./source/oled.o
                0x00004982                setPage
 .text.setSeg   0x000049aa       0x3e ./source/oled.o
                0x000049aa                setSeg
 .text.fillOLED
                0x000049e8       0x5a ./source/oled.o
                0x000049e8                fillOLED
 .text.HardFault_Handler
                0x00004a42       0x36 ./source/semihost_hardfault.o
                0x00004a42                HardFault_Handler
 .text.CLOCK_GetPll0OutFreq
                0x00004a78       0x88 ./drivers/fsl_clock.o
                0x00004a78                CLOCK_GetPll0OutFreq
 .text.CLOCK_GetPll1OutFreq
                0x00004b00       0x82 ./drivers/fsl_clock.o
                0x00004b00                CLOCK_GetPll1OutFreq
 .text.CLOCK_GetPllClkDivFreq
                0x00004b82       0x5e ./drivers/fsl_clock.o
                0x00004b82                CLOCK_GetPllClkDivFreq
 .text.CLOCK_GetCoreSysClkFreq
                0x00004be0       0x2c ./drivers/fsl_clock.o
                0x00004be0                CLOCK_GetCoreSysClkFreq
 .text.CLOCK_GetSystickClkFreq
                0x00004c0c       0x74 ./drivers/fsl_clock.o
 .text.DelayLoop
                0x00004c80       0x20 ./drivers/fsl_common_arm.o
 .text.CLOCK_EnableClock
                0x00004ca0       0x94 ./drivers/fsl_gpio.o
 .text.CLOCK_DisableClock
                0x00004d34       0xb8 ./drivers/fsl_gpio.o
 .text.GPIO_PinWrite
                0x00004dec       0x36 ./drivers/fsl_gpio.o
 .text.CLOCK_EnableClock
                0x00004e22       0x94 ./drivers/fsl_lpflexcomm.o
 .text.LP_FLEXCOMM_PeripheralIsPresent
                0x00004eb6       0x52 ./drivers/fsl_lpflexcomm.o
 .text.LP_FLEXCOMM0_DriverIRQHandler
                0x00004f08        0xe ./drivers/fsl_lpflexcomm.o
                0x00004f08                LP_FLEXCOMM0_DriverIRQHandler
 .text.LP_FLEXCOMM1_DriverIRQHandler
                0x00004f16        0xe ./drivers/fsl_lpflexcomm.o
                0x00004f16                LP_FLEXCOMM1_DriverIRQHandler
 .text.LP_FLEXCOMM2_DriverIRQHandler
                0x00004f24        0xe ./drivers/fsl_lpflexcomm.o
                0x00004f24                LP_FLEXCOMM2_DriverIRQHandler
 .text.LP_FLEXCOMM3_DriverIRQHandler
                0x00004f32        0xe ./drivers/fsl_lpflexcomm.o
                0x00004f32                LP_FLEXCOMM3_DriverIRQHandler
 .text.LP_FLEXCOMM4_DriverIRQHandler
                0x00004f40        0xe ./drivers/fsl_lpflexcomm.o
                0x00004f40                LP_FLEXCOMM4_DriverIRQHandler
 .text.LP_FLEXCOMM5_DriverIRQHandler
                0x00004f4e        0xe ./drivers/fsl_lpflexcomm.o
                0x00004f4e                LP_FLEXCOMM5_DriverIRQHandler
 .text.LP_FLEXCOMM6_DriverIRQHandler
                0x00004f5c        0xe ./drivers/fsl_lpflexcomm.o
                0x00004f5c                LP_FLEXCOMM6_DriverIRQHandler
 .text.LP_FLEXCOMM7_DriverIRQHandler
                0x00004f6a        0xe ./drivers/fsl_lpflexcomm.o
                0x00004f6a                LP_FLEXCOMM7_DriverIRQHandler
 .text.LP_FLEXCOMM8_DriverIRQHandler
                0x00004f78        0xe ./drivers/fsl_lpflexcomm.o
                0x00004f78                LP_FLEXCOMM8_DriverIRQHandler
 .text.LP_FLEXCOMM9_DriverIRQHandler
                0x00004f86        0xe ./drivers/fsl_lpflexcomm.o
                0x00004f86                LP_FLEXCOMM9_DriverIRQHandler
 .text.CLOCK_EnableClock
                0x00004f94       0x94 ./drivers/fsl_lpi2c.o
 .text.LPI2C_MasterReset
                0x00005028       0x20 ./drivers/fsl_lpi2c.o
 .text.LPI2C_MasterEnable
                0x00005048       0x32 ./drivers/fsl_lpi2c.o
 .text.LPI2C_MasterGetStatusFlags
                0x0000507a       0x18 ./drivers/fsl_lpi2c.o
 .text.LPI2C_MasterClearStatusFlags
                0x00005092       0x1c ./drivers/fsl_lpi2c.o
 .text.LPI2C_MasterSetWatermarks
                0x000050ae       0x2c ./drivers/fsl_lpi2c.o
 .text.LPI2C_MasterGetFifoCounts
                0x000050da       0x3e ./drivers/fsl_lpi2c.o
 .text.LPI2C_MasterCheckAndClearError
                0x00005118       0x80 ./drivers/fsl_lpi2c.o
                0x00005118                LPI2C_MasterCheckAndClearError
 .text.LPI2C_MasterWaitForTxReady
                0x00005198       0x52 ./drivers/fsl_lpi2c.o
 .text.LPI2C_CheckForBusyBus
                0x000051ea       0x38 ./drivers/fsl_lpi2c.o
                0x000051ea                LPI2C_CheckForBusyBus
 .text.LPI2C_MasterStart
                0x00005222       0x5c ./drivers/fsl_lpi2c.o
                0x00005222                LPI2C_MasterStart
 .text.LPI2C_MasterStop
                0x0000527e       0x62 ./drivers/fsl_lpi2c.o
                0x0000527e                LPI2C_MasterStop
 .text.LPUART_SoftwareReset
                0x000052e0       0x2c ./drivers/fsl_lpuart.o
 .text.SPC_GetActiveModeBandgapMode
                0x0000530c       0x22 ./drivers/fsl_spc.o
 .text.SPC_GetActiveModeVoltageDetectStatus
                0x0000532e       0x22 ./drivers/fsl_spc.o
 .text.SPC_GetActiveModeCoreLDOVDDVoltageLevel
                0x00005350       0x22 ./drivers/fsl_spc.o
 .text.SPC_GetActiveModeCoreLDODriveStrength
                0x00005372       0x22 ./drivers/fsl_spc.o
 .text.SPC_SetActiveModeDCDCRegulatorVoltageLevel
                0x00005394       0x32 ./drivers/fsl_spc.o
 .text.SPC_SetActiveModeCoreLDORegulatorVoltageLevel
                0x000053c6       0x60 ./drivers/fsl_spc.o
                0x000053c6                SPC_SetActiveModeCoreLDORegulatorVoltageLevel
 .text.SPC_SetActiveModeCoreLDORegulatorDriveStrength
                0x00005426       0x5e ./drivers/fsl_spc.o
                0x00005426                SPC_SetActiveModeCoreLDORegulatorDriveStrength
 .text.SPC_SetActiveModeDCDCRegulatorDriveStrength
                0x00005484       0x48 ./drivers/fsl_spc.o
                0x00005484                SPC_SetActiveModeDCDCRegulatorDriveStrength
 .text.SystemInitHook
                0x000054cc        0xe ./device/system_MCXN947_cm33_core0.o
                0x000054cc                SystemInitHook
 .text.HAL_UartGetStatus
                0x000054da       0x28 ./component/uart/fsl_adapter_lpuart.o
 .text.CLOCK_EnableClock
                0x00005502       0x94 ./board/clock_config.o
 .text.BOARD_InitBootClocks
                0x00005596        0xc ./board/clock_config.o
                0x00005596                BOARD_InitBootClocks
 .text.CLOCK_EnableClock
                0x000055a2       0x94 ./board/pin_mux.o
 .text.PORT_SetPinMux
                0x00005636       0x3e ./board/pin_mux.o
 .text.BOARD_InitBootPins
                0x00005674       0x14 ./board/pin_mux.o
                0x00005674                BOARD_InitBootPins
 .text.Encoder_IO
                0x00005688        0xe ./board/pin_mux.o
                0x00005688                Encoder_IO
 .text.__main   0x00005696        0xe C:/nxp/MCUXpressoIDE_25.6.136/ide/plugins/com.nxp.mcuxpresso.tools.win32_25.6.0.202501151204/tools/bin/../lib/gcc/arm-none-eabi/14.2.1/../../../../arm-none-eabi/lib/thumb/v8-m.main+fp/hard\libcr_nohost_nf.a(_cr__main.o)
                0x00005696                __main
 .text.memset   0x000056a4        0x4 C:/nxp/MCUXpressoIDE_25.6.136/ide/plugins/com.nxp.mcuxpresso.tools.win32_25.6.0.202501151204/tools/bin/../lib/gcc/arm-none-eabi/14.2.1/../../../../arm-none-eabi/lib/thumb/v8-m.main+fp/hard\libcr_c.a(memset.o)
                0x000056a4                memset
 .text.free     0x000056a8       0x30 C:/nxp/MCUXpressoIDE_25.6.136/ide/plugins/com.nxp.mcuxpresso.tools.win32_25.6.0.202501151204/tools/bin/../lib/gcc/arm-none-eabi/14.2.1/../../../../arm-none-eabi/lib/thumb/v8-m.main+fp/hard\libcr_c.a(alloc.o)
                0x000056a8                free
 .text.setvbuf  0x000056d8       0x3e C:/nxp/MCUXpressoIDE_25.6.136/ide/plugins/com.nxp.mcuxpresso.tools.win32_25.6.0.202501151204/tools/bin/../lib/gcc/arm-none-eabi/14.2.1/../../../../arm-none-eabi/lib/thumb/v8-m.main+fp/hard\libcr_c.a(setvbuf.o)
                0x000056d8                setvbuf
 .text.strlen   0x00005716       0x4e C:/nxp/MCUXpressoIDE_25.6.136/ide/plugins/com.nxp.mcuxpresso.tools.win32_25.6.0.202501151204/tools/bin/../lib/gcc/arm-none-eabi/14.2.1/../../../../arm-none-eabi/lib/thumb/v8-m.main+fp/hard\libcr_c.a(strlen.o)
                0x00005716                strlen
 .text._deferredlazyseek
                0x00005764       0x40 C:/nxp/MCUXpressoIDE_25.6.136/ide/plugins/com.nxp.mcuxpresso.tools.win32_25.6.0.202501151204/tools/bin/../lib/gcc/arm-none-eabi/14.2.1/../../../../arm-none-eabi/lib/thumb/v8-m.main+fp/hard\libcr_c.a(_deferredlazyseek.o)
                0x00005764                _deferredlazyseek
 .text._fdopen  0x000057a4       0x68 C:/nxp/MCUXpressoIDE_25.6.136/ide/plugins/com.nxp.mcuxpresso.tools.win32_25.6.0.202501151204/tools/bin/../lib/gcc/arm-none-eabi/14.2.1/../../../../arm-none-eabi/lib/thumb/v8-m.main+fp/hard\libcr_c.a(_fdopen.o)
                0x000057a4                _fdopen
 .text._fflush  0x0000580c       0x52 C:/nxp/MCUXpressoIDE_25.6.136/ide/plugins/com.nxp.mcuxpresso.tools.win32_25.6.0.202501151204/tools/bin/../lib/gcc/arm-none-eabi/14.2.1/../../../../arm-none-eabi/lib/thumb/v8-m.main+fp/hard\libcr_c.a(_fflush.o)
                0x0000580c                _fflush
 .text.fclose   0x0000585e       0x58 C:/nxp/MCUXpressoIDE_25.6.136/ide/plugins/com.nxp.mcuxpresso.tools.win32_25.6.0.202501151204/tools/bin/../lib/gcc/arm-none-eabi/14.2.1/../../../../arm-none-eabi/lib/thumb/v8-m.main+fp/hard\libcr_c.a(fclose.o)
                0x0000585e                fclose
 .text.remove   0x000058b6       0x14 C:/nxp/MCUXpressoIDE_25.6.136/ide/plugins/com.nxp.mcuxpresso.tools.win32_25.6.0.202501151204/tools/bin/../lib/gcc/arm-none-eabi/14.2.1/../../../../arm-none-eabi/lib/thumb/v8-m.main+fp/hard\libcr_c.a(remove.o)
                0x000058b6                remove
 .text._do_fflush
                0x000058ca       0x40 C:/nxp/MCUXpressoIDE_25.6.136/ide/plugins/com.nxp.mcuxpresso.tools.win32_25.6.0.202501151204/tools/bin/../lib/gcc/arm-none-eabi/14.2.1/../../../../arm-none-eabi/lib/thumb/v8-m.main+fp/hard\libcr_c.a(_do_fflush.o)
                0x000058ca                _do_fflush
 .text.__aeabi_division_uldivmod
                0x0000590a      0x174 C:/nxp/MCUXpressoIDE_25.6.136/ide/plugins/com.nxp.mcuxpresso.tools.win32_25.6.0.202501151204/tools/bin/../lib/gcc/arm-none-eabi/14.2.1/thumb/v8-m.main+fp/hard\libcr_eabihelpers.a(division_64.o)
                0x0000590a                __aeabi_uldivmod
                0x0000590e                __bhs_ldivmod1
 .text.__aeabi_division_idiv0
                0x00005a7e        0x2 C:/nxp/MCUXpressoIDE_25.6.136/ide/plugins/com.nxp.mcuxpresso.tools.win32_25.6.0.202501151204/tools/bin/../lib/gcc/arm-none-eabi/14.2.1/thumb/v8-m.main+fp/hard\libcr_eabihelpers.a(division_idiv0.o)
                0x00005a7e                __aeabi_idiv0
 .text.__aeabi_f2ulz
                0x00005a80       0x3e C:/nxp/MCUXpressoIDE_25.6.136/ide/plugins/com.nxp.mcuxpresso.tools.win32_25.6.0.202501151204/tools/bin/../lib/gcc/arm-none-eabi/14.2.1/thumb/v8-m.main+fp/hard\libcr_eabihelpers.a(float.o)
                0x00005a80                __aeabi_f2ulz
 .text.__aeabi_memset_lowlevel
                0x00005abe       0x32 C:/nxp/MCUXpressoIDE_25.6.136/ide/plugins/com.nxp.mcuxpresso.tools.win32_25.6.0.202501151204/tools/bin/../lib/gcc/arm-none-eabi/14.2.1/thumb/v8-m.main+fp/hard\libcr_eabihelpers.a(memcpy.o)
                0x00005abe                __aeabi_lowlevel_memset
 .text.__sys_close
                0x00005af0        0x6 C:/nxp/MCUXpressoIDE_25.6.136/ide/plugins/com.nxp.mcuxpresso.tools.win32_25.6.0.202501151204/tools/bin/../lib/gcc/arm-none-eabi/14.2.1/../../../../arm-none-eabi/lib/thumb/v8-m.main+fp/hard\libcr_nohost_nf.a(__sys_close.o)
                0x00005af0                __sys_close
 .text.__sys_flen
                0x00005af6        0x6 C:/nxp/MCUXpressoIDE_25.6.136/ide/plugins/com.nxp.mcuxpresso.tools.win32_25.6.0.202501151204/tools/bin/../lib/gcc/arm-none-eabi/14.2.1/../../../../arm-none-eabi/lib/thumb/v8-m.main+fp/hard\libcr_nohost_nf.a(__sys_flen.o)
                0x00005af6                __sys_flen
 .text.__sys_istty
                0x00005afc        0x6 C:/nxp/MCUXpressoIDE_25.6.136/ide/plugins/com.nxp.mcuxpresso.tools.win32_25.6.0.202501151204/tools/bin/../lib/gcc/arm-none-eabi/14.2.1/../../../../arm-none-eabi/lib/thumb/v8-m.main+fp/hard\libcr_nohost_nf.a(__sys_istty.o)
                0x00005afc                __sys_istty
 .text.__sys_remove
                0x00005b02        0x6 C:/nxp/MCUXpressoIDE_25.6.136/ide/plugins/com.nxp.mcuxpresso.tools.win32_25.6.0.202501151204/tools/bin/../lib/gcc/arm-none-eabi/14.2.1/../../../../arm-none-eabi/lib/thumb/v8-m.main+fp/hard\libcr_nohost_nf.a(__sys_remove.o)
                0x00005b02                __sys_remove
 .text.__sys_seek
                0x00005b08        0x6 C:/nxp/MCUXpressoIDE_25.6.136/ide/plugins/com.nxp.mcuxpresso.tools.win32_25.6.0.202501151204/tools/bin/../lib/gcc/arm-none-eabi/14.2.1/../../../../arm-none-eabi/lib/thumb/v8-m.main+fp/hard\libcr_nohost_nf.a(__sys_seek.o)
                0x00005b08                __sys_seek
 .text.__sys_tmpnam
                0x00005b0e        0x6 C:/nxp/MCUXpressoIDE_25.6.136/ide/plugins/com.nxp.mcuxpresso.tools.win32_25.6.0.202501151204/tools/bin/../lib/gcc/arm-none-eabi/14.2.1/../../../../arm-none-eabi/lib/thumb/v8-m.main+fp/hard\libcr_nohost_nf.a(__sys_tmpnam.o)
                0x00005b0e                __sys_tmpnam
 .text.__sys_write
                0x00005b14        0x4 C:/nxp/MCUXpressoIDE_25.6.136/ide/plugins/com.nxp.mcuxpresso.tools.win32_25.6.0.202501151204/tools/bin/../lib/gcc/arm-none-eabi/14.2.1/../../../../arm-none-eabi/lib/thumb/v8-m.main+fp/hard\libcr_nohost_nf.a(__sys_write.o)
                0x00005b14                __sys_write
 *(SORT_BY_ALIGNMENT(.rodata) SORT_BY_ALIGNMENT(.rodata.*) SORT_BY_ALIGNMENT(.constdata) SORT_BY_ALIGNMENT(.constdata.*))
 .rodata.__assertion_failed.str1.4
                0x00005b18      0x779 ./utilities/fsl_assert.o
                                 0x14 (size before relaxing)
 .rodata.lcd_show_score.str1.4
                0x00006291       0x13 ./source/lcd_score.o
 .rodata.main.str1.4
                0x00006291       0x28 ./source/main.o
 *fill*         0x00006291        0x3 ff
 .rodata        0x00006294       0x10 ./source/main.o
 .rodata        0x000062a4       0x18 ./source/oled.o
 .rodata.SDK_DelayAtLeastUs.str1.4
                0x000062bc       0x2b ./drivers/fsl_common_arm.o
 .rodata.s_gpioBases
                0x000062bc       0x30 ./drivers/fsl_gpio.o
 .rodata.s_gpioClockName
                0x000062ec        0xc ./drivers/fsl_gpio.o
 .rodata.GPIO_GetInstance.str1.4
                0x000062f8       0x34 ./drivers/fsl_gpio.o
 .rodata.GPIO_PortClockEnable.str1.4
                0x000062f8       0x38 ./drivers/fsl_gpio.o
 .rodata.GPIO_PinInit.str1.4
                0x000062f8       0x20 ./drivers/fsl_gpio.o
 .rodata.s_lpflexcommBaseAddrs
                0x000062f8       0x28 ./drivers/fsl_lpflexcomm.o
 .rodata.s_lpflexcommBase
                0x00006320       0x28 ./drivers/fsl_lpflexcomm.o
 .rodata.s_lpflexcommClocks
                0x00006348       0x14 ./drivers/fsl_lpflexcomm.o
 .rodata.s_lpflexcommResets
                0x0000635c       0x28 ./drivers/fsl_lpflexcomm.o
 .rodata.LP_FLEXCOMM_SetPeriph.str1.4
                0x00006384       0x43 ./drivers/fsl_lpflexcomm.o
 .rodata.LP_FLEXCOMM_Init.str1.4
                0x00006384       0x49 ./drivers/fsl_lpflexcomm.o
 .rodata.kLpi2cBases
                0x00006384       0x28 ./drivers/fsl_lpi2c.o
 .rodata.kLpi2cClocks
                0x000063ac       0x14 ./drivers/fsl_lpi2c.o
 .rodata.LPI2C_GetInstance.str1.4
                0x000063c0       0x35 ./drivers/fsl_lpi2c.o
 .rodata.LPI2C_GetCyclesForWidth.str1.4
                0x000063c0       0x26 ./drivers/fsl_lpi2c.o
 .rodata.LPI2C_MasterInit.str1.4
                0x000063c0       0x18 ./drivers/fsl_lpi2c.o
 .rodata.LPI2C_MasterReceive.str1.4
                0x000063c0       0x21 ./drivers/fsl_lpi2c.o
 .rodata.LPI2C_MasterSend.str1.4
                0x000063c0       0x21 ./drivers/fsl_lpi2c.o
 .rodata.LPI2C_MasterTransferBlocking.str1.4
                0x000063c0       0x6f ./drivers/fsl_lpi2c.o
 .rodata.s_lpuartBases
                0x000063c0       0x28 ./drivers/fsl_lpuart.o
 .rodata.LPUART_GetInstance.str1.4
                0x000063e8       0x38 ./drivers/fsl_lpuart.o
 .rodata.LPUART_Init.str1.4
                0x000063e8      0x10a ./drivers/fsl_lpuart.o
 .rodata.LPUART_GetDefaultConfig.str1.4
                0x000063e8       0x22 ./drivers/fsl_lpuart.o
 .rodata.LPUART_WriteBlocking.str1.4
                0x000063e8       0x21 ./drivers/fsl_lpuart.o
 .rodata.LPUART_ReadBlocking.str1.4
                0x000063e8       0x21 ./drivers/fsl_lpuart.o
 .rodata.RESET_ClearPeripheralReset.str1.4
                0x000063e8       0x1e ./drivers/fsl_reset.o
 .rodata.SPC_SetSRAMOperateVoltage.str1.4
                0x000063e8       0x1f ./drivers/fsl_spc.o
 .rodata.SPC_SetActiveModeCoreLDORegulatorConfig.str1.4
                0x000063e8       0x1f ./drivers/fsl_spc.o
 .rodata.SPC_SetActiveModeDCDCRegulatorConfig.str1.4
                0x000063e8       0x20 ./drivers/fsl_spc.o
 .rodata.s_LpuartAdapterBase
                0x000063e8       0x28 ./component/uart/fsl_adapter_lpuart.o
 .rodata.HAL_UartInit.str1.4
                0x00006410      0x116 ./component/uart/fsl_adapter_lpuart.o
 .rodata.HAL_UartReceiveBlocking.str1.4
                0x00006410       0x7b ./component/uart/fsl_adapter_lpuart.o
 .rodata.HAL_UartSendBlocking.str1.4
                0x00006410       0x7b ./component/uart/fsl_adapter_lpuart.o
 .rodata        0x00006410       0x22 ./board/clock_config.o
 .rodata.PORT_SetPinConfig.str1.4
                0x00006432       0x6d ./board/pin_mux.o
 *fill*         0x00006432        0x2 ff
 .rodata.__num_Ciob_streams
                0x00006434        0x4 C:/nxp/MCUXpressoIDE_25.6.136/ide/plugins/com.nxp.mcuxpresso.tools.win32_25.6.0.202501151204/tools/bin/../lib/gcc/arm-none-eabi/14.2.1/../../../../arm-none-eabi/lib/thumb/v8-m.main+fp/hard\libcr_nohost_nf.a(__ciob.o)
                0x00006434                __num_Ciob_streams
 .rodata._initio.str1.1
                0x00006438        0x4 C:/nxp/MCUXpressoIDE_25.6.136/ide/plugins/com.nxp.mcuxpresso.tools.win32_25.6.0.202501151204/tools/bin/../lib/gcc/arm-none-eabi/14.2.1/../../../../arm-none-eabi/lib/thumb/v8-m.main+fp/hard\libcr_c.a(initio.o)
                0x0000643c                        . = ALIGN (0x4)

.glue_7         0x0000643c        0x0
 .glue_7        0x0000643c        0x0 linker stubs

.glue_7t        0x0000643c        0x0
 .glue_7t       0x0000643c        0x0 linker stubs

.vfp11_veneer   0x0000643c        0x0
 .vfp11_veneer  0x0000643c        0x0 linker stubs

.v4_bx          0x0000643c        0x0
 .v4_bx         0x0000643c        0x0 linker stubs

.iplt           0x0000643c        0x0
 .iplt          0x0000643c        0x0 ./utilities/debug_console_lite/fsl_debug_console.o

.rel.dyn        0x0000643c        0x0
 .rel.iplt      0x0000643c        0x0 ./utilities/debug_console_lite/fsl_debug_console.o

.ARM.extab
 *(SORT_BY_ALIGNMENT(.ARM.extab*) SORT_BY_ALIGNMENT(.gnu.linkonce.armextab.*))

.ARM.exidx      0x0000643c        0x0
                0x0000643c                        __exidx_start = .
 *(SORT_BY_ALIGNMENT(.ARM.exidx*) SORT_BY_ALIGNMENT(.gnu.linkonce.armexidx.*))
                0x0000643c                        __exidx_end = .
                0x0000643c                        _etext = .

.m_usb_data
 *(SORT_BY_ALIGNMENT(m_usb_global))

.data_RAM2      0x04000000        0x0 load address 0x0000643c
 FILL mask 0xff
                [!provide]                        PROVIDE (__start_data_RAM2 = .)
                [!provide]                        PROVIDE (__start_data_SRAMX = .)
 *(SORT_BY_ALIGNMENT(.ramfunc.$RAM2))
 *(SORT_BY_ALIGNMENT(.ramfunc.$SRAMX))
 *(SORT_BY_ALIGNMENT(.data.$RAM2))
 *(SORT_BY_ALIGNMENT(.data.$SRAMX))
 *(SORT_BY_ALIGNMENT(.data.$RAM2.*))
 *(SORT_BY_ALIGNMENT(.data.$SRAMX.*))
                0x04000000                        . = ALIGN (0x4)
                [!provide]                        PROVIDE (__end_data_RAM2 = .)
                [!provide]                        PROVIDE (__end_data_SRAMX = .)

.data_RAM3      0x20060000        0x0 load address 0x0000643c
 FILL mask 0xff
                [!provide]                        PROVIDE (__start_data_RAM3 = .)
                [!provide]                        PROVIDE (__start_data_SRAMH = .)
 *(SORT_BY_ALIGNMENT(.ramfunc.$RAM3))
 *(SORT_BY_ALIGNMENT(.ramfunc.$SRAMH))
 *(SORT_BY_ALIGNMENT(.data.$RAM3))
 *(SORT_BY_ALIGNMENT(.data.$SRAMH))
 *(SORT_BY_ALIGNMENT(.data.$RAM3.*))
 *(SORT_BY_ALIGNMENT(.data.$SRAMH.*))
                0x20060000                        . = ALIGN (0x4)
                [!provide]                        PROVIDE (__end_data_RAM3 = .)
                [!provide]                        PROVIDE (__end_data_SRAMH = .)

.data_RAM4      0x400ba000        0x0 load address 0x0000643c
 FILL mask 0xff
                [!provide]                        PROVIDE (__start_data_RAM4 = .)
                [!provide]                        PROVIDE (__start_data_USB_RAM = .)
 *(SORT_BY_ALIGNMENT(.ramfunc.$RAM4))
 *(SORT_BY_ALIGNMENT(.ramfunc.$USB_RAM))
 *(SORT_BY_ALIGNMENT(.data.$RAM4))
 *(SORT_BY_ALIGNMENT(.data.$USB_RAM))
 *(SORT_BY_ALIGNMENT(.data.$RAM4.*))
 *(SORT_BY_ALIGNMENT(.data.$USB_RAM.*))
                0x400ba000                        . = ALIGN (0x4)
                [!provide]                        PROVIDE (__end_data_RAM4 = .)
                [!provide]                        PROVIDE (__end_data_USB_RAM = .)

.uninit_RESERVED
                0x20000000        0x0
                0x20000000                        _start_uninit_RESERVED = .
 *(SORT_BY_ALIGNMENT(.bss.$RESERVED*))
                0x20000000                        . = ALIGN (0x4)
                0x20000000                        _end_uninit_RESERVED = .

.data           0x20000000       0x14 load address 0x0000643c
 FILL mask 0xff
                0x20000000                        _data = .
                [!provide]                        PROVIDE (__start_data_RAM = .)
                [!provide]                        PROVIDE (__start_data_SRAM = .)
 *(SORT_BY_ALIGNMENT(vtable))
 *(SORT_BY_ALIGNMENT(.ramfunc*))
 *(SORT_BY_ALIGNMENT(CodeQuickAccess))
 *(SORT_BY_ALIGNMENT(DataQuickAccess))
 *(SORT_BY_ALIGNMENT(RamFunction))
 *(SORT_BY_ALIGNMENT(.data*))
 .data.rngState
                0x20000000        0x4 ./source/main.o
 .data.s_Ext_Clk_Freq
                0x20000004        0x4 ./drivers/fsl_clock.o
 .data.s_Xtal32_Freq
                0x20000008        0x4 ./drivers/fsl_clock.o
 .data.SystemCoreClock
                0x2000000c        0x4 ./device/system_MCXN947_cm33_core0.o
                0x2000000c                SystemCoreClock
 .data.s_backlight_on
                0x20000010        0x1 ./source/lcd.o
                0x20000014                        . = ALIGN (0x4)
 *fill*         0x20000011        0x3 ff
                0x20000014                        _edata = .
                [!provide]                        PROVIDE (__end_data_RAM = .)
                [!provide]                        PROVIDE (__end_data_SRAM = .)

.igot.plt       0x20000014        0x0 load address 0x00006450
 .igot.plt      0x20000014        0x0 ./utilities/debug_console_lite/fsl_debug_console.o

.bss_RAM2       0x04000000        0x0
                [!provide]                        PROVIDE (__start_bss_RAM2 = .)
                [!provide]                        PROVIDE (__start_bss_SRAMX = .)
 *(SORT_BY_ALIGNMENT(.bss.$RAM2))
 *(SORT_BY_ALIGNMENT(.bss.$SRAMX))
 *(SORT_BY_ALIGNMENT(.bss.$RAM2.*))
 *(SORT_BY_ALIGNMENT(.bss.$SRAMX.*))
                0x04000000                        . = ALIGN ((. != 0x0)?0x4:0x1)
                [!provide]                        PROVIDE (__end_bss_RAM2 = .)
                [!provide]                        PROVIDE (__end_bss_SRAMX = .)

.bss_RAM3       0x20060000        0x0
                [!provide]                        PROVIDE (__start_bss_RAM3 = .)
                [!provide]                        PROVIDE (__start_bss_SRAMH = .)
 *(SORT_BY_ALIGNMENT(.bss.$RAM3))
 *(SORT_BY_ALIGNMENT(.bss.$SRAMH))
 *(SORT_BY_ALIGNMENT(.bss.$RAM3.*))
 *(SORT_BY_ALIGNMENT(.bss.$SRAMH.*))
                0x20060000                        . = ALIGN ((. != 0x0)?0x4:0x1)
                [!provide]                        PROVIDE (__end_bss_RAM3 = .)
                [!provide]                        PROVIDE (__end_bss_SRAMH = .)

.bss_RAM4       0x400ba000        0x0
                [!provide]                        PROVIDE (__start_bss_RAM4 = .)
                [!provide]                        PROVIDE (__start_bss_USB_RAM = .)
 *(SORT_BY_ALIGNMENT(.bss.$RAM4))
 *(SORT_BY_ALIGNMENT(.bss.$USB_RAM))
 *(SORT_BY_ALIGNMENT(.bss.$RAM4.*))
 *(SORT_BY_ALIGNMENT(.bss.$USB_RAM.*))
                0x400ba000                        . = ALIGN ((. != 0x0)?0x4:0x1)
                [!provide]                        PROVIDE (__end_bss_RAM4 = .)
                [!provide]                        PROVIDE (__end_bss_USB_RAM = .)

.bss            0x20000014      0x61c
                0x20000014                        _bss = .
                [!provide]                        PROVIDE (__start_bss_RAM = .)
                [!provide]                        PROVIDE (__start_bss_SRAM = .)
 *(SORT_BY_ALIGNMENT(.bss*))
 .bss.s_debugConsole
                0x20000014       0x14 ./utilities/debug_console_lite/fsl_debug_console.o
 .bss.s_frameBuffer
                0x20000028      0x400 ./source/framebuffer.o
 .bss.sensorFrameCounter.1
                0x20000428        0x4 ./source/main.o
 .bss.debugCounter.0
                0x2000042c        0x4 ./source/main.o
 .bss.currCharLoc
                0x20000430        0x2 ./source/oled.o
                0x20000430                currCharLoc
 *fill*         0x20000432        0x2 
 .bss.s_lpflexcommIrqHandler
                0x20000434       0xa0 ./drivers/fsl_lpflexcomm.o
 .bss.s_lpflexcommHandle
                0x200004d4       0xa0 ./drivers/fsl_lpflexcomm.o
 .bss.errno     0x20000574        0x4 C:/nxp/MCUXpressoIDE_25.6.136/ide/plugins/com.nxp.mcuxpresso.tools.win32_25.6.0.202501151204/tools/bin/../lib/gcc/arm-none-eabi/14.2.1/../../../../arm-none-eabi/lib/thumb/v8-m.main+fp/hard\libcr_c.a(errno.o)
                0x20000574                errno
 .bss.__Ciob    0x20000578       0xb4 C:/nxp/MCUXpressoIDE_25.6.136/ide/plugins/com.nxp.mcuxpresso.tools.win32_25.6.0.202501151204/tools/bin/../lib/gcc/arm-none-eabi/14.2.1/../../../../arm-none-eabi/lib/thumb/v8-m.main+fp/hard\libcr_nohost_nf.a(__ciob.o)
                0x20000578                __Ciob
 .bss.s_initialised
                0x2000062c        0x1 ./source/i2c_bus.o
 .bss.s_shadow  0x2000062d        0x1 ./source/lcd.o
 *(SORT_BY_ALIGNMENT(COMMON))
                0x20000630                        . = ALIGN (0x4)
 *fill*         0x2000062e        0x2 
                0x20000630                        _ebss = .
                [!provide]                        PROVIDE (__end_bss_RAM = .)
                [!provide]                        PROVIDE (__end_bss_SRAM = .)
                [!provide]                        PROVIDE (end = .)

.noinit_RAM2    0x04000000        0x0
                [!provide]                        PROVIDE (__start_noinit_RAM2 = .)
                [!provide]                        PROVIDE (__start_noinit_SRAMX = .)
 *(SORT_BY_ALIGNMENT(.noinit.$RAM2))
 *(SORT_BY_ALIGNMENT(.noinit.$SRAMX))
 *(SORT_BY_ALIGNMENT(.noinit.$RAM2.*))
 *(SORT_BY_ALIGNMENT(.noinit.$SRAMX.*))
                0x04000000                        . = ALIGN (0x4)
                [!provide]                        PROVIDE (__end_noinit_RAM2 = .)
                [!provide]                        PROVIDE (__end_noinit_SRAMX = .)

.noinit_RAM3    0x20060000        0x0
                [!provide]                        PROVIDE (__start_noinit_RAM3 = .)
                [!provide]                        PROVIDE (__start_noinit_SRAMH = .)
 *(SORT_BY_ALIGNMENT(.noinit.$RAM3))
 *(SORT_BY_ALIGNMENT(.noinit.$SRAMH))
 *(SORT_BY_ALIGNMENT(.noinit.$RAM3.*))
 *(SORT_BY_ALIGNMENT(.noinit.$SRAMH.*))
                0x20060000                        . = ALIGN (0x4)
                [!provide]                        PROVIDE (__end_noinit_RAM3 = .)
                [!provide]                        PROVIDE (__end_noinit_SRAMH = .)

.noinit_RAM4    0x400ba000        0x0
                [!provide]                        PROVIDE (__start_noinit_RAM4 = .)
                [!provide]                        PROVIDE (__start_noinit_USB_RAM = .)
 *(SORT_BY_ALIGNMENT(.noinit.$RAM4))
 *(SORT_BY_ALIGNMENT(.noinit.$USB_RAM))
 *(SORT_BY_ALIGNMENT(.noinit.$RAM4.*))
 *(SORT_BY_ALIGNMENT(.noinit.$USB_RAM.*))
                0x400ba000                        . = ALIGN (0x4)
                [!provide]                        PROVIDE (__end_noinit_RAM4 = .)
                [!provide]                        PROVIDE (__end_noinit_USB_RAM = .)

.noinit         0x20000630        0x0
                0x20000630                        _noinit = .
                [!provide]                        PROVIDE (__start_noinit_RAM = .)
                [!provide]                        PROVIDE (__start_noinit_SRAM = .)
 *(SORT_BY_ALIGNMENT(.noinit*))
                0x20000630                        . = ALIGN (0x4)
                0x20000630                        _end_noinit = .
                [!provide]                        PROVIDE (__end_noinit_RAM = .)
                [!provide]                        PROVIDE (__end_noinit_SRAM = .)
                0x00001000                        _HeapSize = 0x1000

.heap           0x20000630     0x1000
                0x20000630                        _pvHeapStart = .
                0x20001630                        . = (. + _HeapSize)
 *fill*         0x20000630     0x1000 
                0x20001630                        . = ALIGN (0x4)
                0x20001630                        _pvHeapLimit = .
                0x00001000                        _StackSize = 0x1000

.heap2stackfill
                0x20001630     0x1000
                0x20002630                        . = (. + _StackSize)
 *fill*         0x20001630     0x1000 

.stack          0x2005f000        0x0
                0x2005f000                        _vStackBase = .
                0x2005f000                        . = ALIGN (0x4)
                0x20060000                        _vStackTop = (. + _StackSize)
                0x00000000                        _image_start = LOADADDR (.text)
                0x00006450                        _image_end = (LOADADDR (.data) + SIZEOF (.data))
                0x00006450                        _image_size = (_image_end - _image_start)
OUTPUT(frdmmcxn947_hello_world_cm33_core0.axf elf32-littlearm)
LOAD linker stubs

.debug_info     0x00000000    0x2685e
 .debug_info    0x00000000      0xd1e ./utilities/debug_console_lite/fsl_debug_console.o
 .debug_info    0x00000d1e      0x1c9 ./utilities/fsl_assert.o
 .debug_info    0x00000ee7       0x24 ./utilities/fsl_memcpy.o
 .debug_info    0x00000f0b     0x14b6 ./startup/startup_mcxn947_cm33_core0.o
 .debug_info    0x000023c1      0x51e ./source/distance_sensor.o
 .debug_info    0x000028df      0x217 ./source/draw.o
 .debug_info    0x00002af6      0x509 ./source/framebuffer.o
 .debug_info    0x00002fff      0x13f ./source/game_logic.o
 .debug_info    0x0000313e      0x90a ./source/i2c_bus.o
 .debug_info    0x00003a48      0xbb1 ./source/lcd.o
 .debug_info    0x000045f9      0x251 ./source/lcd_score.o
 .debug_info    0x0000484a     0x1de2 ./source/main.o
 .debug_info    0x0000662c      0xb9d ./source/oled.o
 .debug_info    0x000071c9       0x3c ./source/semihost_hardfault.o
 .debug_info    0x00007205     0x5211 ./drivers/fsl_clock.o
 .debug_info    0x0000c416      0x38b ./drivers/fsl_common_arm.o
 .debug_info    0x0000c7a1     0x1c50 ./drivers/fsl_gpio.o
 .debug_info    0x0000e3f1     0x238b ./drivers/fsl_lpflexcomm.o
 .debug_info    0x0001077c     0x3d34 ./drivers/fsl_lpi2c.o
 .debug_info    0x000144b0     0x241e ./drivers/fsl_lpuart.o
 .debug_info    0x000168ce     0x12e6 ./drivers/fsl_reset.o
 .debug_info    0x00017bb4     0x1a73 ./drivers/fsl_spc.o
 .debug_info    0x00019627     0x1970 ./device/system_MCXN947_cm33_core0.o
 .debug_info    0x0001af97      0xe77 ./component/uart/fsl_adapter_lpuart.o
 .debug_info    0x0001be0e     0x12e0 ./board/board.o
 .debug_info    0x0001d0ee     0x2b30 ./board/clock_config.o
 .debug_info    0x0001fc1e      0xdb5 ./board/hardware_init.o
 .debug_info    0x000209d3     0x19db ./board/pin_mux.o
 .debug_info    0x000223ae       0x85 C:/nxp/MCUXpressoIDE_25.6.136/ide/plugins/com.nxp.mcuxpresso.tools.win32_25.6.0.202501151204/tools/bin/../lib/gcc/arm-none-eabi/14.2.1/../../../../arm-none-eabi/lib/thumb/v8-m.main+fp/hard\libcr_nohost_nf.a(_cr__main.o)
 .debug_info    0x00022433       0xfc C:/nxp/MCUXpressoIDE_25.6.136/ide/plugins/com.nxp.mcuxpresso.tools.win32_25.6.0.202501151204/tools/bin/../lib/gcc/arm-none-eabi/14.2.1/../../../../arm-none-eabi/lib/thumb/v8-m.main+fp/hard\libcr_c.a(memset.o)
 .debug_info    0x0002252f      0x520 C:/nxp/MCUXpressoIDE_25.6.136/ide/plugins/com.nxp.mcuxpresso.tools.win32_25.6.0.202501151204/tools/bin/../lib/gcc/arm-none-eabi/14.2.1/../../../../arm-none-eabi/lib/thumb/v8-m.main+fp/hard\libcr_c.a(alloc.o)
 .debug_info    0x00022a4f       0x44 C:/nxp/MCUXpressoIDE_25.6.136/ide/plugins/com.nxp.mcuxpresso.tools.win32_25.6.0.202501151204/tools/bin/../lib/gcc/arm-none-eabi/14.2.1/../../../../arm-none-eabi/lib/thumb/v8-m.main+fp/hard\libcr_c.a(errno.o)
 .debug_info    0x00022a93      0x339 C:/nxp/MCUXpressoIDE_25.6.136/ide/plugins/com.nxp.mcuxpresso.tools.win32_25.6.0.202501151204/tools/bin/../lib/gcc/arm-none-eabi/14.2.1/../../../../arm-none-eabi/lib/thumb/v8-m.main+fp/hard\libcr_c.a(initio.o)
 .debug_info    0x00022dcc      0x1fd C:/nxp/MCUXpressoIDE_25.6.136/ide/plugins/com.nxp.mcuxpresso.tools.win32_25.6.0.202501151204/tools/bin/../lib/gcc/arm-none-eabi/14.2.1/../../../../arm-none-eabi/lib/thumb/v8-m.main+fp/hard\libcr_c.a(setvbuf.o)
 .debug_info    0x00022fc9       0xe1 C:/nxp/MCUXpressoIDE_25.6.136/ide/plugins/com.nxp.mcuxpresso.tools.win32_25.6.0.202501151204/tools/bin/../lib/gcc/arm-none-eabi/14.2.1/../../../../arm-none-eabi/lib/thumb/v8-m.main+fp/hard\libcr_c.a(strlen.o)