C:\Users\adamh\OneDrive\Documents\PROJECT\frdmmcxn947_hello_world_cm33_core0\drivers/fsl_clock.h:1492:20:CLOCK_EnableClock	24	static
C:\Users\adamh\OneDrive\Documents\PROJECT\frdmmcxn947_hello_world_cm33_core0\drivers/fsl_port.h:463:20:PORT_SetPinMux	24	static
C:\Users\adamh\OneDrive\Documents\PROJECT\frdmmcxn947_hello_world_cm33_core0\drivers/fsl_gpio.h:427:24:GPIO_PinRead	16	static
../source/game_config.h:18:23:game_left_paddle_x	4	static
../source/game_config.h:19:23:game_right_paddle_x	4	static
../source/main.c:81:17:rngNext	4	static
../source/main.c:87:12:clampValueToRange	24	static
../source/main.c:100:13:updateAiPaddle	32	static
../source/main.c:120:13:adjustBallAngleFromPaddleHit	32	static
../source/main.c:140:12:mapDistanceCmToPaddleY	40	static
../source/main.c:162:17:applyPotSensitivityGain	32	static
../source/main.c:172:12:mapPotentiometerTopaddleY	32	static
../source/main.c:189:13:initCycleCounter	4	static
../source/main.c:199:17:cyclesToUs	64	static
../source/main.c:203:5:main	224	static
