../source/oled.c:361:20:oledDelay	16	static
../source/oled.c:372:6:sendOLED	16	static
../source/oled.c:383:6:setPage	24	static
../source/oled.c:389:6:setSeg	24	static
../source/oled.c:406:6:fillOLED	152	static
../source/oled.c:419:6:fillPage	144	static
../source/oled.c:431:6:scrollOLED	24	static
../source/oled.c:440:6:initOLED	40	static
../source/oled.c:478:6:writeChar	16	static
../source/oled.c:484:6:lineWrap	8	static
../source/oled.c:497:6:printfOLED	80	static
../source/oled.c:525:6:resetOLED	8	static
